<!doctype html public "-//w3c//dtd html 4.0 transitional//en">
<html><head>
<title>Static Call Graph - [.\Objects\OOP_Ruisa.axf]</title></head>
<body><HR>
<H1>Static Call Graph for image .\Objects\OOP_Ruisa.axf</H1><HR>
<BR><P>#&#060CALLGRAPH&#062# ARM Linker, 6230001: Last Updated: Fri Mar 20 12:28:27 2026
<BR><P>
<H3>Maximum Stack Usage =        352 bytes + Unknown(Cycles, Untraceable Function Pointers)</H3><H3>
Call chain for Maximum Stack Depth:</H3>
Reset_Handler &rArr; main &rArr; hal_entry &rArr; __0sscanf &rArr; __vfscanf_char &rArr; __vfscanf &rArr; _scanf_real
<P>
<H3>
Mutually Recursive functions
</H3> <LI><a href="#[4e]">bsp_prv_software_delay_loop</a>&nbsp;&nbsp;&nbsp;&rArr;&nbsp;&nbsp;&nbsp;<a href="#[4e]">bsp_prv_software_delay_loop</a><BR>
</UL>
<P>
<H3>
Function Pointers
</H3><UL>
 <LI><a href="#[4]">BusFault_Handler</a> from startup.o(.text.Default_Handler) referenced from startup.o(.fixed_vectors)
 <LI><a href="#[8]">DebugMon_Handler</a> from startup.o(.text.Default_Handler) referenced from startup.o(.fixed_vectors)
 <LI><a href="#[2]">HardFault_Handler</a> from startup.o(.text.Default_Handler) referenced from startup.o(.fixed_vectors)
 <LI><a href="#[3]">MemManage_Handler</a> from startup.o(.text.Default_Handler) referenced from startup.o(.fixed_vectors)
 <LI><a href="#[1]">NMI_Handler</a> from bsp_group_irq.o(.text.NMI_Handler) referenced from startup.o(.fixed_vectors)
 <LI><a href="#[9]">PendSV_Handler</a> from startup.o(.text.Default_Handler) referenced from startup.o(.fixed_vectors)
 <LI><a href="#[1a]">R_SCI_I2C_Abort</a> from r_sci_i2c.o(.text.R_SCI_I2C_Abort) referenced from r_sci_i2c.o(.rodata.g_i2c_master_on_sci)
 <LI><a href="#[1c]">R_SCI_I2C_CallbackSet</a> from r_sci_i2c.o(.text.R_SCI_I2C_CallbackSet) referenced from r_sci_i2c.o(.rodata.g_i2c_master_on_sci)
 <LI><a href="#[1e]">R_SCI_I2C_Close</a> from r_sci_i2c.o(.text.R_SCI_I2C_Close) referenced from r_sci_i2c.o(.rodata.g_i2c_master_on_sci)
 <LI><a href="#[17]">R_SCI_I2C_Open</a> from r_sci_i2c.o(.text.R_SCI_I2C_Open) referenced from r_sci_i2c.o(.rodata.g_i2c_master_on_sci)
 <LI><a href="#[18]">R_SCI_I2C_Read</a> from r_sci_i2c.o(.text.R_SCI_I2C_Read) referenced from r_sci_i2c.o(.rodata.g_i2c_master_on_sci)
 <LI><a href="#[1b]">R_SCI_I2C_SlaveAddressSet</a> from r_sci_i2c.o(.text.R_SCI_I2C_SlaveAddressSet) referenced from r_sci_i2c.o(.rodata.g_i2c_master_on_sci)
 <LI><a href="#[1d]">R_SCI_I2C_StatusGet</a> from r_sci_i2c.o(.text.R_SCI_I2C_StatusGet) referenced from r_sci_i2c.o(.rodata.g_i2c_master_on_sci)
 <LI><a href="#[19]">R_SCI_I2C_Write</a> from r_sci_i2c.o(.text.R_SCI_I2C_Write) referenced from r_sci_i2c.o(.rodata.g_i2c_master_on_sci)
 <LI><a href="#[0]">Reset_Handler</a> from startup.o(.text.Reset_Handler) referenced from startup.o(.fixed_vectors)
 <LI><a href="#[7]">SVC_Handler</a> from startup.o(.text.Default_Handler) referenced from startup.o(.fixed_vectors)
 <LI><a href="#[6]">SecureFault_Handler</a> from startup.o(.text.Default_Handler) referenced from startup.o(.fixed_vectors)
 <LI><a href="#[a]">SysTick_Handler</a> from startup.o(.text.Default_Handler) referenced from startup.o(.fixed_vectors)
 <LI><a href="#[5]">UsageFault_Handler</a> from startup.o(.text.Default_Handler) referenced from startup.o(.fixed_vectors)
 <LI><a href="#[12]">_sbackspace</a> from _sgetc.o(.text) referenced from __0sscanf.o(.text)
 <LI><a href="#[13]">_scanf_char_input</a> from scanf_char.o(.text) referenced from scanf_char.o(.text)
 <LI><a href="#[11]">_sgetc</a> from _sgetc.o(.text) referenced from __0sscanf.o(.text)
 <LI><a href="#[15]">_snputc</a> from printfa.o(i._snputc) referenced from printfa.o(i.__0snprintf)
 <LI><a href="#[15]">_snputc</a> from printfa.o(i._snputc) referenced from printfa.o(i.__0vsnprintf)
 <LI><a href="#[14]">isspace</a> from isspace_c.o(.text) referenced from scanf_char.o(.text)
 <LI><a href="#[16]">sci_i2c_master_callback</a> from hal_entry_1.o(.text.sci_i2c_master_callback) referenced from hal_data.o(.rodata.g_i2c5_cfg)
 <LI><a href="#[10]">sci_i2c_tei_isr</a> from r_sci_i2c.o(.text.sci_i2c_tei_isr) referenced from vector_data.o(.application_vectors)
 <LI><a href="#[f]">sci_i2c_txi_isr</a> from r_sci_i2c.o(.text.sci_i2c_txi_isr) referenced from vector_data.o(.application_vectors)
 <LI><a href="#[e]">sci_uart_eri_isr</a> from r_sci_uart.o(.text.sci_uart_eri_isr) referenced 5 times from vector_data.o(.application_vectors)
 <LI><a href="#[b]">sci_uart_rxi_isr</a> from r_sci_uart.o(.text.sci_uart_rxi_isr) referenced 5 times from vector_data.o(.application_vectors)
 <LI><a href="#[d]">sci_uart_tei_isr</a> from r_sci_uart.o(.text.sci_uart_tei_isr) referenced 5 times from vector_data.o(.application_vectors)
 <LI><a href="#[c]">sci_uart_txi_isr</a> from r_sci_uart.o(.text.sci_uart_txi_isr) referenced 5 times from vector_data.o(.application_vectors)
 <LI><a href="#[1f]">uart2_callback</a> from hal_entry_1.o(.text.uart2_callback) referenced from hal_data.o(.rodata.g_uart2_cfg)
 <LI><a href="#[20]">uart4_callback</a> from hal_entry_1.o(.text.uart4_callback) referenced from hal_data.o(.rodata.g_uart4_cfg)
 <LI><a href="#[21]">uart7_callback</a> from hal_entry_1.o(.text.uart7_callback) referenced from hal_data.o(.rodata.g_uart7_cfg)
 <LI><a href="#[22]">uart8_callback</a> from hal_entry_1.o(.text.uart8_callback) referenced from hal_data.o(.rodata.g_uart8_cfg)
 <LI><a href="#[23]">uart9_callback</a> from hal_entry_1.o(.text.uart9_callback) referenced from hal_data.o(.rodata.g_uart9_cfg)
</UL>
<P>
<H3>
Global Symbols
</H3>
<P><STRONG><a name="[6a]"></a>__aeabi_memcpy</STRONG> (Thumb, 36 bytes, Stack size 0 bytes, memcpya.o(.text))
<BR><BR>[Called By]<UL><LI><a href="#[b]">&gt;&gt;</a>&nbsp;&nbsp;&nbsp;sci_uart_rxi_isr
</UL>

<P><STRONG><a name="[5c]"></a>__aeabi_memcpy4</STRONG> (Thumb, 0 bytes, Stack size 0 bytes, memcpya.o(.text))
<BR><BR>[Called By]<UL><LI><a href="#[57]">&gt;&gt;</a>&nbsp;&nbsp;&nbsp;SystemRuntimeInit
</UL>

<P><STRONG><a name="[73]"></a>__aeabi_memcpy8</STRONG> (Thumb, 0 bytes, Stack size 0 bytes, memcpya.o(.text), UNUSED)

<P><STRONG><a name="[25]"></a>__aeabi_memset</STRONG> (Thumb, 14 bytes, Stack size 0 bytes, memseta.o(.text), UNUSED)
<BR><BR>[Called By]<UL><LI><a href="#[26]">&gt;&gt;</a>&nbsp;&nbsp;&nbsp;_memset$wrapper
<LI><a href="#[24]">&gt;&gt;</a>&nbsp;&nbsp;&nbsp;__aeabi_memclr
</UL>

<P><STRONG><a name="[74]"></a>__aeabi_memset4</STRONG> (Thumb, 0 bytes, Stack size 0 bytes, memseta.o(.text), UNUSED)

<P><STRONG><a name="[75]"></a>__aeabi_memset8</STRONG> (Thumb, 0 bytes, Stack size 0 bytes, memseta.o(.text), UNUSED)

<P><STRONG><a name="[24]"></a>__aeabi_memclr</STRONG> (Thumb, 4 bytes, Stack size 0 bytes, memseta.o(.text), UNUSED)
<BR><BR>[Calls]<UL><LI><a href="#[25]">&gt;&gt;</a>&nbsp;&nbsp;&nbsp;__aeabi_memset
</UL>

<P><STRONG><a name="[5b]"></a>__aeabi_memclr4</STRONG> (Thumb, 0 bytes, Stack size 0 bytes, memseta.o(.text))
<BR><BR>[Called By]<UL><LI><a href="#[57]">&gt;&gt;</a>&nbsp;&nbsp;&nbsp;SystemRuntimeInit
</UL>

<P><STRONG><a name="[76]"></a>__aeabi_memclr8</STRONG> (Thumb, 0 bytes, Stack size 0 bytes, memseta.o(.text), UNUSED)

<P><STRONG><a name="[26]"></a>_memset$wrapper</STRONG> (Thumb, 18 bytes, Stack size 8 bytes, memseta.o(.text), UNUSED)
<BR><BR>[Calls]<UL><LI><a href="#[25]">&gt;&gt;</a>&nbsp;&nbsp;&nbsp;__aeabi_memset
</UL>

<P><STRONG><a name="[67]"></a>strstr</STRONG> (Thumb, 36 bytes, Stack size 12 bytes, strstr.o(.text))
<BR><BR>[Stack]<UL><LI>Max Depth = 12<LI>Call Chain = strstr
</UL>
<BR>[Called By]<UL><LI><a href="#[64]">&gt;&gt;</a>&nbsp;&nbsp;&nbsp;hal_entry
</UL>

<P><STRONG><a name="[66]"></a>memcmp</STRONG> (Thumb, 26 bytes, Stack size 12 bytes, memcmp.o(.text))
<BR><BR>[Stack]<UL><LI>Max Depth = 12<LI>Call Chain = memcmp
</UL>
<BR>[Called By]<UL><LI><a href="#[64]">&gt;&gt;</a>&nbsp;&nbsp;&nbsp;hal_entry
</UL>

<P><STRONG><a name="[27]"></a>__0sscanf</STRONG> (Thumb, 48 bytes, Stack size 72 bytes, __0sscanf.o(.text))
<BR><BR>[Stack]<UL><LI>Max Depth = 264<LI>Call Chain = __0sscanf &rArr; __vfscanf_char &rArr; __vfscanf &rArr; _scanf_real
</UL>
<BR>[Calls]<UL><LI><a href="#[28]">&gt;&gt;</a>&nbsp;&nbsp;&nbsp;__vfscanf_char
</UL>
<BR>[Called By]<UL><LI><a href="#[64]">&gt;&gt;</a>&nbsp;&nbsp;&nbsp;hal_entry
</UL>

<P><STRONG><a name="[3d]"></a>_scanf_real</STRONG> (Thumb, 0 bytes, Stack size 104 bytes, scanf_fp.o(.text))
<BR><BR>[Stack]<UL><LI>Max Depth = 104<LI>Call Chain = _scanf_real
</UL>
<BR>[Called By]<UL><LI><a href="#[33]">&gt;&gt;</a>&nbsp;&nbsp;&nbsp;__vfscanf
</UL>

<P><STRONG><a name="[2d]"></a>_scanf_really_real</STRONG> (Thumb, 556 bytes, Stack size 104 bytes, scanf_fp.o(.text), UNUSED)
<BR><BR>[Calls]<UL><LI><a href="#[2f]">&gt;&gt;</a>&nbsp;&nbsp;&nbsp;__aeabi_d2f
<LI><a href="#[2e]">&gt;&gt;</a>&nbsp;&nbsp;&nbsp;_is_digit
<LI><a href="#[29]">&gt;&gt;</a>&nbsp;&nbsp;&nbsp;_fp_value
</UL>

<P><STRONG><a name="[47]"></a>__aeabi_f2d</STRONG> (Thumb, 38 bytes, Stack size 0 bytes, f2d.o(.text))
<BR><BR>[Called By]<UL><LI><a href="#[45]">&gt;&gt;</a>&nbsp;&nbsp;&nbsp;Farm_Data_Analysis
</UL>

<P><STRONG><a name="[77]"></a>__aeabi_uidiv</STRONG> (Thumb, 0 bytes, Stack size 12 bytes, uidiv.o(.text), UNUSED)

<P><STRONG><a name="[72]"></a>__aeabi_uidivmod</STRONG> (Thumb, 44 bytes, Stack size 12 bytes, uidiv.o(.text), UNUSED)
<BR><BR>[Called By]<UL><LI><a href="#[6c]">&gt;&gt;</a>&nbsp;&nbsp;&nbsp;_printf_core
</UL>

<P><STRONG><a name="[30]"></a>__aeabi_uldivmod</STRONG> (Thumb, 98 bytes, Stack size 40 bytes, uldiv.o(.text), UNUSED)
<BR><BR>[Calls]<UL><LI><a href="#[31]">&gt;&gt;</a>&nbsp;&nbsp;&nbsp;__aeabi_llsr
<LI><a href="#[32]">&gt;&gt;</a>&nbsp;&nbsp;&nbsp;__aeabi_llsl
</UL>
<BR>[Called By]<UL><LI><a href="#[6c]">&gt;&gt;</a>&nbsp;&nbsp;&nbsp;_printf_core
<LI><a href="#[6e]">&gt;&gt;</a>&nbsp;&nbsp;&nbsp;_fp_digits
</UL>

<P><STRONG><a name="[28]"></a>__vfscanf_char</STRONG> (Thumb, 20 bytes, Stack size 0 bytes, scanf_char.o(.text))
<BR><BR>[Stack]<UL><LI>Max Depth = 192<LI>Call Chain = __vfscanf_char &rArr; __vfscanf &rArr; _scanf_real
</UL>
<BR>[Calls]<UL><LI><a href="#[33]">&gt;&gt;</a>&nbsp;&nbsp;&nbsp;__vfscanf
</UL>
<BR>[Called By]<UL><LI><a href="#[27]">&gt;&gt;</a>&nbsp;&nbsp;&nbsp;__0sscanf
</UL>

<P><STRONG><a name="[11]"></a>_sgetc</STRONG> (Thumb, 30 bytes, Stack size 0 bytes, _sgetc.o(.text))
<BR>[Address Reference Count : 1]<UL><LI> __0sscanf.o(.text)
</UL>
<P><STRONG><a name="[12]"></a>_sbackspace</STRONG> (Thumb, 34 bytes, Stack size 0 bytes, _sgetc.o(.text))
<BR>[Address Reference Count : 1]<UL><LI> __0sscanf.o(.text)
</UL>
<P><STRONG><a name="[78]"></a>__I$use$fp</STRONG> (Thumb, 0 bytes, Stack size 48 bytes, iusefp.o(.text), UNUSED)

<P><STRONG><a name="[34]"></a>__aeabi_dadd</STRONG> (Thumb, 322 bytes, Stack size 48 bytes, dadd.o(.text), UNUSED)
<BR><BR>[Calls]<UL><LI><a href="#[35]">&gt;&gt;</a>&nbsp;&nbsp;&nbsp;__aeabi_lasr
<LI><a href="#[32]">&gt;&gt;</a>&nbsp;&nbsp;&nbsp;__aeabi_llsl
<LI><a href="#[37]">&gt;&gt;</a>&nbsp;&nbsp;&nbsp;_double_round
<LI><a href="#[36]">&gt;&gt;</a>&nbsp;&nbsp;&nbsp;_double_epilogue
</UL>
<BR>[Called By]<UL><LI><a href="#[39]">&gt;&gt;</a>&nbsp;&nbsp;&nbsp;__aeabi_drsub
<LI><a href="#[38]">&gt;&gt;</a>&nbsp;&nbsp;&nbsp;__aeabi_dsub
<LI><a href="#[6e]">&gt;&gt;</a>&nbsp;&nbsp;&nbsp;_fp_digits
</UL>

<P><STRONG><a name="[38]"></a>__aeabi_dsub</STRONG> (Thumb, 6 bytes, Stack size 0 bytes, dadd.o(.text), UNUSED)
<BR><BR>[Calls]<UL><LI><a href="#[34]">&gt;&gt;</a>&nbsp;&nbsp;&nbsp;__aeabi_dadd
</UL>

<P><STRONG><a name="[39]"></a>__aeabi_drsub</STRONG> (Thumb, 6 bytes, Stack size 0 bytes, dadd.o(.text), UNUSED)
<BR><BR>[Calls]<UL><LI><a href="#[34]">&gt;&gt;</a>&nbsp;&nbsp;&nbsp;__aeabi_dadd
</UL>

<P><STRONG><a name="[2b]"></a>__aeabi_dmul</STRONG> (Thumb, 228 bytes, Stack size 48 bytes, dmul.o(.text), UNUSED)
<BR><BR>[Calls]<UL><LI><a href="#[36]">&gt;&gt;</a>&nbsp;&nbsp;&nbsp;_double_epilogue
</UL>
<BR>[Called By]<UL><LI><a href="#[29]">&gt;&gt;</a>&nbsp;&nbsp;&nbsp;_fp_value
<LI><a href="#[6e]">&gt;&gt;</a>&nbsp;&nbsp;&nbsp;_fp_digits
</UL>

<P><STRONG><a name="[2c]"></a>__aeabi_ddiv</STRONG> (Thumb, 222 bytes, Stack size 32 bytes, ddiv.o(.text), UNUSED)
<BR><BR>[Calls]<UL><LI><a href="#[37]">&gt;&gt;</a>&nbsp;&nbsp;&nbsp;_double_round
</UL>
<BR>[Called By]<UL><LI><a href="#[29]">&gt;&gt;</a>&nbsp;&nbsp;&nbsp;_fp_value
<LI><a href="#[6e]">&gt;&gt;</a>&nbsp;&nbsp;&nbsp;_fp_digits
</UL>

<P><STRONG><a name="[2a]"></a>__aeabi_ul2d</STRONG> (Thumb, 24 bytes, Stack size 16 bytes, dfltul.o(.text), UNUSED)
<BR><BR>[Calls]<UL><LI><a href="#[36]">&gt;&gt;</a>&nbsp;&nbsp;&nbsp;_double_epilogue
</UL>
<BR>[Called By]<UL><LI><a href="#[29]">&gt;&gt;</a>&nbsp;&nbsp;&nbsp;_fp_value
</UL>

<P><STRONG><a name="[3a]"></a>__aeabi_d2ulz</STRONG> (Thumb, 48 bytes, Stack size 0 bytes, dfixul.o(.text), UNUSED)
<BR><BR>[Calls]<UL><LI><a href="#[31]">&gt;&gt;</a>&nbsp;&nbsp;&nbsp;__aeabi_llsr
<LI><a href="#[32]">&gt;&gt;</a>&nbsp;&nbsp;&nbsp;__aeabi_llsl
</UL>
<BR>[Called By]<UL><LI><a href="#[6e]">&gt;&gt;</a>&nbsp;&nbsp;&nbsp;_fp_digits
</UL>

<P><STRONG><a name="[6f]"></a>__aeabi_cdrcmple</STRONG> (Thumb, 48 bytes, Stack size 0 bytes, cdrcmple.o(.text), UNUSED)
<BR><BR>[Called By]<UL><LI><a href="#[6e]">&gt;&gt;</a>&nbsp;&nbsp;&nbsp;_fp_digits
</UL>

<P><STRONG><a name="[2f]"></a>__aeabi_d2f</STRONG> (Thumb, 56 bytes, Stack size 8 bytes, d2f.o(.text), UNUSED)
<BR><BR>[Calls]<UL><LI><a href="#[3b]">&gt;&gt;</a>&nbsp;&nbsp;&nbsp;_float_round
</UL>
<BR>[Called By]<UL><LI><a href="#[2d]">&gt;&gt;</a>&nbsp;&nbsp;&nbsp;_scanf_really_real
</UL>

<P><STRONG><a name="[32]"></a>__aeabi_llsl</STRONG> (Thumb, 30 bytes, Stack size 0 bytes, llshl.o(.text), UNUSED)
<BR><BR>[Called By]<UL><LI><a href="#[36]">&gt;&gt;</a>&nbsp;&nbsp;&nbsp;_double_epilogue
<LI><a href="#[30]">&gt;&gt;</a>&nbsp;&nbsp;&nbsp;__aeabi_uldivmod
<LI><a href="#[34]">&gt;&gt;</a>&nbsp;&nbsp;&nbsp;__aeabi_dadd
<LI><a href="#[3a]">&gt;&gt;</a>&nbsp;&nbsp;&nbsp;__aeabi_d2ulz
</UL>

<P><STRONG><a name="[79]"></a>_ll_shift_l</STRONG> (Thumb, 0 bytes, Stack size 0 bytes, llshl.o(.text), UNUSED)

<P><STRONG><a name="[31]"></a>__aeabi_llsr</STRONG> (Thumb, 32 bytes, Stack size 0 bytes, llushr.o(.text), UNUSED)
<BR><BR>[Called By]<UL><LI><a href="#[36]">&gt;&gt;</a>&nbsp;&nbsp;&nbsp;_double_epilogue
<LI><a href="#[30]">&gt;&gt;</a>&nbsp;&nbsp;&nbsp;__aeabi_uldivmod
<LI><a href="#[3a]">&gt;&gt;</a>&nbsp;&nbsp;&nbsp;__aeabi_d2ulz
</UL>

<P><STRONG><a name="[7a]"></a>_ll_ushift_r</STRONG> (Thumb, 0 bytes, Stack size 0 bytes, llushr.o(.text), UNUSED)

<P><STRONG><a name="[35]"></a>__aeabi_lasr</STRONG> (Thumb, 36 bytes, Stack size 0 bytes, llsshr.o(.text), UNUSED)
<BR><BR>[Called By]<UL><LI><a href="#[34]">&gt;&gt;</a>&nbsp;&nbsp;&nbsp;__aeabi_dadd
</UL>

<P><STRONG><a name="[7b]"></a>_ll_sshift_r</STRONG> (Thumb, 0 bytes, Stack size 0 bytes, llsshr.o(.text), UNUSED)

<P><STRONG><a name="[14]"></a>isspace</STRONG> (Thumb, 10 bytes, Stack size 0 bytes, isspace_c.o(.text))
<BR><BR>[Calls]<UL><LI><a href="#[3c]">&gt;&gt;</a>&nbsp;&nbsp;&nbsp;__ctype_lookup
</UL>
<BR>[Address Reference Count : 1]<UL><LI> scanf_char.o(.text)
</UL>
<P><STRONG><a name="[33]"></a>__vfscanf</STRONG> (Thumb, 808 bytes, Stack size 88 bytes, _scanf.o(.text))
<BR><BR>[Stack]<UL><LI>Max Depth = 192<LI>Call Chain = __vfscanf &rArr; _scanf_real
</UL>
<BR>[Calls]<UL><LI><a href="#[3d]">&gt;&gt;</a>&nbsp;&nbsp;&nbsp;_scanf_real
</UL>
<BR>[Called By]<UL><LI><a href="#[28]">&gt;&gt;</a>&nbsp;&nbsp;&nbsp;__vfscanf_char
</UL>

<P><STRONG><a name="[3b]"></a>_float_round</STRONG> (Thumb, 18 bytes, Stack size 0 bytes, fepilogue.o(.text), UNUSED)
<BR><BR>[Called By]<UL><LI><a href="#[2f]">&gt;&gt;</a>&nbsp;&nbsp;&nbsp;__aeabi_d2f
</UL>

<P><STRONG><a name="[7c]"></a>_float_epilogue</STRONG> (Thumb, 92 bytes, Stack size 4 bytes, fepilogue.o(.text), UNUSED)

<P><STRONG><a name="[37]"></a>_double_round</STRONG> (Thumb, 30 bytes, Stack size 8 bytes, depilogue.o(.text), UNUSED)
<BR><BR>[Called By]<UL><LI><a href="#[36]">&gt;&gt;</a>&nbsp;&nbsp;&nbsp;_double_epilogue
<LI><a href="#[2c]">&gt;&gt;</a>&nbsp;&nbsp;&nbsp;__aeabi_ddiv
<LI><a href="#[34]">&gt;&gt;</a>&nbsp;&nbsp;&nbsp;__aeabi_dadd
</UL>

<P><STRONG><a name="[36]"></a>_double_epilogue</STRONG> (Thumb, 156 bytes, Stack size 32 bytes, depilogue.o(.text), UNUSED)
<BR><BR>[Calls]<UL><LI><a href="#[31]">&gt;&gt;</a>&nbsp;&nbsp;&nbsp;__aeabi_llsr
<LI><a href="#[32]">&gt;&gt;</a>&nbsp;&nbsp;&nbsp;__aeabi_llsl
<LI><a href="#[37]">&gt;&gt;</a>&nbsp;&nbsp;&nbsp;_double_round
</UL>
<BR>[Called By]<UL><LI><a href="#[2a]">&gt;&gt;</a>&nbsp;&nbsp;&nbsp;__aeabi_ul2d
<LI><a href="#[2b]">&gt;&gt;</a>&nbsp;&nbsp;&nbsp;__aeabi_dmul
<LI><a href="#[34]">&gt;&gt;</a>&nbsp;&nbsp;&nbsp;__aeabi_dadd
</UL>

<P><STRONG><a name="[3c]"></a>__ctype_lookup</STRONG> (Thumb, 34 bytes, Stack size 0 bytes, ctype_c.o(.text))
<BR><BR>[Called By]<UL><LI><a href="#[14]">&gt;&gt;</a>&nbsp;&nbsp;&nbsp;isspace
</UL>

<P><STRONG><a name="[3e]"></a>Bh1750_Init</STRONG> (Thumb, 70 bytes, Stack size 8 bytes, driver_bh1750_1.o(.text.Bh1750_Init))
<BR><BR>[Stack]<UL><LI>Max Depth = 32<LI>Call Chain = Bh1750_Init &rArr; bh1750_write_cmd
</UL>
<BR>[Calls]<UL><LI><a href="#[3f]">&gt;&gt;</a>&nbsp;&nbsp;&nbsp;bh1750_write_cmd
</UL>
<BR>[Called By]<UL><LI><a href="#[64]">&gt;&gt;</a>&nbsp;&nbsp;&nbsp;hal_entry
</UL>

<P><STRONG><a name="[68]"></a>Bh1750_ReadLux</STRONG> (Thumb, 176 bytes, Stack size 24 bytes, driver_bh1750_1.o(.text.Bh1750_ReadLux))
<BR><BR>[Stack]<UL><LI>Max Depth = 24<LI>Call Chain = Bh1750_ReadLux
</UL>
<BR>[Called By]<UL><LI><a href="#[64]">&gt;&gt;</a>&nbsp;&nbsp;&nbsp;hal_entry
</UL>

<P><STRONG><a name="[4]"></a>BusFault_Handler</STRONG> (Thumb, 4 bytes, Stack size 0 bytes, startup.o(.text.Default_Handler))
<BR>[Address Reference Count : 1]<UL><LI> startup.o(.fixed_vectors)
</UL>
<P><STRONG><a name="[8]"></a>DebugMon_Handler</STRONG> (Thumb, 4 bytes, Stack size 0 bytes, startup.o(.text.Default_Handler))
<BR>[Address Reference Count : 1]<UL><LI> startup.o(.fixed_vectors)
</UL>
<P><STRONG><a name="[7d]"></a>Default_Handler</STRONG> (Thumb, 4 bytes, Stack size 0 bytes, startup.o(.text.Default_Handler), UNUSED)

<P><STRONG><a name="[2]"></a>HardFault_Handler</STRONG> (Thumb, 4 bytes, Stack size 0 bytes, startup.o(.text.Default_Handler))
<BR>[Address Reference Count : 1]<UL><LI> startup.o(.fixed_vectors)
</UL>
<P><STRONG><a name="[3]"></a>MemManage_Handler</STRONG> (Thumb, 4 bytes, Stack size 0 bytes, startup.o(.text.Default_Handler))
<BR>[Address Reference Count : 1]<UL><LI> startup.o(.fixed_vectors)
</UL>
<P><STRONG><a name="[9]"></a>PendSV_Handler</STRONG> (Thumb, 4 bytes, Stack size 0 bytes, startup.o(.text.Default_Handler))
<BR>[Address Reference Count : 1]<UL><LI> startup.o(.fixed_vectors)
</UL>
<P><STRONG><a name="[7]"></a>SVC_Handler</STRONG> (Thumb, 4 bytes, Stack size 0 bytes, startup.o(.text.Default_Handler))
<BR>[Address Reference Count : 1]<UL><LI> startup.o(.fixed_vectors)
</UL>
<P><STRONG><a name="[6]"></a>SecureFault_Handler</STRONG> (Thumb, 4 bytes, Stack size 0 bytes, startup.o(.text.Default_Handler))
<BR>[Address Reference Count : 1]<UL><LI> startup.o(.fixed_vectors)
</UL>
<P><STRONG><a name="[a]"></a>SysTick_Handler</STRONG> (Thumb, 4 bytes, Stack size 0 bytes, startup.o(.text.Default_Handler))
<BR>[Address Reference Count : 1]<UL><LI> startup.o(.fixed_vectors)
</UL>
<P><STRONG><a name="[5]"></a>UsageFault_Handler</STRONG> (Thumb, 4 bytes, Stack size 0 bytes, startup.o(.text.Default_Handler))
<BR>[Address Reference Count : 1]<UL><LI> startup.o(.fixed_vectors)
</UL>
<P><STRONG><a name="[40]"></a>Dht22_Read</STRONG> (Thumb, 428 bytes, Stack size 56 bytes, driver_dht22_1.o(.text.Dht22_Read))
<BR><BR>[Stack]<UL><LI>Max Depth = 144<LI>Call Chain = Dht22_Read &rArr; R_IOPORT_PinCfg &rArr; bsp_vbatt_init &rArr; R_BSP_RegisterProtectDisable
</UL>
<BR>[Calls]<UL><LI><a href="#[44]">&gt;&gt;</a>&nbsp;&nbsp;&nbsp;R_IOPORT_PinRead
<LI><a href="#[42]">&gt;&gt;</a>&nbsp;&nbsp;&nbsp;R_IOPORT_PinWrite
<LI><a href="#[41]">&gt;&gt;</a>&nbsp;&nbsp;&nbsp;R_IOPORT_PinCfg
<LI><a href="#[43]">&gt;&gt;</a>&nbsp;&nbsp;&nbsp;R_BSP_SoftwareDelay
</UL>
<BR>[Called By]<UL><LI><a href="#[64]">&gt;&gt;</a>&nbsp;&nbsp;&nbsp;hal_entry
</UL>

<P><STRONG><a name="[45]"></a>Farm_Data_Analysis</STRONG> (Thumb, 648 bytes, Stack size 64 bytes, farm_analysis.o(.text.Farm_Data_Analysis))
<BR><BR>[Stack]<UL><LI>Max Depth = 112<LI>Call Chain = Farm_Data_Analysis &rArr; Uart_Printf &rArr; vsnprintf
</UL>
<BR>[Calls]<UL><LI><a href="#[48]">&gt;&gt;</a>&nbsp;&nbsp;&nbsp;Uart_Send
<LI><a href="#[47]">&gt;&gt;</a>&nbsp;&nbsp;&nbsp;__aeabi_f2d
<LI><a href="#[46]">&gt;&gt;</a>&nbsp;&nbsp;&nbsp;Uart_Printf
</UL>
<BR>[Called By]<UL><LI><a href="#[64]">&gt;&gt;</a>&nbsp;&nbsp;&nbsp;hal_entry
</UL>

<P><STRONG><a name="[65]"></a>Farm_Data_Init</STRONG> (Thumb, 26 bytes, Stack size 0 bytes, farm_analysis.o(.text.Farm_Data_Init))
<BR><BR>[Called By]<UL><LI><a href="#[64]">&gt;&gt;</a>&nbsp;&nbsp;&nbsp;hal_entry
</UL>

<P><STRONG><a name="[49]"></a>Hmi_SendCmd</STRONG> (Thumb, 52 bytes, Stack size 136 bytes, hal_entry_1.o(.text.Hmi_SendCmd))
<BR><BR>[Stack]<UL><LI>Max Depth = 176<LI>Call Chain = Hmi_SendCmd &rArr; __2snprintf
</UL>
<BR>[Calls]<UL><LI><a href="#[48]">&gt;&gt;</a>&nbsp;&nbsp;&nbsp;Uart_Send
<LI><a href="#[4a]">&gt;&gt;</a>&nbsp;&nbsp;&nbsp;__2snprintf
</UL>
<BR>[Called By]<UL><LI><a href="#[64]">&gt;&gt;</a>&nbsp;&nbsp;&nbsp;hal_entry
</UL>

<P><STRONG><a name="[1]"></a>NMI_Handler</STRONG> (Thumb, 68 bytes, Stack size 24 bytes, bsp_group_irq.o(.text.NMI_Handler))
<BR><BR>[Stack]<UL><LI>Max Depth = 24<LI>Call Chain = NMI_Handler
</UL>
<BR>[Address Reference Count : 1]<UL><LI> startup.o(.fixed_vectors)
</UL>
<P><STRONG><a name="[4b]"></a>R_BSP_Init_RTC</STRONG> (Thumb, 122 bytes, Stack size 16 bytes, bsp_clocks.o(.text.R_BSP_Init_RTC))
<BR><BR>[Stack]<UL><LI>Max Depth = 24<LI>Call Chain = R_BSP_Init_RTC &rArr; R_BSP_RegisterProtectDisable
</UL>
<BR>[Calls]<UL><LI><a href="#[4d]">&gt;&gt;</a>&nbsp;&nbsp;&nbsp;R_BSP_RegisterProtectEnable
<LI><a href="#[4c]">&gt;&gt;</a>&nbsp;&nbsp;&nbsp;R_BSP_RegisterProtectDisable
<LI><a href="#[43]">&gt;&gt;</a>&nbsp;&nbsp;&nbsp;R_BSP_SoftwareDelay
</UL>
<BR>[Called By]<UL><LI><a href="#[53]">&gt;&gt;</a>&nbsp;&nbsp;&nbsp;SystemInit
</UL>

<P><STRONG><a name="[4c]"></a>R_BSP_RegisterProtectDisable</STRONG> (Thumb, 78 bytes, Stack size 8 bytes, bsp_register_protection.o(.text.R_BSP_RegisterProtectDisable))
<BR><BR>[Stack]<UL><LI>Max Depth = 8<LI>Call Chain = R_BSP_RegisterProtectDisable
</UL>
<BR>[Called By]<UL><LI><a href="#[51]">&gt;&gt;</a>&nbsp;&nbsp;&nbsp;bsp_vbatt_init
<LI><a href="#[59]">&gt;&gt;</a>&nbsp;&nbsp;&nbsp;bsp_irq_cfg
<LI><a href="#[4b]">&gt;&gt;</a>&nbsp;&nbsp;&nbsp;R_BSP_Init_RTC
<LI><a href="#[53]">&gt;&gt;</a>&nbsp;&nbsp;&nbsp;SystemInit
</UL>

<P><STRONG><a name="[4d]"></a>R_BSP_RegisterProtectEnable</STRONG> (Thumb, 82 bytes, Stack size 0 bytes, bsp_register_protection.o(.text.R_BSP_RegisterProtectEnable))
<BR><BR>[Called By]<UL><LI><a href="#[51]">&gt;&gt;</a>&nbsp;&nbsp;&nbsp;bsp_vbatt_init
<LI><a href="#[59]">&gt;&gt;</a>&nbsp;&nbsp;&nbsp;bsp_irq_cfg
<LI><a href="#[4b]">&gt;&gt;</a>&nbsp;&nbsp;&nbsp;R_BSP_Init_RTC
<LI><a href="#[53]">&gt;&gt;</a>&nbsp;&nbsp;&nbsp;SystemInit
</UL>

<P><STRONG><a name="[43]"></a>R_BSP_SoftwareDelay</STRONG> (Thumb, 132 bytes, Stack size 0 bytes, bsp_delay.o(.text.R_BSP_SoftwareDelay))
<BR><BR>[Calls]<UL><LI><a href="#[4e]">&gt;&gt;</a>&nbsp;&nbsp;&nbsp;bsp_prv_software_delay_loop
</UL>
<BR>[Called By]<UL><LI><a href="#[51]">&gt;&gt;</a>&nbsp;&nbsp;&nbsp;bsp_vbatt_init
<LI><a href="#[4b]">&gt;&gt;</a>&nbsp;&nbsp;&nbsp;R_BSP_Init_RTC
<LI><a href="#[56]">&gt;&gt;</a>&nbsp;&nbsp;&nbsp;bsp_clock_init
<LI><a href="#[40]">&gt;&gt;</a>&nbsp;&nbsp;&nbsp;Dht22_Read
<LI><a href="#[64]">&gt;&gt;</a>&nbsp;&nbsp;&nbsp;hal_entry
</UL>

<P><STRONG><a name="[63]"></a>R_BSP_SubClockStabilizeWaitAfterReset</STRONG> (Thumb, 2 bytes, Stack size 0 bytes, bsp_clocks.o(.text.R_BSP_SubClockStabilizeWaitAfterReset))
<BR><BR>[Called By]<UL><LI><a href="#[56]">&gt;&gt;</a>&nbsp;&nbsp;&nbsp;bsp_clock_init
</UL>

<P><STRONG><a name="[55]"></a>R_BSP_WarmStart</STRONG> (Thumb, 26 bytes, Stack size 0 bytes, hal_warmstart_1.o(.text.R_BSP_WarmStart))
<BR><BR>[Called By]<UL><LI><a href="#[53]">&gt;&gt;</a>&nbsp;&nbsp;&nbsp;SystemInit
</UL>

<P><STRONG><a name="[4f]"></a>R_IOPORT_Open</STRONG> (Thumb, 22 bytes, Stack size 8 bytes, r_ioport.o(.text.R_IOPORT_Open), UNUSED)
<BR><BR>[Calls]<UL><LI><a href="#[50]">&gt;&gt;</a>&nbsp;&nbsp;&nbsp;r_ioport_pins_config
</UL>

<P><STRONG><a name="[41]"></a>R_IOPORT_PinCfg</STRONG> (Thumb, 178 bytes, Stack size 40 bytes, r_ioport.o(.text.R_IOPORT_PinCfg))
<BR><BR>[Stack]<UL><LI>Max Depth = 88<LI>Call Chain = R_IOPORT_PinCfg &rArr; bsp_vbatt_init &rArr; R_BSP_RegisterProtectDisable
</UL>
<BR>[Calls]<UL><LI><a href="#[51]">&gt;&gt;</a>&nbsp;&nbsp;&nbsp;bsp_vbatt_init
</UL>
<BR>[Called By]<UL><LI><a href="#[40]">&gt;&gt;</a>&nbsp;&nbsp;&nbsp;Dht22_Read
</UL>

<P><STRONG><a name="[44]"></a>R_IOPORT_PinRead</STRONG> (Thumb, 34 bytes, Stack size 0 bytes, r_ioport.o(.text.R_IOPORT_PinRead))
<BR><BR>[Called By]<UL><LI><a href="#[40]">&gt;&gt;</a>&nbsp;&nbsp;&nbsp;Dht22_Read
</UL>

<P><STRONG><a name="[42]"></a>R_IOPORT_PinWrite</STRONG> (Thumb, 40 bytes, Stack size 0 bytes, r_ioport.o(.text.R_IOPORT_PinWrite))
<BR><BR>[Called By]<UL><LI><a href="#[40]">&gt;&gt;</a>&nbsp;&nbsp;&nbsp;Dht22_Read
</UL>

<P><STRONG><a name="[1a]"></a>R_SCI_I2C_Abort</STRONG> (Thumb, 40 bytes, Stack size 0 bytes, r_sci_i2c.o(.text.R_SCI_I2C_Abort))
<BR>[Address Reference Count : 1]<UL><LI> r_sci_i2c.o(.rodata.g_i2c_master_on_sci)
</UL>
<P><STRONG><a name="[1c]"></a>R_SCI_I2C_CallbackSet</STRONG> (Thumb, 14 bytes, Stack size 0 bytes, r_sci_i2c.o(.text.R_SCI_I2C_CallbackSet))
<BR>[Address Reference Count : 1]<UL><LI> r_sci_i2c.o(.rodata.g_i2c_master_on_sci)
</UL>
<P><STRONG><a name="[1e]"></a>R_SCI_I2C_Close</STRONG> (Thumb, 86 bytes, Stack size 0 bytes, r_sci_i2c.o(.text.R_SCI_I2C_Close))
<BR>[Address Reference Count : 1]<UL><LI> r_sci_i2c.o(.rodata.g_i2c_master_on_sci)
</UL>
<P><STRONG><a name="[17]"></a>R_SCI_I2C_Open</STRONG> (Thumb, 346 bytes, Stack size 24 bytes, r_sci_i2c.o(.text.R_SCI_I2C_Open))
<BR><BR>[Stack]<UL><LI>Max Depth = 24<LI>Call Chain = R_SCI_I2C_Open
</UL>
<BR>[Address Reference Count : 1]<UL><LI> r_sci_i2c.o(.rodata.g_i2c_master_on_sci)
</UL>
<P><STRONG><a name="[18]"></a>R_SCI_I2C_Read</STRONG> (Thumb, 16 bytes, Stack size 8 bytes, r_sci_i2c.o(.text.R_SCI_I2C_Read))
<BR><BR>[Stack]<UL><LI>Max Depth = 8<LI>Call Chain = R_SCI_I2C_Read
</UL>
<BR>[Calls]<UL><LI><a href="#[52]">&gt;&gt;</a>&nbsp;&nbsp;&nbsp;sci_i2c_read_write
</UL>
<BR>[Address Reference Count : 1]<UL><LI> r_sci_i2c.o(.rodata.g_i2c_master_on_sci)
</UL>
<P><STRONG><a name="[1b]"></a>R_SCI_I2C_SlaveAddressSet</STRONG> (Thumb, 10 bytes, Stack size 0 bytes, r_sci_i2c.o(.text.R_SCI_I2C_SlaveAddressSet))
<BR>[Address Reference Count : 1]<UL><LI> r_sci_i2c.o(.rodata.g_i2c_master_on_sci)
</UL>
<P><STRONG><a name="[1d]"></a>R_SCI_I2C_StatusGet</STRONG> (Thumb, 24 bytes, Stack size 0 bytes, r_sci_i2c.o(.text.R_SCI_I2C_StatusGet))
<BR>[Address Reference Count : 1]<UL><LI> r_sci_i2c.o(.rodata.g_i2c_master_on_sci)
</UL>
<P><STRONG><a name="[19]"></a>R_SCI_I2C_Write</STRONG> (Thumb, 16 bytes, Stack size 8 bytes, r_sci_i2c.o(.text.R_SCI_I2C_Write))
<BR><BR>[Stack]<UL><LI>Max Depth = 8<LI>Call Chain = R_SCI_I2C_Write
</UL>
<BR>[Calls]<UL><LI><a href="#[52]">&gt;&gt;</a>&nbsp;&nbsp;&nbsp;sci_i2c_read_write
</UL>
<BR>[Address Reference Count : 1]<UL><LI> r_sci_i2c.o(.rodata.g_i2c_master_on_sci)
</UL>
<P><STRONG><a name="[5e]"></a>R_SCI_UART_Open</STRONG> (Thumb, 828 bytes, Stack size 32 bytes, r_sci_uart.o(.text.R_SCI_UART_Open))
<BR><BR>[Stack]<UL><LI>Max Depth = 32<LI>Call Chain = R_SCI_UART_Open
</UL>
<BR>[Called By]<UL><LI><a href="#[5d]">&gt;&gt;</a>&nbsp;&nbsp;&nbsp;Uart_Init
</UL>

<P><STRONG><a name="[62]"></a>R_SCI_UART_Read</STRONG> (Thumb, 10 bytes, Stack size 0 bytes, r_sci_uart.o(.text.R_SCI_UART_Read))
<BR><BR>[Called By]<UL><LI><a href="#[61]">&gt;&gt;</a>&nbsp;&nbsp;&nbsp;Uart_StartRx
</UL>

<P><STRONG><a name="[60]"></a>R_SCI_UART_Write</STRONG> (Thumb, 76 bytes, Stack size 8 bytes, r_sci_uart.o(.text.R_SCI_UART_Write))
<BR><BR>[Stack]<UL><LI>Max Depth = 8<LI>Call Chain = R_SCI_UART_Write
</UL>
<BR>[Called By]<UL><LI><a href="#[48]">&gt;&gt;</a>&nbsp;&nbsp;&nbsp;Uart_Send
<LI><a href="#[46]">&gt;&gt;</a>&nbsp;&nbsp;&nbsp;Uart_Printf
</UL>

<P><STRONG><a name="[0]"></a>Reset_Handler</STRONG> (Thumb, 10 bytes, Stack size 0 bytes, startup.o(.text.Reset_Handler))
<BR><BR>[Stack]<UL><LI>Max Depth = 352<LI>Call Chain = Reset_Handler &rArr; main &rArr; hal_entry &rArr; __0sscanf &rArr; __vfscanf_char &rArr; __vfscanf &rArr; _scanf_real
</UL>
<BR>[Calls]<UL><LI><a href="#[54]">&gt;&gt;</a>&nbsp;&nbsp;&nbsp;main
<LI><a href="#[53]">&gt;&gt;</a>&nbsp;&nbsp;&nbsp;SystemInit
</UL>
<BR>[Address Reference Count : 1]<UL><LI> startup.o(.fixed_vectors)
</UL>
<P><STRONG><a name="[58]"></a>SystemCoreClockUpdate</STRONG> (Thumb, 44 bytes, Stack size 0 bytes, bsp_clocks.o(.text.SystemCoreClockUpdate))
<BR><BR>[Called By]<UL><LI><a href="#[53]">&gt;&gt;</a>&nbsp;&nbsp;&nbsp;SystemInit
</UL>

<P><STRONG><a name="[53]"></a>SystemInit</STRONG> (Thumb, 162 bytes, Stack size 8 bytes, system.o(.text.SystemInit))
<BR><BR>[Stack]<UL><LI>Max Depth = 48<LI>Call Chain = SystemInit &rArr; bsp_irq_cfg &rArr; R_BSP_RegisterProtectDisable
</UL>
<BR>[Calls]<UL><LI><a href="#[5a]">&gt;&gt;</a>&nbsp;&nbsp;&nbsp;bsp_init
<LI><a href="#[59]">&gt;&gt;</a>&nbsp;&nbsp;&nbsp;bsp_irq_cfg
<LI><a href="#[4d]">&gt;&gt;</a>&nbsp;&nbsp;&nbsp;R_BSP_RegisterProtectEnable
<LI><a href="#[4c]">&gt;&gt;</a>&nbsp;&nbsp;&nbsp;R_BSP_RegisterProtectDisable
<LI><a href="#[4b]">&gt;&gt;</a>&nbsp;&nbsp;&nbsp;R_BSP_Init_RTC
<LI><a href="#[58]">&gt;&gt;</a>&nbsp;&nbsp;&nbsp;SystemCoreClockUpdate
<LI><a href="#[56]">&gt;&gt;</a>&nbsp;&nbsp;&nbsp;bsp_clock_init
<LI><a href="#[57]">&gt;&gt;</a>&nbsp;&nbsp;&nbsp;SystemRuntimeInit
<LI><a href="#[55]">&gt;&gt;</a>&nbsp;&nbsp;&nbsp;R_BSP_WarmStart
</UL>
<BR>[Called By]<UL><LI><a href="#[0]">&gt;&gt;</a>&nbsp;&nbsp;&nbsp;Reset_Handler
</UL>

<P><STRONG><a name="[5d]"></a>Uart_Init</STRONG> (Thumb, 8 bytes, Stack size 0 bytes, driver_uart_1.o(.text.Uart_Init))
<BR><BR>[Stack]<UL><LI>Max Depth = 32<LI>Call Chain = Uart_Init &rArr; R_SCI_UART_Open
</UL>
<BR>[Calls]<UL><LI><a href="#[5e]">&gt;&gt;</a>&nbsp;&nbsp;&nbsp;R_SCI_UART_Open
</UL>
<BR>[Called By]<UL><LI><a href="#[64]">&gt;&gt;</a>&nbsp;&nbsp;&nbsp;hal_entry
</UL>

<P><STRONG><a name="[46]"></a>Uart_Printf</STRONG> (Thumb, 80 bytes, Stack size 24 bytes, driver_uart_1.o(.text.Uart_Printf))
<BR><BR>[Stack]<UL><LI>Max Depth = 48<LI>Call Chain = Uart_Printf &rArr; vsnprintf
</UL>
<BR>[Calls]<UL><LI><a href="#[60]">&gt;&gt;</a>&nbsp;&nbsp;&nbsp;R_SCI_UART_Write
<LI><a href="#[5f]">&gt;&gt;</a>&nbsp;&nbsp;&nbsp;vsnprintf
</UL>
<BR>[Called By]<UL><LI><a href="#[64]">&gt;&gt;</a>&nbsp;&nbsp;&nbsp;hal_entry
<LI><a href="#[45]">&gt;&gt;</a>&nbsp;&nbsp;&nbsp;Farm_Data_Analysis
</UL>

<P><STRONG><a name="[48]"></a>Uart_Send</STRONG> (Thumb, 32 bytes, Stack size 8 bytes, driver_uart_1.o(.text.Uart_Send))
<BR><BR>[Stack]<UL><LI>Max Depth = 16<LI>Call Chain = Uart_Send &rArr; R_SCI_UART_Write
</UL>
<BR>[Calls]<UL><LI><a href="#[60]">&gt;&gt;</a>&nbsp;&nbsp;&nbsp;R_SCI_UART_Write
</UL>
<BR>[Called By]<UL><LI><a href="#[64]">&gt;&gt;</a>&nbsp;&nbsp;&nbsp;hal_entry
<LI><a href="#[49]">&gt;&gt;</a>&nbsp;&nbsp;&nbsp;Hmi_SendCmd
<LI><a href="#[45]">&gt;&gt;</a>&nbsp;&nbsp;&nbsp;Farm_Data_Analysis
</UL>

<P><STRONG><a name="[61]"></a>Uart_StartRx</STRONG> (Thumb, 12 bytes, Stack size 0 bytes, driver_uart_1.o(.text.Uart_StartRx))
<BR><BR>[Calls]<UL><LI><a href="#[62]">&gt;&gt;</a>&nbsp;&nbsp;&nbsp;R_SCI_UART_Read
</UL>
<BR>[Called By]<UL><LI><a href="#[64]">&gt;&gt;</a>&nbsp;&nbsp;&nbsp;hal_entry
</UL>

<P><STRONG><a name="[56]"></a>bsp_clock_init</STRONG> (Thumb, 316 bytes, Stack size 24 bytes, bsp_clocks.o(.text.bsp_clock_init))
<BR><BR>[Stack]<UL><LI>Max Depth = 24<LI>Call Chain = bsp_clock_init
</UL>
<BR>[Calls]<UL><LI><a href="#[63]">&gt;&gt;</a>&nbsp;&nbsp;&nbsp;R_BSP_SubClockStabilizeWaitAfterReset
<LI><a href="#[43]">&gt;&gt;</a>&nbsp;&nbsp;&nbsp;R_BSP_SoftwareDelay
</UL>
<BR>[Called By]<UL><LI><a href="#[53]">&gt;&gt;</a>&nbsp;&nbsp;&nbsp;SystemInit
</UL>

<P><STRONG><a name="[5a]"></a>bsp_init</STRONG> (Thumb, 2 bytes, Stack size 0 bytes, bsp_common.o(.text.bsp_init_internal))
<BR><BR>[Called By]<UL><LI><a href="#[53]">&gt;&gt;</a>&nbsp;&nbsp;&nbsp;SystemInit
</UL>

<P><STRONG><a name="[7e]"></a>bsp_init_internal</STRONG> (Thumb, 2 bytes, Stack size 0 bytes, bsp_common.o(.text.bsp_init_internal), UNUSED)

<P><STRONG><a name="[59]"></a>bsp_irq_cfg</STRONG> (Thumb, 138 bytes, Stack size 32 bytes, bsp_irq.o(.text.bsp_irq_cfg))
<BR><BR>[Stack]<UL><LI>Max Depth = 40<LI>Call Chain = bsp_irq_cfg &rArr; R_BSP_RegisterProtectDisable
</UL>
<BR>[Calls]<UL><LI><a href="#[4d]">&gt;&gt;</a>&nbsp;&nbsp;&nbsp;R_BSP_RegisterProtectEnable
<LI><a href="#[4c]">&gt;&gt;</a>&nbsp;&nbsp;&nbsp;R_BSP_RegisterProtectDisable
</UL>
<BR>[Called By]<UL><LI><a href="#[53]">&gt;&gt;</a>&nbsp;&nbsp;&nbsp;SystemInit
</UL>

<P><STRONG><a name="[4e]"></a>bsp_prv_software_delay_loop</STRONG> (Thumb, 8 bytes, Stack size 0 bytes, bsp_delay.o(.text.bsp_prv_software_delay_loop))
<BR><BR>[Calls]<UL><LI><a href="#[4e]">&gt;&gt;</a>&nbsp;&nbsp;&nbsp;bsp_prv_software_delay_loop
</UL>
<BR>[Called By]<UL><LI><a href="#[4e]">&gt;&gt;</a>&nbsp;&nbsp;&nbsp;bsp_prv_software_delay_loop
<LI><a href="#[43]">&gt;&gt;</a>&nbsp;&nbsp;&nbsp;R_BSP_SoftwareDelay
</UL>

<P><STRONG><a name="[64]"></a>hal_entry</STRONG> (Thumb, 2256 bytes, Stack size 80 bytes, hal_entry_1.o(.text.hal_entry))
<BR><BR>[Stack]<UL><LI>Max Depth = 344<LI>Call Chain = hal_entry &rArr; __0sscanf &rArr; __vfscanf_char &rArr; __vfscanf &rArr; _scanf_real
</UL>
<BR>[Calls]<UL><LI><a href="#[66]">&gt;&gt;</a>&nbsp;&nbsp;&nbsp;memcmp
<LI><a href="#[67]">&gt;&gt;</a>&nbsp;&nbsp;&nbsp;strstr
<LI><a href="#[68]">&gt;&gt;</a>&nbsp;&nbsp;&nbsp;Bh1750_ReadLux
<LI><a href="#[40]">&gt;&gt;</a>&nbsp;&nbsp;&nbsp;Dht22_Read
<LI><a href="#[43]">&gt;&gt;</a>&nbsp;&nbsp;&nbsp;R_BSP_SoftwareDelay
<LI><a href="#[3e]">&gt;&gt;</a>&nbsp;&nbsp;&nbsp;Bh1750_Init
<LI><a href="#[61]">&gt;&gt;</a>&nbsp;&nbsp;&nbsp;Uart_StartRx
<LI><a href="#[5d]">&gt;&gt;</a>&nbsp;&nbsp;&nbsp;Uart_Init
<LI><a href="#[49]">&gt;&gt;</a>&nbsp;&nbsp;&nbsp;Hmi_SendCmd
<LI><a href="#[48]">&gt;&gt;</a>&nbsp;&nbsp;&nbsp;Uart_Send
<LI><a href="#[46]">&gt;&gt;</a>&nbsp;&nbsp;&nbsp;Uart_Printf
<LI><a href="#[45]">&gt;&gt;</a>&nbsp;&nbsp;&nbsp;Farm_Data_Analysis
<LI><a href="#[65]">&gt;&gt;</a>&nbsp;&nbsp;&nbsp;Farm_Data_Init
<LI><a href="#[27]">&gt;&gt;</a>&nbsp;&nbsp;&nbsp;__0sscanf
<LI><a href="#[4a]">&gt;&gt;</a>&nbsp;&nbsp;&nbsp;__2snprintf
</UL>
<BR>[Called By]<UL><LI><a href="#[54]">&gt;&gt;</a>&nbsp;&nbsp;&nbsp;main
</UL>

<P><STRONG><a name="[54]"></a>main</STRONG> (Thumb, 10 bytes, Stack size 8 bytes, main.o(.text.main))
<BR><BR>[Stack]<UL><LI>Max Depth = 352<LI>Call Chain = main &rArr; hal_entry &rArr; __0sscanf &rArr; __vfscanf_char &rArr; __vfscanf &rArr; _scanf_real
</UL>
<BR>[Calls]<UL><LI><a href="#[64]">&gt;&gt;</a>&nbsp;&nbsp;&nbsp;hal_entry
</UL>
<BR>[Called By]<UL><LI><a href="#[0]">&gt;&gt;</a>&nbsp;&nbsp;&nbsp;Reset_Handler
</UL>

<P><STRONG><a name="[16]"></a>sci_i2c_master_callback</STRONG> (Thumb, 50 bytes, Stack size 0 bytes, hal_entry_1.o(.text.sci_i2c_master_callback))
<BR>[Address Reference Count : 1]<UL><LI> hal_data.o(.rodata.g_i2c5_cfg)
</UL>
<P><STRONG><a name="[10]"></a>sci_i2c_tei_isr</STRONG> (Thumb, 284 bytes, Stack size 16 bytes, r_sci_i2c.o(.text.sci_i2c_tei_isr))
<BR><BR>[Stack]<UL><LI>Max Depth = 16<LI>Call Chain = sci_i2c_tei_isr
</UL>
<BR>[Address Reference Count : 1]<UL><LI> vector_data.o(.application_vectors)
</UL>
<P><STRONG><a name="[f]"></a>sci_i2c_txi_isr</STRONG> (Thumb, 296 bytes, Stack size 0 bytes, r_sci_i2c.o(.text.sci_i2c_txi_isr))
<BR>[Address Reference Count : 1]<UL><LI> vector_data.o(.application_vectors)
</UL>
<P><STRONG><a name="[e]"></a>sci_uart_eri_isr</STRONG> (Thumb, 106 bytes, Stack size 16 bytes, r_sci_uart.o(.text.sci_uart_eri_isr))
<BR><BR>[Stack]<UL><LI>Max Depth = 48<LI>Call Chain = sci_uart_eri_isr &rArr; r_sci_uart_call_callback
</UL>
<BR>[Calls]<UL><LI><a href="#[69]">&gt;&gt;</a>&nbsp;&nbsp;&nbsp;r_sci_uart_call_callback
</UL>
<BR>[Address Reference Count : 1]<UL><LI> vector_data.o(.application_vectors)
</UL>
<P><STRONG><a name="[b]"></a>sci_uart_rxi_isr</STRONG> (Thumb, 136 bytes, Stack size 16 bytes, r_sci_uart.o(.text.sci_uart_rxi_isr))
<BR><BR>[Stack]<UL><LI>Max Depth = 48<LI>Call Chain = sci_uart_rxi_isr &rArr; r_sci_uart_call_callback
</UL>
<BR>[Calls]<UL><LI><a href="#[6a]">&gt;&gt;</a>&nbsp;&nbsp;&nbsp;__aeabi_memcpy
<LI><a href="#[69]">&gt;&gt;</a>&nbsp;&nbsp;&nbsp;r_sci_uart_call_callback
</UL>
<BR>[Address Reference Count : 1]<UL><LI> vector_data.o(.application_vectors)
</UL>
<P><STRONG><a name="[d]"></a>sci_uart_tei_isr</STRONG> (Thumb, 74 bytes, Stack size 8 bytes, r_sci_uart.o(.text.sci_uart_tei_isr))
<BR><BR>[Stack]<UL><LI>Max Depth = 40<LI>Call Chain = sci_uart_tei_isr &rArr; r_sci_uart_call_callback
</UL>
<BR>[Calls]<UL><LI><a href="#[69]">&gt;&gt;</a>&nbsp;&nbsp;&nbsp;r_sci_uart_call_callback
</UL>
<BR>[Address Reference Count : 1]<UL><LI> vector_data.o(.application_vectors)
</UL>
<P><STRONG><a name="[c]"></a>sci_uart_txi_isr</STRONG> (Thumb, 136 bytes, Stack size 0 bytes, r_sci_uart.o(.text.sci_uart_txi_isr))
<BR><BR>[Stack]<UL><LI>Max Depth = 32<LI>Call Chain = sci_uart_txi_isr &rArr; r_sci_uart_call_callback
</UL>
<BR>[Calls]<UL><LI><a href="#[69]">&gt;&gt;</a>&nbsp;&nbsp;&nbsp;r_sci_uart_call_callback
</UL>
<BR>[Address Reference Count : 1]<UL><LI> vector_data.o(.application_vectors)
</UL>
<P><STRONG><a name="[1f]"></a>uart2_callback</STRONG> (Thumb, 22 bytes, Stack size 0 bytes, hal_entry_1.o(.text.uart2_callback))
<BR>[Address Reference Count : 1]<UL><LI> hal_data.o(.rodata.g_uart2_cfg)
</UL>
<P><STRONG><a name="[20]"></a>uart4_callback</STRONG> (Thumb, 40 bytes, Stack size 0 bytes, hal_entry_1.o(.text.uart4_callback))
<BR>[Address Reference Count : 1]<UL><LI> hal_data.o(.rodata.g_uart4_cfg)
</UL>
<P><STRONG><a name="[21]"></a>uart7_callback</STRONG> (Thumb, 22 bytes, Stack size 0 bytes, hal_entry_1.o(.text.uart7_callback))
<BR>[Address Reference Count : 1]<UL><LI> hal_data.o(.rodata.g_uart7_cfg)
</UL>
<P><STRONG><a name="[22]"></a>uart8_callback</STRONG> (Thumb, 40 bytes, Stack size 0 bytes, hal_entry_1.o(.text.uart8_callback))
<BR>[Address Reference Count : 1]<UL><LI> hal_data.o(.rodata.g_uart8_cfg)
</UL>
<P><STRONG><a name="[23]"></a>uart9_callback</STRONG> (Thumb, 40 bytes, Stack size 0 bytes, hal_entry_1.o(.text.uart9_callback))
<BR>[Address Reference Count : 1]<UL><LI> hal_data.o(.rodata.g_uart9_cfg)
</UL>
<P><STRONG><a name="[6b]"></a>__0snprintf</STRONG> (Thumb, 48 bytes, Stack size 40 bytes, printfa.o(i.__0snprintf), UNUSED)
<BR><BR>[Calls]<UL><LI><a href="#[6c]">&gt;&gt;</a>&nbsp;&nbsp;&nbsp;_printf_core
</UL>

<P><STRONG><a name="[7f]"></a>__1snprintf</STRONG> (Thumb, 0 bytes, Stack size 40 bytes, printfa.o(i.__0snprintf), UNUSED)

<P><STRONG><a name="[4a]"></a>__2snprintf</STRONG> (Thumb, 0 bytes, Stack size 40 bytes, printfa.o(i.__0snprintf))
<BR><BR>[Stack]<UL><LI>Max Depth = 40<LI>Call Chain = __2snprintf
</UL>
<BR>[Called By]<UL><LI><a href="#[64]">&gt;&gt;</a>&nbsp;&nbsp;&nbsp;hal_entry
<LI><a href="#[49]">&gt;&gt;</a>&nbsp;&nbsp;&nbsp;Hmi_SendCmd
</UL>

<P><STRONG><a name="[80]"></a>__c89snprintf</STRONG> (Thumb, 0 bytes, Stack size 40 bytes, printfa.o(i.__0snprintf), UNUSED)

<P><STRONG><a name="[81]"></a>snprintf</STRONG> (Thumb, 0 bytes, Stack size 40 bytes, printfa.o(i.__0snprintf), UNUSED)

<P><STRONG><a name="[6d]"></a>__0vsnprintf</STRONG> (Thumb, 46 bytes, Stack size 24 bytes, printfa.o(i.__0vsnprintf), UNUSED)
<BR><BR>[Calls]<UL><LI><a href="#[6c]">&gt;&gt;</a>&nbsp;&nbsp;&nbsp;_printf_core
</UL>

<P><STRONG><a name="[82]"></a>__1vsnprintf</STRONG> (Thumb, 0 bytes, Stack size 24 bytes, printfa.o(i.__0vsnprintf), UNUSED)

<P><STRONG><a name="[83]"></a>__2vsnprintf</STRONG> (Thumb, 0 bytes, Stack size 24 bytes, printfa.o(i.__0vsnprintf), UNUSED)

<P><STRONG><a name="[84]"></a>__c89vsnprintf</STRONG> (Thumb, 0 bytes, Stack size 24 bytes, printfa.o(i.__0vsnprintf), UNUSED)

<P><STRONG><a name="[5f]"></a>vsnprintf</STRONG> (Thumb, 0 bytes, Stack size 24 bytes, printfa.o(i.__0vsnprintf))
<BR><BR>[Stack]<UL><LI>Max Depth = 24<LI>Call Chain = vsnprintf
</UL>
<BR>[Called By]<UL><LI><a href="#[46]">&gt;&gt;</a>&nbsp;&nbsp;&nbsp;Uart_Printf
</UL>

<P><STRONG><a name="[2e]"></a>_is_digit</STRONG> (Thumb, 14 bytes, Stack size 0 bytes, scanf_fp.o(i._is_digit), UNUSED)
<BR><BR>[Called By]<UL><LI><a href="#[2d]">&gt;&gt;</a>&nbsp;&nbsp;&nbsp;_scanf_really_real
</UL>
<P>
<H3>
Local Symbols
</H3>
<P><STRONG><a name="[3f]"></a>bh1750_write_cmd</STRONG> (Thumb, 112 bytes, Stack size 24 bytes, driver_bh1750_1.o(.text.bh1750_write_cmd))
<BR><BR>[Stack]<UL><LI>Max Depth = 24<LI>Call Chain = bh1750_write_cmd
</UL>
<BR>[Called By]<UL><LI><a href="#[3e]">&gt;&gt;</a>&nbsp;&nbsp;&nbsp;Bh1750_Init
</UL>

<P><STRONG><a name="[57]"></a>SystemRuntimeInit</STRONG> (Thumb, 90 bytes, Stack size 24 bytes, system.o(.text.SystemRuntimeInit))
<BR><BR>[Stack]<UL><LI>Max Depth = 24<LI>Call Chain = SystemRuntimeInit
</UL>
<BR>[Calls]<UL><LI><a href="#[5b]">&gt;&gt;</a>&nbsp;&nbsp;&nbsp;__aeabi_memclr4
<LI><a href="#[5c]">&gt;&gt;</a>&nbsp;&nbsp;&nbsp;__aeabi_memcpy4
</UL>
<BR>[Called By]<UL><LI><a href="#[53]">&gt;&gt;</a>&nbsp;&nbsp;&nbsp;SystemInit
</UL>

<P><STRONG><a name="[50]"></a>r_ioport_pins_config</STRONG> (Thumb, 192 bytes, Stack size 16 bytes, r_ioport.o(.text.r_ioport_pins_config), UNUSED)
<BR><BR>[Calls]<UL><LI><a href="#[51]">&gt;&gt;</a>&nbsp;&nbsp;&nbsp;bsp_vbatt_init
</UL>
<BR>[Called By]<UL><LI><a href="#[4f]">&gt;&gt;</a>&nbsp;&nbsp;&nbsp;R_IOPORT_Open
</UL>

<P><STRONG><a name="[51]"></a>bsp_vbatt_init</STRONG> (Thumb, 204 bytes, Stack size 40 bytes, r_ioport.o(.text.bsp_vbatt_init))
<BR><BR>[Stack]<UL><LI>Max Depth = 48<LI>Call Chain = bsp_vbatt_init &rArr; R_BSP_RegisterProtectDisable
</UL>
<BR>[Calls]<UL><LI><a href="#[4d]">&gt;&gt;</a>&nbsp;&nbsp;&nbsp;R_BSP_RegisterProtectEnable
<LI><a href="#[4c]">&gt;&gt;</a>&nbsp;&nbsp;&nbsp;R_BSP_RegisterProtectDisable
<LI><a href="#[43]">&gt;&gt;</a>&nbsp;&nbsp;&nbsp;R_BSP_SoftwareDelay
</UL>
<BR>[Called By]<UL><LI><a href="#[50]">&gt;&gt;</a>&nbsp;&nbsp;&nbsp;r_ioport_pins_config
<LI><a href="#[41]">&gt;&gt;</a>&nbsp;&nbsp;&nbsp;R_IOPORT_PinCfg
</UL>

<P><STRONG><a name="[52]"></a>sci_i2c_read_write</STRONG> (Thumb, 152 bytes, Stack size 0 bytes, r_sci_i2c.o(.text.sci_i2c_read_write))
<BR><BR>[Called By]<UL><LI><a href="#[19]">&gt;&gt;</a>&nbsp;&nbsp;&nbsp;R_SCI_I2C_Write
<LI><a href="#[18]">&gt;&gt;</a>&nbsp;&nbsp;&nbsp;R_SCI_I2C_Read
</UL>

<P><STRONG><a name="[69]"></a>r_sci_uart_call_callback</STRONG> (Thumb, 64 bytes, Stack size 32 bytes, r_sci_uart.o(.text.r_sci_uart_call_callback))
<BR><BR>[Stack]<UL><LI>Max Depth = 32<LI>Call Chain = r_sci_uart_call_callback
</UL>
<BR>[Called By]<UL><LI><a href="#[e]">&gt;&gt;</a>&nbsp;&nbsp;&nbsp;sci_uart_eri_isr
<LI><a href="#[d]">&gt;&gt;</a>&nbsp;&nbsp;&nbsp;sci_uart_tei_isr
<LI><a href="#[b]">&gt;&gt;</a>&nbsp;&nbsp;&nbsp;sci_uart_rxi_isr
<LI><a href="#[c]">&gt;&gt;</a>&nbsp;&nbsp;&nbsp;sci_uart_txi_isr
</UL>

<P><STRONG><a name="[6e]"></a>_fp_digits</STRONG> (Thumb, 366 bytes, Stack size 64 bytes, printfa.o(i._fp_digits), UNUSED)
<BR><BR>[Calls]<UL><LI><a href="#[30]">&gt;&gt;</a>&nbsp;&nbsp;&nbsp;__aeabi_uldivmod
<LI><a href="#[2b]">&gt;&gt;</a>&nbsp;&nbsp;&nbsp;__aeabi_dmul
<LI><a href="#[2c]">&gt;&gt;</a>&nbsp;&nbsp;&nbsp;__aeabi_ddiv
<LI><a href="#[34]">&gt;&gt;</a>&nbsp;&nbsp;&nbsp;__aeabi_dadd
<LI><a href="#[3a]">&gt;&gt;</a>&nbsp;&nbsp;&nbsp;__aeabi_d2ulz
<LI><a href="#[6f]">&gt;&gt;</a>&nbsp;&nbsp;&nbsp;__aeabi_cdrcmple
</UL>
<BR>[Called By]<UL><LI><a href="#[6c]">&gt;&gt;</a>&nbsp;&nbsp;&nbsp;_printf_core
</UL>

<P><STRONG><a name="[6c]"></a>_printf_core</STRONG> (Thumb, 1744 bytes, Stack size 136 bytes, printfa.o(i._printf_core), UNUSED)
<BR><BR>[Calls]<UL><LI><a href="#[30]">&gt;&gt;</a>&nbsp;&nbsp;&nbsp;__aeabi_uldivmod
<LI><a href="#[72]">&gt;&gt;</a>&nbsp;&nbsp;&nbsp;__aeabi_uidivmod
<LI><a href="#[70]">&gt;&gt;</a>&nbsp;&nbsp;&nbsp;_printf_pre_padding
<LI><a href="#[71]">&gt;&gt;</a>&nbsp;&nbsp;&nbsp;_printf_post_padding
<LI><a href="#[6e]">&gt;&gt;</a>&nbsp;&nbsp;&nbsp;_fp_digits
</UL>
<BR>[Called By]<UL><LI><a href="#[6d]">&gt;&gt;</a>&nbsp;&nbsp;&nbsp;__0vsnprintf
<LI><a href="#[6b]">&gt;&gt;</a>&nbsp;&nbsp;&nbsp;__0snprintf
</UL>

<P><STRONG><a name="[71]"></a>_printf_post_padding</STRONG> (Thumb, 36 bytes, Stack size 24 bytes, printfa.o(i._printf_post_padding), UNUSED)
<BR><BR>[Called By]<UL><LI><a href="#[6c]">&gt;&gt;</a>&nbsp;&nbsp;&nbsp;_printf_core
</UL>

<P><STRONG><a name="[70]"></a>_printf_pre_padding</STRONG> (Thumb, 46 bytes, Stack size 24 bytes, printfa.o(i._printf_pre_padding), UNUSED)
<BR><BR>[Called By]<UL><LI><a href="#[6c]">&gt;&gt;</a>&nbsp;&nbsp;&nbsp;_printf_core
</UL>

<P><STRONG><a name="[15]"></a>_snputc</STRONG> (Thumb, 22 bytes, Stack size 0 bytes, printfa.o(i._snputc))
<BR>[Address Reference Count : 2]<UL><LI> printfa.o(i.__0snprintf)
<LI> printfa.o(i.__0vsnprintf)
</UL>
<P><STRONG><a name="[29]"></a>_fp_value</STRONG> (Thumb, 296 bytes, Stack size 64 bytes, scanf_fp.o(.text), UNUSED)
<BR><BR>[Calls]<UL><LI><a href="#[2a]">&gt;&gt;</a>&nbsp;&nbsp;&nbsp;__aeabi_ul2d
<LI><a href="#[2b]">&gt;&gt;</a>&nbsp;&nbsp;&nbsp;__aeabi_dmul
<LI><a href="#[2c]">&gt;&gt;</a>&nbsp;&nbsp;&nbsp;__aeabi_ddiv
</UL>
<BR>[Called By]<UL><LI><a href="#[2d]">&gt;&gt;</a>&nbsp;&nbsp;&nbsp;_scanf_really_real
</UL>

<P><STRONG><a name="[13]"></a>_scanf_char_input</STRONG> (Thumb, 12 bytes, Stack size 0 bytes, scanf_char.o(.text))
<BR>[Address Reference Count : 1]<UL><LI> scanf_char.o(.text)
</UL><P>
<H3>
Undefined Global Symbols
</H3><HR></body></html>
