Component: Arm Compiler for Embedded 6.24 Tool: armlink [5f371500]

==============================================================================

Section Cross References

    hal_entry.o(.ARM.exidx.text.sci_i2c4_master_callback) refers to hal_entry.o(.text.sci_i2c4_master_callback) for [Anonymous Symbol]
    hal_entry.o(.text.user_uart2_callback) refers to hal_entry.o(.bss.uart_send_complete_flag) for uart_send_complete_flag
    hal_entry.o(.ARM.exidx.text.user_uart2_callback) refers to hal_entry.o(.text.user_uart2_callback) for [Anonymous Symbol]
    hal_entry.o(.text.adc_callback) refers to hal_data.o(.bss.g_transfer0_ctrl) for g_transfer0_ctrl
    hal_entry.o(.text.adc_callback) refers to hal_entry.o(.bss.adc_result_buffer) for adc_result_buffer
    hal_entry.o(.text.adc_callback) refers to r_dtc.o(.text.R_DTC_Reset) for R_DTC_Reset
    hal_entry.o(.text.adc_callback) refers to hal_entry.o(.bss.err) for err
    hal_entry.o(.text.adc_callback) refers to hal_data.o(.bss.g_adc0_ctrl) for g_adc0_ctrl
    hal_entry.o(.text.adc_callback) refers to r_adc.o(.text.R_ADC_ScanStart) for R_ADC_ScanStart
    hal_entry.o(.ARM.exidx.text.adc_callback) refers to hal_entry.o(.text.adc_callback) for [Anonymous Symbol]
    hal_entry.o(.text.hal_entry) refers to pump.o(.text.Pump_Init) for Pump_Init
    hal_entry.o(.text.hal_entry) refers to uart2.o(.text.UART2_Init) for UART2_Init
    hal_entry.o(.text.hal_entry) refers to hal_entry.o(.bss.err1) for err1
    hal_entry.o(.text.hal_entry) refers to i2c4.o(.text.I2C4_Init) for I2C4_Init
    hal_entry.o(.text.hal_entry) refers to bh1750.o(.text.BH1750_Init) for BH1750_Init
    hal_entry.o(.text.hal_entry) refers to hal_entry.o(.bss.err) for err
    hal_entry.o(.text.hal_entry) refers to adc0.o(.text.ADC0_Init) for ADC0_Init
    hal_entry.o(.text.hal_entry) refers to hal_entry.o(.bss.adc_result_buffer) for adc_result_buffer
    hal_entry.o(.text.hal_entry) refers to dtc.o(.text.DTC_Init) for DTC_Init
    hal_entry.o(.text.hal_entry) refers to adc0.o(.text.adc0_Scan_Start) for adc0_Scan_Start
    hal_entry.o(.text.hal_entry) refers to hal_data.o(.rodata.g_uart2) for g_uart2
    hal_entry.o(.text.hal_entry) refers to hal_entry.o(.bss.solidmositure_humidity) for solidmositure_humidity
    hal_entry.o(.text.hal_entry) refers to adc_solidmoisture.o(.text.data_handle) for data_handle
    hal_entry.o(.text.hal_entry) refers to rainfall.o(.text.Get_Rainfall) for Get_Rainfall
    hal_entry.o(.text.hal_entry) refers to hal_entry.o(.bss.rainfall_humidity) for rainfall_humidity
    hal_entry.o(.text.hal_entry) refers to bh1750.o(.text.BH1750_ReadLux) for BH1750_ReadLux
    hal_entry.o(.text.hal_entry) refers to pump.o(.text.Pump_On) for Pump_On
    hal_entry.o(.text.hal_entry) refers to bsp_delay.o(.text.R_BSP_SoftwareDelay) for R_BSP_SoftwareDelay
    hal_entry.o(.text.hal_entry) refers to pump.o(.text.Pump_Off) for Pump_Off
    hal_entry.o(.text.hal_entry) refers to rainfall.o(.text.rainfall_datahandle) for rainfall_datahandle
    hal_entry.o(.text.hal_entry) refers to f2d.o(.text) for __aeabi_f2d
    hal_entry.o(.text.hal_entry) refers to printfa.o(i.__0sprintf) for __2sprintf
    hal_entry.o(.text.hal_entry) refers to hal_entry.o(.bss.uart_send_complete_flag) for uart_send_complete_flag
    hal_entry.o(.text.hal_entry) refers to strlen.o(.text) for strlen
    hal_entry.o(.ARM.exidx.text.hal_entry) refers to hal_entry.o(.text.hal_entry) for [Anonymous Symbol]
    hal_warmstart.o(.text.R_BSP_WarmStart) refers to common_data.o(.bss.g_ioport_ctrl) for g_ioport_ctrl
    hal_warmstart.o(.text.R_BSP_WarmStart) refers to pin_data.o(.rodata.g_bsp_pin_cfg) for g_bsp_pin_cfg
    hal_warmstart.o(.text.R_BSP_WarmStart) refers to r_ioport.o(.text.R_IOPORT_Open) for R_IOPORT_Open
    hal_warmstart.o(.ARM.exidx.text.R_BSP_WarmStart) refers to hal_warmstart.o(.text.R_BSP_WarmStart) for [Anonymous Symbol]
    rainfall.o(.ARM.exidx.text.Get_Rainfall) refers to rainfall.o(.text.Get_Rainfall) for [Anonymous Symbol]
    rainfall.o(.text.rainfall_datahandle) refers to dfltui.o(.text) for __aeabi_ui2d
    rainfall.o(.text.rainfall_datahandle) refers to dmul.o(.text) for __aeabi_dmul
    rainfall.o(.text.rainfall_datahandle) refers to ddiv.o(.text) for __aeabi_ddiv
    rainfall.o(.text.rainfall_datahandle) refers to d2f.o(.text) for __aeabi_d2f
    rainfall.o(.text.rainfall_datahandle) refers to f2d.o(.text) for __aeabi_f2d
    rainfall.o(.text.rainfall_datahandle) refers to dcmpgt.o(.text) for __aeabi_dcmpgt
    rainfall.o(.text.rainfall_datahandle) refers to dcmpge.o(.text) for __aeabi_dcmpge
    rainfall.o(.text.rainfall_datahandle) refers to dcmplt.o(.text) for __aeabi_dcmplt
    rainfall.o(.ARM.exidx.text.rainfall_datahandle) refers to rainfall.o(.text.rainfall_datahandle) for [Anonymous Symbol]
    uart2.o(.text.UART2_Init) refers to hal_data.o(.rodata.g_uart2) for g_uart2
    uart2.o(.text.UART2_Init) refers to bsp_delay.o(.text.R_BSP_SoftwareDelay) for R_BSP_SoftwareDelay
[...]
    Image$$__ospi0_cs0_from_ospi0_cs1$$Base  0x68000000   Number         0  anon$$obj.o ABSOLUTE
    Image$$__ospi0_cs0_from_ospi0_cs1$$Limit 0x68000000   Number         0  anon$$obj.o ABSOLUTE
    Image$$__ospi0_cs0_from_qspi_flash$$Base 0x68000000   Number         0  anon$$obj.o ABSOLUTE
    Image$$__ospi0_cs0_from_qspi_flash$$Limit 0x68000000   Number         0  anon$$obj.o ABSOLUTE
    Image$$__ospi0_cs0_noinit_nocache$$ZI$$Base 0x68000000   Number         0  anon$$obj.o ABSOLUTE
    Image$$__ospi0_cs0_zero$$ZI$$Base        0x68000000   Number         0  anon$$obj.o ABSOLUTE
    Image$$__ospi0_cs0_zero$$ZI$$Limit       0x68000000   Number         0  anon$$obj.o ABSOLUTE
    Image$$__ospi0_cs0_zero_nocache$$ZI$$Base 0x68000000   Number         0  anon$$obj.o ABSOLUTE
    Image$$__ospi0_cs0_zero_nocache_pad$$ZI$$Limit 0x68000000   Number         0  anon$$obj.o ABSOLUTE
    Image$$__ddsc_OSPI0_CS1_END$$Base        0x70000000   Number         0  anon$$obj.o ABSOLUTE
    Image$$__ddsc_OSPI0_CS1_START$$Base      0x70000000   Number         0  anon$$obj.o ABSOLUTE
    Load$$__ospi0_cs0_from_ospi0_cs1$$Base   0x70000000   Number         0  anon$$obj.o ABSOLUTE
    Load$$__ram_from_ospi0_cs1$$Base         0x70000000   Number         0  anon$$obj.o ABSOLUTE



==============================================================================

Memory Map of the image

  Image Entry point : 0x00001919

  Load Region LOAD_REGION_QSPI_FLASH (Base: 0x60000000, Size: 0x00000000, Max: 0x04000000, ABSOLUTE)

    Execution Region __RAM_start (Exec base: 0x20000000, Load base: 0x60000000, Size: 0x00000000, Max: 0x00000000, ABSOLUTE)

    Exec Addr    Load Addr    Size         Type   Attr      Idx    E Section Name        Object

    0x20000000        -       0x00000000   Zero   RW            8    __RAM_start.bss     anon$$obj.o


    Execution Region __ddsc_RAM_START (Exec base: 0x20000000, Load base: 0x60000000, Size: 0x00000000, Max: 0x00000000, ABSOLUTE)

    Exec Addr    Load Addr    Size         Type   Attr      Idx    E Section Name        Object

    0x20000000        -       0x00000000   Zero   RW            9    __ddsc_RAM_START.bss  anon$$obj.o


    Execution Region .ram.startof (Exec base: 0x20000000, Load base: 0x60000000, Size: 0x00000000, Max: 0x00000000, ABSOLUTE)

    Exec Addr    Load Addr    Size         Type   Attr      Idx    E Section Name        Object

    0x20000000        -       0x00000000   Zero   RW           10    .ram.startof.bss    anon$$obj.o


    Execution Region __ram_dtc_vector (Exec base: 0x20000000, Load base: 0x60000000, Size: 0x0000001c, Max: 0xffffffff, ABSOLUTE, UNINIT)

    Exec Addr    Load Addr    Size         Type   Attr      Idx    E Section Name        Object

    0x20000000        -       0x0000001c   Zero   RW          548    .bss.fsp_dtc_vector_table  r_dtc.o


    Execution Region __ram_from_qspi_flash (Exec base: 0x2000001c, Load base: 0x60000000, Size: 0x00000000, Max: 0xffffffff, ABSOLUTE)

    **** No section assigned to this execution region ****


    Execution Region __QSPI_FLASH_start (Exec base: 0x60000000, Load base: 0x60000000, Size: 0x00000000, Max: 0x00000000, ABSOLUTE)

    Exec Addr    Load Addr    Size         Type   Attr      Idx    E Section Name        Object

    0x60000000        -       0x00000000   Zero   RW            1    __QSPI_FLASH_start.bss  anon$$obj.o


    Execution Region __QSPI_FLASH_init (Exec base: 0x60000000, Load base: 0x60000000, Size: 0x00000000, Max: 0x00000000, ABSOLUTE)

    Exec Addr    Load Addr    Size         Type   Attr      Idx    E Section Name        Object

    0x60000000        -       0x00000000   Zero   RW            2    __QSPI_FLASH_init.bss  anon$$obj.o


    Execution Region __ddsc_QSPI_FLASH_START (Exec base: 0x60000000, Load base: 0x60000000, Size: 0x00000000, Max: 0x00000000, ABSOLUTE)

    Exec Addr    Load Addr    Size         Type   Attr      Idx    E Section Name        Object

    0x60000000        -       0x00000000   Zero   RW            3    __ddsc_QSPI_FLASH_START.bss  anon$$obj.o


    Execution Region .qspi_flash.startof (Exec base: 0x60000000, Load base: 0x60000000, Size: 0x00000000, Max: 0x00000000, ABSOLUTE)

    Exec Addr    Load Addr    Size         Type   Attr      Idx    E Section Name        Object

    0x60000000        -       0x00000000   Zero   RW            4    .qspi_flash.startof.bss  anon$$obj.o


    Execution Region __OSPI0_CS0_start (Exec base: 0x68000000, Load base: 0x60000000, Size: 0x00000000, Max: 0x00000000, ABSOLUTE)

    Exec Addr    Load Addr    Size         Type   Attr      Idx    E Section Name        Object

    0x68000000        -       0x00000000   Zero   RW            5    __OSPI0_CS0_start.bss  anon$$obj.o


    Execution Region __ddsc_OSPI0_CS0_START (Exec base: 0x68000000, Load base: 0x60000000, Size: 0x00000000, Max: 0x00000000, ABSOLUTE)

    Exec Addr    Load Addr    Size         Type   Attr      Idx    E Section Name        Object

    0x68000000        -       0x00000000   Zero   RW            6    __ddsc_OSPI0_CS0_START.bss  anon$$obj.o


    Execution Region .ospi0_cs0.startof (Exec base: 0x68000000, Load base: 0x60000000, Size: 0x00000000, Max: 0x00000000, ABSOLUTE)

    Exec Addr    Load Addr    Size         Type   Attr      Idx    E Section Name        Object

    0x68000000        -       0x00000000   Zero   RW            7    .ospi0_cs0.startof.bss  anon$$obj.o


    Execution Region __ospi0_cs0_from_qspi_flash (Exec base: 0x68000000, Load base: 0x60000000, Size: 0x00000000, Max: 0xffffffff, ABSOLUTE)

    **** No section assigned to this execution region ****



  Load Region LOAD_REGION_QSPI_FLASH_JUMP (Base: 0x60000000, Size: 0x00000000, Max: 0xffffffff, ABSOLUTE)

    Execution Region __qspi_flash_readonly (Exec base: 0x60000000, Load base: 0x60000000, Size: 0x00000000, Max: 0xffffffff, ABSOLUTE, FIXED)

    **** No section assigned to this execution region ****


    Execution Region __qspi_flash_noinit (Exec base: 0x60000000, Load base: 0x60000000, Size: 0x00000000, Max: 0xffffffff, ABSOLUTE, UNINIT, FIXED)

    **** No section assigned to this execution region ****


    Execution Region __ddsc_QSPI_FLASH_END (Exec base: 0x60000000, Load base: 0x60000000, Size: 0x00000000, Max: 0x00000000, ABSOLUTE)

    Exec Addr    Load Addr    Size         Type   Attr      Idx    E Section Name        Object

    0x60000000        -       0x00000000   Zero   RW           11    __ddsc_QSPI_FLASH_END.bss  anon$$obj.o


    Execution Region .qspi_flash.endof (Exec base: 0x60000000, Load base: 0x60000000, Size: 0x00000000, Max: 0x00000000, ABSOLUTE)

    Exec Addr    Load Addr    Size         Type   Attr      Idx    E Section Name        Object

    0x60000000        -       0x00000000   Zero   RW           12    .qspi_flash.endof.bss  anon$$obj.o


    Execution Region __QSPI_FLASH_end (Exec base: 0x60000000, Load base: 0x60000000, Size: 0x00000000, Max: 0x00000000, ABSOLUTE)

    Exec Addr    Load Addr    Size         Type   Attr      Idx    E Section Name        Object

    0x60000000        -       0x00000000   Zero   RW           13    __QSPI_FLASH_end.bss  anon$$obj.o



  Load Region LOAD_REGION_OSPI0_CS1 (Base: 0x70000000, Size: 0x00000000, Max: 0x10000000, ABSOLUTE)

    Execution Region __ram_from_qspi_flash_jump (Exec base: 0x2000001c, Load base: 0x70000000, Size: 0x00000000, Max: 0x00000000, ABSOLUTE)

    Exec Addr    Load Addr    Size         Type   Attr      Idx    E Section Name        Object

    0x2000001c        -       0x00000000   Zero   RW           19    __ram_from_qspi_flash_jump.bss  anon$$obj.o


    Execution Region __ram_from_ospi0_cs1 (Exec base: 0x2000001c, Load base: 0x70000000, Size: 0x00000000, Max: 0xffffffff, ABSOLUTE)

    **** No section assigned to this execution region ****


    Execution Region __ospi0_cs0_from_qspi_flash_jump (Exec base: 0x68000000, Load base: 0x70000000, Size: 0x00000000, Max: 0x00000000, ABSOLUTE)

    Exec Addr    Load Addr    Size         Type   Attr      Idx    E Section Name        Object

    0x68000000        -       0x00000000   Zero   RW           18    __ospi0_cs0_from_qspi_flash_jump.bss  anon$$obj.o


    Execution Region __ospi0_cs0_from_ospi0_cs1 (Exec base: 0x68000000, Load base: 0x70000000, Size: 0x00000000, Max: 0xffffffff, ABSOLUTE)

    **** No section assigned to this execution region ****


    Execution Region __OSPI0_CS1_start (Exec base: 0x70000000, Load base: 0x70000000, Size: 0x00000000, Max: 0x00000000, ABSOLUTE)

    Exec Addr    Load Addr    Size         Type   Attr      Idx    E Section Name        Object

    0x70000000        -       0x00000000   Zero   RW           14    __OSPI0_CS1_start.bss  anon$$obj.o


    Execution Region __OSPI0_CS1_init (Exec base: 0x70000000, Load base: 0x70000000, Size: 0x00000000, Max: 0x00000000, ABSOLUTE)

    Exec Addr    Load Addr    Size         Type   Attr      Idx    E Section Name        Object

    0x70000000        -       0x00000000   Zero   RW           15    __OSPI0_CS1_init.bss  anon$$obj.o


    Execution Region __ddsc_OSPI0_CS1_START (Exec base: 0x70000000, Load base: 0x70000000, Size: 0x00000000, Max: 0x00000000, ABSOLUTE)

    Exec Addr    Load Addr    Size         Type   Attr      Idx    E Section Name        Object

    0x70000000        -       0x00000000   Zero   RW           16    __ddsc_OSPI0_CS1_START.bss  anon$$obj.o


    Execution Region .ospi0_cs1.startof (Exec base: 0x70000000, Load base: 0x70000000, Size: 0x00000000, Max: 0x00000000, ABSOLUTE)

    Exec Addr    Load Addr    Size         Type   Attr      Idx    E Section Name        Object

    0x70000000        -       0x00000000   Zero   RW           17    .ospi0_cs1.startof.bss  anon$$obj.o



  Load Region LOAD_REGION_OSPI0_CS1_JUMP (Base: 0x70000000, Size: 0x00000000, Max: 0xffffffff, ABSOLUTE)

    Execution Region __ospi0_cs1_readonly (Exec base: 0x70000000, Load base: 0x70000000, Size: 0x00000000, Max: 0xffffffff, ABSOLUTE, FIXED)

    **** No section assigned to this execution region ****


    Execution Region __ospi0_cs1_noinit (Exec base: 0x70000000, Load base: 0x70000000, Size: 0x00000000, Max: 0xffffffff, ABSOLUTE, UNINIT, FIXED)

    **** No section assigned to this execution region ****


    Execution Region __ddsc_OSPI0_CS1_END (Exec base: 0x70000000, Load base: 0x70000000, Size: 0x00000000, Max: 0x00000000, ABSOLUTE)

    Exec Addr    Load Addr    Size         Type   Attr      Idx    E Section Name        Object

    0x70000000        -       0x00000000   Zero   RW           20    __ddsc_OSPI0_CS1_END.bss  anon$$obj.o


    Execution Region .ospi0_cs1.endof (Exec base: 0x70000000, Load base: 0x70000000, Size: 0x00000000, Max: 0x00000000, ABSOLUTE)

    Exec Addr    Load Addr    Size         Type   Attr      Idx    E Section Name        Object

    0x70000000        -       0x00000000   Zero   RW           21    .ospi0_cs1.endof.bss  anon$$obj.o


    Execution Region __OSPI0_CS1_end (Exec base: 0x70000000, Load base: 0x70000000, Size: 0x00000000, Max: 0x00000000, ABSOLUTE)

    Exec Addr    Load Addr    Size         Type   Attr      Idx    E Section Name        Object

    0x70000000        -       0x00000000   Zero   RW           22    __OSPI0_CS1_end.bss  anon$$obj.o



  Load Region LOAD_REGION_DATA_FLASH (Base: 0x08000000, Size: 0x00000000, Max: 0x00002000, ABSOLUTE)

    Execution Region __DATA_FLASH_start (Exec base: 0x08000000, Load base: 0x08000000, Size: 0x00000000, Max: 0x00000000, ABSOLUTE)

    Exec Addr    Load Addr    Size         Type   Attr      Idx    E Section Name        Object

    0x08000000        -       0x00000000   Zero   RW           23    __DATA_FLASH_start.bss  anon$$obj.o


    Execution Region __DATA_FLASH_init (Exec base: 0x08000000, Load base: 0x08000000, Size: 0x00000000, Max: 0x00000000, ABSOLUTE)

    Exec Addr    Load Addr    Size         Type   Attr      Idx    E Section Name        Object

    0x08000000        -       0x00000000   Zero   RW           24    __DATA_FLASH_init.bss  anon$$obj.o


    Execution Region __ddsc_DATA_FLASH_START (Exec base: 0x08000000, Load base: 0x08000000, Size: 0x00000000, Max: 0x00000000, ABSOLUTE)

    Exec Addr    Load Addr    Size         Type   Attr      Idx    E Section Name        Object

    0x08000000        -       0x00000000   Zero   RW           25    __ddsc_DATA_FLASH_START.bss  anon$$obj.o


    Execution Region .data_flash.startof (Exec base: 0x08000000, Load base: 0x08000000, Size: 0x00000000, Max: 0x00000000, ABSOLUTE)

    Exec Addr    Load Addr    Size         Type   Attr      Idx    E Section Name        Object

    0x08000000        -       0x00000000   Zero   RW           26    .data_flash.startof.bss  anon$$obj.o


    Execution Region __ram_from_ospi0_cs1_jump (Exec base: 0x2000001c, Load base: 0x08000000, Size: 0x00000000, Max: 0x00000000, ABSOLUTE)

    Exec Addr    Load Addr    Size         Type   Attr      Idx    E Section Name        Object

    0x2000001c        -       0x00000000   Zero   RW           28    __ram_from_ospi0_cs1_jump.bss  anon$$obj.o


    Execution Region __ram_from_data_flash (Exec base: 0x2000001c, Load base: 0x08000000, Size: 0x00000000, Max: 0xffffffff, ABSOLUTE)

    **** No section assigned to this execution region ****


    Execution Region __ospi0_cs0_from_ospi0_cs1_jump (Exec base: 0x68000000, Load base: 0x08000000, Size: 0x00000000, Max: 0x00000000, ABSOLUTE)

    Exec Addr    Load Addr    Size         Type   Attr      Idx    E Section Name        Object

    0x68000000        -       0x00000000   Zero   RW           27    __ospi0_cs0_from_ospi0_cs1_jump.bss  anon$$obj.o


    Execution Region __ospi0_cs0_from_data_flash (Exec base: 0x68000000, Load base: 0x08000000, Size: 0x00000000, Max: 0xffffffff, ABSOLUTE)

    **** No section assigned to this execution region ****



  Load Region LOAD_REGION_DATA_FLASH_JUMP (Base: 0x08000000, Size: 0x00000000, Max: 0xffffffff, ABSOLUTE)

    Execution Region __data_flash_readonly (Exec base: 0x08000000, Load base: 0x08000000, Size: 0x00000000, Max: 0xffffffff, ABSOLUTE, FIXED)

    **** No section assigned to this execution region ****


    Execution Region __data_flash_noinit (Exec base: 0x08000000, Load base: 0x08000000, Size: 0x00000000, Max: 0xffffffff, ABSOLUTE, UNINIT, FIXED)

    **** No section assigned to this execution region ****


    Execution Region __ddsc_DATA_FLASH_END (Exec base: 0x08000000, Load base: 0x08000000, Size: 0x00000000, Max: 0x00000000, ABSOLUTE)

    Exec Addr    Load Addr    Size         Type   Attr      Idx    E Section Name        Object

    0x08000000        -       0x00000000   Zero   RW           29    __ddsc_DATA_FLASH_END.bss  anon$$obj.o


    Execution Region .data_flash.endof (Exec base: 0x08000000, Load base: 0x08000000, Size: 0x00000000, Max: 0x00000000, ABSOLUTE)

    Exec Addr    Load Addr    Size         Type   Attr      Idx    E Section Name        Object

    0x08000000        -       0x00000000   Zero   RW           30    .data_flash.endof.bss  anon$$obj.o


    Execution Region __DATA_FLASH_end (Exec base: 0x08000000, Load base: 0x08000000, Size: 0x00000000, Max: 0x00000000, ABSOLUTE)

    Exec Addr    Load Addr    Size         Type   Attr      Idx    E Section Name        Object

    0x08000000        -       0x00000000   Zero   RW           31    __DATA_FLASH_end.bss  anon$$obj.o



  Load Region LOAD_REGION_FLASH (Base: 0x00000000, Size: 0x00000078, Max: 0x00100000, ABSOLUTE)

    Execution Region __FLASH_start (Exec base: 0x00000000, Load base: 0x00000000, Size: 0x00000000, Max: 0x00000000, ABSOLUTE)

    Exec Addr    Load Addr    Size         Type   Attr      Idx    E Section Name        Object

    0x00000000        -       0x00000000   Zero   RW           32    __FLASH_start.bss   anon$$obj.o


    Execution Region __FLASH_init (Exec base: 0x00000000, Load base: 0x00000000, Size: 0x00000000, Max: 0x00000000, ABSOLUTE)

    Exec Addr    Load Addr    Size         Type   Attr      Idx    E Section Name        Object

    0x00000000        -       0x00000000   Zero   RW           33    __FLASH_init.bss    anon$$obj.o


    Execution Region __ddsc_FLASH_START (Exec base: 0x00000000, Load base: 0x00000000, Size: 0x00000000, Max: 0x00000000, ABSOLUTE)

    Exec Addr    Load Addr    Size         Type   Attr      Idx    E Section Name        Object

    0x00000000        -       0x00000000   Zero   RW           34    __ddsc_FLASH_START.bss  anon$$obj.o


    Execution Region .flash.startof (Exec base: 0x00000000, Load base: 0x00000000, Size: 0x00000000, Max: 0x00000000, ABSOLUTE)

    Exec Addr    Load Addr    Size         Type   Attr      Idx    E Section Name        Object

    0x00000000        -       0x00000000   Zero   RW           35    .flash.startof.bss  anon$$obj.o


    Execution Region _VECTORS (Exec base: 0x00000000, Load base: 0x00000000, Size: 0x00000000, Max: 0x00000000, ABSOLUTE)

    Exec Addr    Load Addr    Size         Type   Attr      Idx    E Section Name        Object

    0x00000000        -       0x00000000   Zero   RW           36    _VECTORS.bss        anon$$obj.o


    Execution Region __flash_vectors (Exec base: 0x00000000, Load base: 0x00000000, Size: 0x0000005c, Max: 0xffffffff, ABSOLUTE, FIXED)

    Exec Addr    Load Addr    Size         Type   Attr      Idx    E Section Name        Object

    0x00000000   0x00000000   0x00000040   Data   RO          289    .fixed_vectors      startup.o
    0x00000040   0x00000040   0x0000001c   Data   RO          695    .application_vectors  vector_data.o


    Execution Region __flash_noinit (Exec base: 0x0000005c, Load base: 0x0000005c, Size: 0x00000000, Max: 0xffffffff, ABSOLUTE, UNINIT, FIXED)

    **** No section assigned to this execution region ****


    Execution Region __ram_from_data_flash_jump (Exec base: 0x2000001c, Load base: 0x0000005c, Size: 0x00000000, Max: 0x00000000, ABSOLUTE)

    Exec Addr    Load Addr    Size         Type   Attr      Idx    E Section Name        Object

    0x2000001c        -       0x00000000   Zero   RW           42    __ram_from_data_flash_jump.bss  anon$$obj.o


    Execution Region __ram_from_flash (Exec base: 0x2000001c, Load base: 0x0000005c, Size: 0x0000001c, Max: 0xffffffff, ABSOLUTE)

    Exec Addr    Load Addr    Size         Type   Attr      Idx    E Section Name        Object

    0x2000001c   0x0000005c   0x00000004   Data   RW          230    .data.dry_data      adc_solidmoisture.o
    0x20000020   0x00000060   0x00000004   Data   RW          231    .data.full_data     adc_solidmoisture.o
    0x20000024   0x00000064   0x00000010   Data   RW          658    .data.g_transfer0_info  hal_data.o
    0x20000034   0x00000074   0x00000004   Data   RW          668    .data.g_uart2_baud_setting  hal_data.o


    Execution Region __ram_noinit_nocache (Exec base: 0x20000040, Load base: 0x00000078, Size: 0x00000000, Max: 0xffffffff, ABSOLUTE, UNINIT)

    **** No section assigned to this execution region ****


    Execution Region __ram_zero_nocache (Exec base: 0x20000040, Load base: 0x00000078, Size: 0x00000000, Max: 0xffffffff, ABSOLUTE)

    **** No section assigned to this execution region ****


    Execution Region __ram_zero_nocache_pad (Exec base: 0x20000040, Load base: 0x00000078, Size: 0x00000000, Max: 0x00000000, ABSOLUTE)

    Exec Addr    Load Addr    Size         Type   Attr      Idx    E Section Name        Object

    0x20000040        -       0x00000000   Zero   RW           43    __ram_zero_nocache_pad.bss  anon$$obj.o


    Execution Region __ram_noinit (Exec base: 0x20000040, Load base: 0x00000078, Size: 0x00000000, Max: 0xffffffff, ABSOLUTE, UNINIT)

    **** No section assigned to this execution region ****


    Execution Region ARM_LIB_STACK (Exec base: 0x20000040, Load base: 0x00000078, Size: 0x00000000, Max: 0x00000000, ABSOLUTE, UNINIT)

    Exec Addr    Load Addr    Size         Type   Attr      Idx    E Section Name        Object

    0x20000040        -       0x00000000   Zero   RW           44    ARM_LIB_STACK.bss   anon$$obj.o


    Execution Region ARM_LIB_HEAP (Exec base: 0x20000040, Load base: 0x00000078, Size: 0x00002000, Max: 0xffffffff, ABSOLUTE, UNINIT)

    Exec Addr    Load Addr    Size         Type   Attr      Idx    E Section Name        Object

    0x20000040        -       0x00002000   Zero   RW          290    .bss.g_heap         startup.o


    Execution Region __post_heap (Exec base: 0x20002040, Load base: 0x00000078, Size: 0x0000041c, Max: 0xffffffff, ABSOLUTE, UNINIT)

    Exec Addr    Load Addr    Size         Type   Attr      Idx    E Section Name        Object

    0x20002040        -       0x00000400   Zero   RW          288    .bss.g_main_stack   startup.o
    0x20002440        -       0x0000001c   Zero   RW          335    .bss.ram_noinit     bsp_clocks.o


    Execution Region __ram_zero (Exec base: 0x2000245c, Load base: 0x00000078, Size: 0x0000013c, Max: 0xffffffff, ABSOLUTE)

    Exec Addr    Load Addr    Size         Type   Attr      Idx    E Section Name        Object

    0x2000245c        -       0x00000004   Zero   RW          304    .bss.SystemCoreClock  system.o
    0x20002460        -       0x00000008   Zero   RW          165    .bss.adc_result_buffer  hal_entry.o
    0x20002468        -       0x00000004   Zero   RW          158    .bss.err            hal_entry.o
    0x2000246c        -       0x00000004   Zero   RW          166    .bss.err1           hal_entry.o
    0x20002470        -       0x00000024   Zero   RW          666    .bss.g_adc0_ctrl    hal_data.o
    0x20002494        -       0x00000040   Zero   RW          377    .bss.g_bsp_group_irq_sources  bsp_group_irq.o
    0x200024d4        -       0x00000048   Zero   RW          656    .bss.g_i2c4_ctrl    hal_data.o
    0x2000251c        -       0x00000008   Zero   RW          644    .bss.g_ioport_ctrl  common_data.o
    0x20002524        -       0x0000000a   Zero   RW          411    .bss.g_protect_counters  bsp_register_protection.o
    0x2000252e   0x00000078   0x00000002   PAD
    0x20002530        -       0x00000004   Zero   RW          387    .bss.g_protect_pfswe_counter  bsp_io.o
    0x20002534        -       0x00000008   Zero   RW          661    .bss.g_transfer0_ctrl  hal_data.o
    0x2000253c        -       0x00000030   Zero   RW          671    .bss.g_uart2_ctrl   hal_data.o
    0x2000256c        -       0x0000001c   Zero   RW          397    .bss.gp_renesas_isr_context  bsp_irq.o
    0x20002588        -       0x00000001   Zero   RW          549    .bss.r_dtc_state_initialize.g_dtc_state_initialized  r_dtc.o
    0x20002589   0x00000078   0x00000003   PAD
    0x2000258c        -       0x00000004   Zero   RW          163    .bss.rainfall_humidity  hal_entry.o
    0x20002590        -       0x00000004   Zero   RW          162    .bss.solidmositure_humidity  hal_entry.o
    0x20002594        -       0x00000001   Zero   RW          157    .bss.uart_send_complete_flag  hal_entry.o


    Execution Region __ram_thread_stack (Exec base: 0x20002598, Load base: 0x00000078, Size: 0x00000000, Max: 0xffffffff, ABSOLUTE, UNINIT)

    **** No section assigned to this execution region ****


    Execution Region __ddsc_RAM_END (Exec base: 0x20002800, Load base: 0x00000078, Size: 0x00000000, Max: 0x00000000, ABSOLUTE)

    Exec Addr    Load Addr    Size         Type   Attr      Idx    E Section Name        Object

    0x20002800        -       0x00000000   Zero   RW           45    __ddsc_RAM_END.bss  anon$$obj.o


    Execution Region .ram.endof (Exec base: 0x20002800, Load base: 0x00000078, Size: 0x00000000, Max: 0x00000000, ABSOLUTE)

    Exec Addr    Load Addr    Size         Type   Attr      Idx    E Section Name        Object

    0x20002800        -       0x00000000   Zero   RW           46    .ram.endof.bss      anon$$obj.o


    Execution Region __ddsc_RAM_NSC (Exec base: 0x20002800, Load base: 0x00000078, Size: 0x00000000, Max: 0x00000000, ABSOLUTE)

    Exec Addr    Load Addr    Size         Type   Attr      Idx    E Section Name        Object

    0x20002800        -       0x00000000   Zero   RW           47    __ddsc_RAM_NSC.bss  anon$$obj.o


    Execution Region .ram.flat_nsc (Exec base: 0x20002800, Load base: 0x00000078, Size: 0x00000000, Max: 0x00000000, ABSOLUTE)

    Exec Addr    Load Addr    Size         Type   Attr      Idx    E Section Name        Object

    0x20002800        -       0x00000000   Zero   RW           48    .ram.flat_nsc.bss   anon$$obj.o


    Execution Region __RAM_end (Exec base: 0x20002800, Load base: 0x00000078, Size: 0x00000000, Max: 0x00000000, ABSOLUTE)

    Exec Addr    Load Addr    Size         Type   Attr      Idx    E Section Name        Object

    0x20002800        -       0x00000000   Zero   RW           49    __RAM_end.bss       anon$$obj.o


    Execution Region __ospi0_cs0_from_data_flash_jump (Exec base: 0x68000000, Load base: 0x0000005c, Size: 0x00000000, Max: 0x00000000, ABSOLUTE)

    Exec Addr    Load Addr    Size         Type   Attr      Idx    E Section Name        Object

    0x68000000        -       0x00000000   Zero   RW           37    __ospi0_cs0_from_data_flash_jump.bss  anon$$obj.o


    Execution Region __ospi0_cs0_from_flash (Exec base: 0x68000000, Load base: 0x0000005c, Size: 0x00000000, Max: 0xffffffff, ABSOLUTE)

    **** No section assigned to this execution region ****


    Execution Region __ospi0_cs0_noinit_nocache (Exec base: 0x68000000, Load base: 0x0000005c, Size: 0x00000000, Max: 0xffffffff, ABSOLUTE, UNINIT)

    **** No section assigned to this execution region ****


    Execution Region __ospi0_cs0_zero_nocache (Exec base: 0x68000000, Load base: 0x0000005c, Size: 0x00000000, Max: 0xffffffff, ABSOLUTE)

    **** No section assigned to this execution region ****


    Execution Region __ospi0_cs0_zero_nocache_pad (Exec base: 0x68000000, Load base: 0x0000005c, Size: 0x00000000, Max: 0x00000000, ABSOLUTE)

    Exec Addr    Load Addr    Size         Type   Attr      Idx    E Section Name        Object

    0x68000000        -       0x00000000   Zero   RW           38    __ospi0_cs0_zero_nocache_pad.bss  anon$$obj.o


    Execution Region __ospi0_cs0_noinit (Exec base: 0x68000000, Load base: 0x0000005c, Size: 0x00000000, Max: 0xffffffff, ABSOLUTE, UNINIT)

    **** No section assigned to this execution region ****


    Execution Region __ospi0_cs0_zero (Exec base: 0x68000000, Load base: 0x0000005c, Size: 0x00000000, Max: 0xffffffff, ABSOLUTE)

    **** No section assigned to this execution region ****


    Execution Region __ddsc_OSPI0_CS0_END (Exec base: 0x68000000, Load base: 0x0000005c, Size: 0x00000000, Max: 0x00000000, ABSOLUTE)

    Exec Addr    Load Addr    Size         Type   Attr      Idx    E Section Name        Object

    0x68000000        -       0x00000000   Zero   RW           39    __ddsc_OSPI0_CS0_END.bss  anon$$obj.o


    Execution Region .ospi0_cs0.endof (Exec base: 0x68000000, Load base: 0x0000005c, Size: 0x00000000, Max: 0x00000000, ABSOLUTE)

    Exec Addr    Load Addr    Size         Type   Attr      Idx    E Section Name        Object

    0x68000000        -       0x00000000   Zero   RW           40    .ospi0_cs0.endof.bss  anon$$obj.o


    Execution Region __OSPI0_CS0_end (Exec base: 0x68000000, Load base: 0x0000005c, Size: 0x00000000, Max: 0x00000000, ABSOLUTE)

    Exec Addr    Load Addr    Size         Type   Attr      Idx    E Section Name        Object

    0x68000000        -       0x00000000   Zero   RW           41    __OSPI0_CS0_end.bss  anon$$obj.o



  Load Region LOAD_REGION_FLASH_JUMP (Base: 0x00000078, Size: 0x0000341c, Max: 0xffffffff, ABSOLUTE)

    Execution Region __flash_readonly (Exec base: 0x00000078, Load base: 0x00000078, Size: 0x0000341c, Max: 0xffffffff, ABSOLUTE, FIXED)

    Exec Addr    Load Addr    Size         Type   Attr      Idx    E Section Name        Object

    0x00000078   0x00000078   0x00000024   Code   RO          738    .text               mc_w.l(memcpya.o)
    0x0000009c   0x0000009c   0x00000024   Code   RO          740    .text               mc_w.l(memseta.o)
    0x000000c0   0x000000c0   0x0000000e   Code   RO          742    .text               mc_w.l(strlen.o)
    0x000000ce   0x000000ce   0x000000e4   Code   RO         1007    .text               mf_w.l(dmul.o)
    0x000001b2   0x000001b2   0x000000de   Code   RO         1009    .text               mf_w.l(ddiv.o)
    0x00000290   0x00000290   0x00000036   Code   RO         1011    .text               mf_w.l(dcmplt.o)
    0x000002c6   0x000002c6   0x00000036   Code   RO         1013    .text               mf_w.l(dcmpge.o)
    0x000002fc   0x000002fc   0x00000036   Code   RO         1015    .text               mf_w.l(dcmpgt.o)
    0x00000332   0x00000332   0x0000001a   Code   RO         1017    .text               mf_w.l(dfltui.o)
    0x0000034c   0x0000034c   0x00000026   Code   RO         1019    .text               mf_w.l(f2d.o)
    0x00000372   0x00000372   0x00000038   Code   RO         1021    .text               mf_w.l(d2f.o)
    0x000003aa   0x000003aa   0x0000002c   Code   RO         1037    .text               mc_w.l(uidiv.o)
    0x000003d6   0x000003d6   0x00000062   Code   RO         1039    .text               mc_w.l(uldiv.o)
    0x00000438   0x00000438   0x00000000   Code   RO         1041    .text               mc_w.l(iusefp.o)
    0x00000438   0x00000438   0x0000006e   Code   RO         1042    .text               mf_w.l(fepilogue.o)
    0x000004a6   0x000004a6   0x000000ba   Code   RO         1044    .text               mf_w.l(depilogue.o)
    0x00000560   0x00000560   0x0000014e   Code   RO         1046    .text               mf_w.l(dadd.o)
    0x000006ae   0x000006ae   0x00000030   Code   RO         1048    .text               mf_w.l(dfixul.o)
    0x000006de   0x000006de   0x00000002   PAD
    0x000006e0   0x000006e0   0x00000030   Code   RO         1050    .text               mf_w.l(cdrcmple.o)
    0x00000710   0x00000710   0x0000001e   Code   RO         1053    .text               mc_w.l(llshl.o)
    0x0000072e   0x0000072e   0x00000020   Code   RO         1055    .text               mc_w.l(llushr.o)
    0x0000074e   0x0000074e   0x00000024   Code   RO         1057    .text               mc_w.l(llsshr.o)
    0x00000772   0x00000772   0x0000005c   Code   RO          211    .text.ADC0_Init     adc0.o
    0x000007ce   0x000007ce   0x00000070   Code   RO          263    .text.BH1750_Init   bh1750.o
    0x0000083e   0x0000083e   0x00000002   PAD
    0x00000840   0x00000840   0x00000044   Code   RO          265    .text.BH1750_ReadLux  bh1750.o
    0x00000884   0x00000884   0x00000060   Code   RO          240    .text.DTC_Init      dtc.o
    0x000008e4   0x000008e4   0x00000004   Code   RO          286    .text.Default_Handler  startup.o
    0x000008e8   0x000008e8   0x00000050   Code   RO          184    .text.Get_Rainfall  rainfall.o
    0x00000938   0x00000938   0x0000003c   Code   RO          275    .text.I2C4_Init     i2c4.o
    0x00000974   0x00000974   0x00000044   Code   RO          375    .text.NMI_Handler   bsp_group_irq.o
    0x000009b8   0x000009b8   0x00000016   Code   RO          250    .text.Pump_Init     pump.o
    0x000009ce   0x000009ce   0x00000016   Code   RO          252    .text.Pump_Off      pump.o
    0x000009e4   0x000009e4   0x00000016   Code   RO          254    .text.Pump_On       pump.o
    0x000009fa   0x000009fa   0x0000010a   Code   RO          476    .text.R_ADC_Open    r_adc.o
    0x00000b04   0x00000b04   0x000001d2   Code   RO          478    .text.R_ADC_ScanCfg  r_adc.o
    0x00000cd6   0x00000cd6   0x0000000a   Code   RO          480    .text.R_ADC_ScanStart  r_adc.o
    0x00000ce0   0x00000ce0   0x0000007a   Code   RO          333    .text.R_BSP_Init_RTC  bsp_clocks.o
    0x00000d5a   0x00000d5a   0x0000004e   Code   RO          409    .text.R_BSP_RegisterProtectDisable  bsp_register_protection.o
    0x00000da8   0x00000da8   0x00000052   Code   RO          407    .text.R_BSP_RegisterProtectEnable  bsp_register_protection.o
    0x00000dfa   0x00000dfa   0x00000084   Code   RO          361    .text.R_BSP_SoftwareDelay  bsp_delay.o
    0x00000e7e   0x00000e7e   0x00000002   Code   RO          327    .text.R_BSP_SubClockStabilizeWaitAfterReset  bsp_clocks.o
    0x00000e80   0x00000e80   0x0000001a   Code   RO          175    .text.R_BSP_WarmStart  hal_warmstart.o
    0x00000e9a   0x00000e9a   0x0000001a   Code   RO          529    .text.R_DTC_Enable  r_dtc.o
    0x00000eb4   0x00000eb4   0x00000084   Code   RO          523    .text.R_DTC_Open    r_dtc.o
    0x00000f38   0x00000f38   0x00000088   Code   RO          527    .text.R_DTC_Reset   r_dtc.o
    0x00000fc0   0x00000fc0   0x0000000a   Code   RO          560    .text.R_IOPORT_Close  r_ioport.o
    0x00000fca   0x00000fca   0x00000016   Code   RO          558    .text.R_IOPORT_Open  r_ioport.o
    0x00000fe0   0x00000fe0   0x000000b2   Code   RO          564    .text.R_IOPORT_PinCfg  r_ioport.o
    0x00001092   0x00001092   0x00000028   Code   RO          566    .text.R_IOPORT_PinEventInputRead  r_ioport.o
    0x000010ba   0x000010ba   0x00000052   Code   RO          568    .text.R_IOPORT_PinEventOutputWrite  r_ioport.o
    0x0000110c   0x0000110c   0x00000022   Code   RO          570    .text.R_IOPORT_PinRead  r_ioport.o
    0x0000112e   0x0000112e   0x00000028   Code   RO          572    .text.R_IOPORT_PinWrite  r_ioport.o
    0x00001156   0x00001156   0x0000000c   Code   RO          562    .text.R_IOPORT_PinsCfg  r_ioport.o
    0x00001162   0x00001162   0x0000002c   Code   RO          574    .text.R_IOPORT_PortDirectionSet  r_ioport.o
    0x0000118e   0x0000118e   0x00000018   Code   RO          576    .text.R_IOPORT_PortEventInputRead  r_ioport.o
    0x000011a6   0x000011a6   0x00000020   Code   RO          578    .text.R_IOPORT_PortEventOutputWrite  r_ioport.o
    0x000011c6   0x000011c6   0x00000016   Code   RO          580    .text.R_IOPORT_PortRead  r_ioport.o
    0x000011dc   0x000011dc   0x00000020   Code   RO          582    .text.R_IOPORT_PortWrite  r_ioport.o
    0x000011fc   0x000011fc   0x00000028   Code   RO          708    .text.R_SCI_I2C_Abort  r_sci_i2c.o
    0x00001224   0x00001224   0x0000000e   Code   RO          712    .text.R_SCI_I2C_CallbackSet  r_sci_i2c.o
    0x00001232   0x00001232   0x00000056   Code   RO          716    .text.R_SCI_I2C_Close  r_sci_i2c.o
    0x00001288   0x00001288   0x0000015a   Code   RO          702    .text.R_SCI_I2C_Open  r_sci_i2c.o
    0x000013e2   0x000013e2   0x00000010   Code   RO          704    .text.R_SCI_I2C_Read  r_sci_i2c.o
    0x000013f2   0x000013f2   0x0000000a   Code   RO          710    .text.R_SCI_I2C_SlaveAddressSet  r_sci_i2c.o
    0x000013fc   0x000013fc   0x00000018   Code   RO          714    .text.R_SCI_I2C_StatusGet  r_sci_i2c.o
    0x00001414   0x00001414   0x00000010   Code   RO          706    .text.R_SCI_I2C_Write  r_sci_i2c.o
    0x00001424   0x00001424   0x00000022   Code   RO          607    .text.R_SCI_UART_Abort  r_sci_uart.o
    0x00001446   0x00001446   0x00000068   Code   RO          603    .text.R_SCI_UART_BaudSet  r_sci_uart.o
    0x000014ae   0x000014ae   0x0000000e   Code   RO          609    .text.R_SCI_UART_CallbackSet  r_sci_uart.o
    0x000014bc   0x000014bc   0x000000a6   Code   RO          611    .text.R_SCI_UART_Close  r_sci_uart.o
    0x00001562   0x00001562   0x0000000c   Code   RO          605    .text.R_SCI_UART_InfoGet  r_sci_uart.o
    0x0000156e   0x0000156e   0x0000033c   Code   RO          597    .text.R_SCI_UART_Open  r_sci_uart.o
    0x000018aa   0x000018aa   0x0000000a   Code   RO          599    .text.R_SCI_UART_Read  r_sci_uart.o
    0x000018b4   0x000018b4   0x0000000e   Code   RO          613    .text.R_SCI_UART_ReadStop  r_sci_uart.o
    0x000018c2   0x000018c2   0x00000004   Code   RO          617    .text.R_SCI_UART_ReceiveResume  r_sci_uart.o
    0x000018c6   0x000018c6   0x00000004   Code   RO          615    .text.R_SCI_UART_ReceiveSuspend  r_sci_uart.o
    0x000018ca   0x000018ca   0x0000004c   Code   RO          601    .text.R_SCI_UART_Write  r_sci_uart.o
    0x00001916   0x00001916   0x00000002   PAD
    0x00001918   0x00001918   0x0000000a   Code   RO          284  * .text.Reset_Handler  startup.o
    0x00001922   0x00001922   0x0000002c   Code   RO          317    .text.SystemCoreClockUpdate  bsp_clocks.o
    0x0000194e   0x0000194e   0x00000002   PAD
    0x00001950   0x00001950   0x000000a2   Code   RO          298    .text.SystemInit    system.o
    0x000019f2   0x000019f2   0x00000002   PAD
    0x000019f4   0x000019f4   0x0000005a   Code   RO          302    .text.SystemRuntimeInit  system.o
    0x00001a4e   0x00001a4e   0x0000001e   Code   RO          196    .text.UART2_Init    uart2.o
    0x00001a6c   0x00001a6c   0x00000006   Code   RO          348    .text.__aeabi_assert  bsp_common.o
    0x00001a72   0x00001a72   0x00000002   PAD
    0x00001a74   0x00001a74   0x00000038   Code   RO          213    .text.adc0_Scan_Start  adc0.o
    0x00001aac   0x00001aac   0x00000040   Code   RO          153    .text.adc_callback  hal_entry.o
    0x00001aec   0x00001aec   0x00000006   Code   RO          506    .text.adc_scan_end_isr  r_adc.o
    0x00001af2   0x00001af2   0x00000002   PAD
    0x00001af4   0x00001af4   0x0000013c   Code   RO          323    .text.bsp_clock_init  bsp_clocks.o
    0x00001c30   0x00001c30   0x00000002   Code   RO          344    .text.bsp_init_internal  bsp_common.o
    0x00001c32   0x00001c32   0x00000002   PAD
    0x00001c34   0x00001c34   0x0000008a   Code   RO          394    .text.bsp_irq_cfg   bsp_irq.o
    0x00001cbe   0x00001cbe   0x00000008   Code   RO          363    .text.bsp_prv_software_delay_loop  bsp_delay.o
    0x00001cc6   0x00001cc6   0x00000002   PAD
    0x00001cc8   0x00001cc8   0x000000d8   Code   RO          586    .text.bsp_vbatt_init  r_ioport.o
    0x00001da0   0x00001da0   0x0000007c   Code   RO          228    .text.data_handle   adc_solidmoisture.o
    0x00001e1c   0x00001e1c   0x00000144   Code   RO          155    .text.hal_entry     hal_entry.o
    0x00001f60   0x00001f60   0x0000000a   Code   RO          679    .text.main          main.o
    0x00001f6a   0x00001f6a   0x00000058   Code   RO          502    .text.r_adc_irq_enable  r_adc.o
    0x00001fc2   0x00001fc2   0x000000b0   Code   RO          508    .text.r_adc_scan_end_common_isr  r_adc.o
    0x00002072   0x00002072   0x00000002   PAD
    0x00002074   0x00002074   0x00000044   Code   RO          545    .text.r_dtc_set_info  r_dtc.o
    0x000020b8   0x000020b8   0x000000c0   Code   RO          584    .text.r_ioport_pins_config  r_ioport.o
    0x00002178   0x00002178   0x00000040   Code   RO          623    .text.r_sci_uart_call_callback  r_sci_uart.o
    0x000021b8   0x000021b8   0x000000e0   Code   RO          186    .text.rainfall_datahandle  rainfall.o
    0x00002298   0x00002298   0x00000002   Code   RO          149    .text.sci_i2c4_master_callback  hal_entry.o
    0x0000229a   0x0000229a   0x000000a8   Code   RO          718    .text.sci_i2c_read_write  r_sci_i2c.o
    0x00002342   0x00002342   0x0000011c   Code   RO          724    .text.sci_i2c_tei_isr  r_sci_i2c.o
    0x0000245e   0x0000245e   0x00000128   Code   RO          722    .text.sci_i2c_txi_isr  r_sci_i2c.o
    0x00002586   0x00002586   0x0000006a   Code   RO          629    .text.sci_uart_eri_isr  r_sci_uart.o
    0x000025f0   0x000025f0   0x00000088   Code   RO          625    .text.sci_uart_rxi_isr  r_sci_uart.o
    0x00002678   0x00002678   0x0000004a   Code   RO          627    .text.sci_uart_tei_isr  r_sci_uart.o
    0x000026c2   0x000026c2   0x00000088   Code   RO          621    .text.sci_uart_txi_isr  r_sci_uart.o
    0x0000274a   0x0000274a   0x00000016   Code   RO          151    .text.user_uart2_callback  hal_entry.o
    0x00002760   0x00002760   0x00000028   Code   RO          981    i.__0sprintf        mc_w.l(printfa.o)
    0x00002788   0x00002788   0x00000184   Code   RO          986    i._fp_digits        mc_w.l(printfa.o)
    0x0000290c   0x0000290c   0x000006dc   Code   RO          987    i._printf_core      mc_w.l(printfa.o)
    0x00002fe8   0x00002fe8   0x00000024   Code   RO          988    i._printf_post_padding  mc_w.l(printfa.o)
    0x0000300c   0x0000300c   0x0000002e   Code   RO          989    i._printf_pre_padding  mc_w.l(printfa.o)
    0x0000303a   0x0000303a   0x0000000a   Code   RO          991    i._sputc            mc_w.l(printfa.o)
    0x00003044   0x00003044   0x00000080   Data   RO          468    .rodata.copy_list   bsp_linker.o
    0x000030c4   0x000030c4   0x00000030   Data   RO          664    .rodata.g_adc0_cfg  hal_data.o
    0x000030f4   0x000030f4   0x00000028   Data   RO          663    .rodata.g_adc0_cfg_extend  hal_data.o
    0x0000311c   0x0000311c   0x00000018   Data   RO          665    .rodata.g_adc0_channel_cfg  hal_data.o
    0x00003134   0x00003134   0x0000000c   Data   RO          689    .rodata.g_bsp_pin_cfg  pin_data.o
    0x00003140   0x00003140   0x00000050   Data   RO          688    .rodata.g_bsp_pin_cfg_data  pin_data.o
    0x00003190   0x00003190   0x0000000c   Data   RO          657    .rodata.g_i2c4      hal_data.o
    0x0000319c   0x0000319c   0x00000038   Data   RO          655    .rodata.g_i2c4_cfg  hal_data.o
    0x000031d4   0x000031d4   0x00000006   Data   RO          654    .rodata.g_i2c4_cfg_extend  hal_data.o
    0x000031da   0x000031da   0x00000002   PAD
    0x000031dc   0x000031dc   0x00000020   Data   RO          726    .rodata.g_i2c_master_on_sci  r_sci_i2c.o
    0x000031fc   0x000031fc   0x00000018   Data   RO          470    .rodata.g_init_info  bsp_linker.o
    0x00003214   0x00003214   0x0000001c   Data   RO          696    .rodata.g_interrupt_event_link_select  vector_data.o
    0x00003230   0x00003230   0x0000000c   Data   RO          645    .rodata.g_ioport    common_data.o
    0x0000323c   0x0000323c   0x00000034   Data   RO          588    .rodata.g_ioport_on_ioport  r_ioport.o
    0x00003270   0x00003270   0x0000000a   Data   RO          412    .rodata.g_prcr_masks  bsp_register_protection.o
    0x0000327a   0x0000327a   0x00000002   PAD
    0x0000327c   0x0000327c   0x00000008   Data   RO          660    .rodata.g_transfer0_cfg  hal_data.o
    0x00003284   0x00003284   0x00000004   Data   RO          659    .rodata.g_transfer0_cfg_extend  hal_data.o
    0x00003288   0x00003288   0x0000000c   Data   RO          672    .rodata.g_uart2     hal_data.o
    0x00003294   0x00003294   0x00000044   Data   RO          670    .rodata.g_uart2_cfg  hal_data.o
    0x000032d8   0x000032d8   0x0000002c   Data   RO          669    .rodata.g_uart2_cfg_extend  hal_data.o
    0x00003304   0x00003304   0x0000002c   Data   RO          631    .rodata.g_uart_on_sci  r_sci_uart.o
    0x00003330   0x00003330   0x00000004   Data   RO          434    .rodata.gp_ddsc_DATA_FLASH_END  bsp_linker.o
    0x00003334   0x00003334   0x00000004   Data   RO          433    .rodata.gp_ddsc_DATA_FLASH_START  bsp_linker.o
    0x00003338   0x00003338   0x00000004   Data   RO          436    .rodata.gp_ddsc_FLASH_END  bsp_linker.o
    0x0000333c   0x0000333c   0x00000004   Data   RO          437    .rodata.gp_ddsc_FLASH_NSC  bsp_linker.o
    0x00003340   0x00003340   0x00000004   Data   RO          435    .rodata.gp_ddsc_FLASH_START  bsp_linker.o
    0x00003344   0x00003344   0x00000004   Data   RO          448    .rodata.gp_ddsc_OPTION_SETTING_BANKSEL_END  bsp_linker.o
    0x00003348   0x00003348   0x00000004   Data   RO          456    .rodata.gp_ddsc_OPTION_SETTING_BANKSEL_SEC_END  bsp_linker.o
    0x0000334c   0x0000334c   0x00000004   Data   RO          455    .rodata.gp_ddsc_OPTION_SETTING_BANKSEL_SEC_START  bsp_linker.o
    0x00003350   0x00003350   0x00000004   Data   RO          464    .rodata.gp_ddsc_OPTION_SETTING_BANKSEL_SEL_END  bsp_linker.o
    0x00003354   0x00003354   0x00000004   Data   RO          463    .rodata.gp_ddsc_OPTION_SETTING_BANKSEL_SEL_START  bsp_linker.o
    0x00003358   0x00003358   0x00000004   Data   RO          447    .rodata.gp_ddsc_OPTION_SETTING_BANKSEL_START  bsp_linker.o
    0x0000335c   0x0000335c   0x00000004   Data   RO          450    .rodata.gp_ddsc_OPTION_SETTING_BPS_END  bsp_linker.o
    0x00003360   0x00003360   0x00000004   Data   RO          458    .rodata.gp_ddsc_OPTION_SETTING_BPS_SEC_END  bsp_linker.o
    0x00003364   0x00003364   0x00000004   Data   RO          457    .rodata.gp_ddsc_OPTION_SETTING_BPS_SEC_START  bsp_linker.o
    0x00003368   0x00003368   0x00000004   Data   RO          466    .rodata.gp_ddsc_OPTION_SETTING_BPS_SEL_END  bsp_linker.o
    0x0000336c   0x0000336c   0x00000004   Data   RO          465    .rodata.gp_ddsc_OPTION_SETTING_BPS_SEL_START  bsp_linker.o
    0x00003370   0x00003370   0x00000004   Data   RO          449    .rodata.gp_ddsc_OPTION_SETTING_BPS_START  bsp_linker.o
    0x00003374   0x00003374   0x00000004   Data   RO          444    .rodata.gp_ddsc_OPTION_SETTING_DUALSEL_END  bsp_linker.o
    0x00003378   0x00003378   0x00000004   Data   RO          443    .rodata.gp_ddsc_OPTION_SETTING_DUALSEL_START  bsp_linker.o
    0x0000337c   0x0000337c   0x00000004   Data   RO          442    .rodata.gp_ddsc_OPTION_SETTING_OFS0_END  bsp_linker.o
    0x00003380   0x00003380   0x00000004   Data   RO          441    .rodata.gp_ddsc_OPTION_SETTING_OFS0_START  bsp_linker.o
    0x00003384   0x00003384   0x00000004   Data   RO          446    .rodata.gp_ddsc_OPTION_SETTING_OFS1_END  bsp_linker.o
    0x00003388   0x00003388   0x00000004   Data   RO          454    .rodata.gp_ddsc_OPTION_SETTING_OFS1_SEC_END  bsp_linker.o
    0x0000338c   0x0000338c   0x00000004   Data   RO          453    .rodata.gp_ddsc_OPTION_SETTING_OFS1_SEC_START  bsp_linker.o
    0x00003390   0x00003390   0x00000004   Data   RO          462    .rodata.gp_ddsc_OPTION_SETTING_OFS1_SEL_END  bsp_linker.o
    0x00003394   0x00003394   0x00000004   Data   RO          461    .rodata.gp_ddsc_OPTION_SETTING_OFS1_SEL_START  bsp_linker.o
    0x00003398   0x00003398   0x00000004   Data   RO          445    .rodata.gp_ddsc_OPTION_SETTING_OFS1_START  bsp_linker.o
    0x0000339c   0x0000339c   0x00000004   Data   RO          452    .rodata.gp_ddsc_OPTION_SETTING_PBPS_END  bsp_linker.o
    0x000033a0   0x000033a0   0x00000004   Data   RO          460    .rodata.gp_ddsc_OPTION_SETTING_PBPS_SEC_END  bsp_linker.o
    0x000033a4   0x000033a4   0x00000004   Data   RO          459    .rodata.gp_ddsc_OPTION_SETTING_PBPS_SEC_START  bsp_linker.o
    0x000033a8   0x000033a8   0x00000004   Data   RO          451    .rodata.gp_ddsc_OPTION_SETTING_PBPS_START  bsp_linker.o
    0x000033ac   0x000033ac   0x00000004   Data   RO          432    .rodata.gp_ddsc_OSPI0_CS0_END  bsp_linker.o
    0x000033b0   0x000033b0   0x00000004   Data   RO          431    .rodata.gp_ddsc_OSPI0_CS0_START  bsp_linker.o
    0x000033b4   0x000033b4   0x00000004   Data   RO          430    .rodata.gp_ddsc_OSPI0_CS1_END  bsp_linker.o
    0x000033b8   0x000033b8   0x00000004   Data   RO          429    .rodata.gp_ddsc_OSPI0_CS1_START  bsp_linker.o
    0x000033bc   0x000033bc   0x00000004   Data   RO          428    .rodata.gp_ddsc_QSPI_FLASH_END  bsp_linker.o
    0x000033c0   0x000033c0   0x00000004   Data   RO          427    .rodata.gp_ddsc_QSPI_FLASH_START  bsp_linker.o
    0x000033c4   0x000033c4   0x00000004   Data   RO          439    .rodata.gp_ddsc_RAM_END  bsp_linker.o
    0x000033c8   0x000033c8   0x00000004   Data   RO          440    .rodata.gp_ddsc_RAM_NSC  bsp_linker.o
    0x000033cc   0x000033cc   0x00000004   Data   RO          438    .rodata.gp_ddsc_RAM_START  bsp_linker.o
    0x000033d0   0x000033d0   0x00000010   Data   RO          469    .rodata.nocache_list  bsp_linker.o
    0x000033e0   0x000033e0   0x00000018   Data   RO          215    .rodata.str1.1      adc0.o
    0x000033f8   0x000033f8   0x00000019   Data   RO          242    .rodata.str1.1      dtc.o
    0x00003411   0x00003411   0x00000003   PAD
    0x00003414   0x00003414   0x00000030   Data   RO          467    .rodata.zero_list   bsp_linker.o
    0x00003444   0x00003444   0x00000004   Data   RO          350    .version            bsp_common.o
    0x00003448   0x00003448   0x00000006   Data   RO          351    .version            bsp_common.o
    0x0000344e   0x0000344e   0x00000044   Data   RO          352    .version            bsp_common.o


    Execution Region __init_array_start (Exec base: 0x00003494, Load base: 0x00003494, Size: 0x00000000, Max: 0x00000000, ABSOLUTE)

    Exec Addr    Load Addr    Size         Type   Attr      Idx    E Section Name        Object

    0x00003494        -       0x00000000   Zero   RW           50    __init_array_start.bss  anon$$obj.o


    Execution Region __flash_init_array (Exec base: 0x00003494, Load base: 0x00003494, Size: 0x00000000, Max: 0xffffffff, ABSOLUTE, FIXED)

    **** No section assigned to this execution region ****


    Execution Region __init_array_end (Exec base: 0x00003494, Load base: 0x00003494, Size: 0x00000000, Max: 0x00000000, ABSOLUTE)

    Exec Addr    Load Addr    Size         Type   Attr      Idx    E Section Name        Object

    0x00003494        -       0x00000000   Zero   RW           51    __init_array_end.bss  anon$$obj.o


    Execution Region __ddsc_FLASH_END (Exec base: 0x00003800, Load base: 0x00003494, Size: 0x00000000, Max: 0x00000000, ABSOLUTE)

    Exec Addr    Load Addr    Size         Type   Attr      Idx    E Section Name        Object

    0x00003800        -       0x00000000   Zero   RW           52    __ddsc_FLASH_END.bss  anon$$obj.o


    Execution Region .flash.endof (Exec base: 0x00003800, Load base: 0x00003494, Size: 0x00000000, Max: 0x00000000, ABSOLUTE)

    Exec Addr    Load Addr    Size         Type   Attr      Idx    E Section Name        Object

    0x00003800        -       0x00000000   Zero   RW           53    .flash.endof.bss    anon$$obj.o


    Execution Region __ddsc_FLASH_NSC (Exec base: 0x00003800, Load base: 0x00003494, Size: 0x00000000, Max: 0x00000000, ABSOLUTE)

    Exec Addr    Load Addr    Size         Type   Attr      Idx    E Section Name        Object

    0x00003800        -       0x00000000   Zero   RW           54    __ddsc_FLASH_NSC.bss  anon$$obj.o


    Execution Region .flash.flat_nsc (Exec base: 0x00003800, Load base: 0x00003494, Size: 0x00000000, Max: 0x00000000, ABSOLUTE)

    Exec Addr    Load Addr    Size         Type   Attr      Idx    E Section Name        Object

    0x00003800        -       0x00000000   Zero   RW           55    .flash.flat_nsc.bss  anon$$obj.o


    Execution Region __FLASH_end (Exec base: 0x00003800, Load base: 0x00003494, Size: 0x00000000, Max: 0x00000000, ABSOLUTE)

    Exec Addr    Load Addr    Size         Type   Attr      Idx    E Section Name        Object

    0x00003800        -       0x00000000   Zero   RW           56    __FLASH_end.bss     anon$$obj.o



  Load Region LOAD_REGION_OPTION_SETTING_OFS0 (Base: 0x0100a100, Size: 0x00000004, Max: 0x00000004, ABSOLUTE)

    Execution Region __OPTION_SETTING_OFS0_start (Exec base: 0x0100a100, Load base: 0x0100a100, Size: 0x00000000, Max: 0x00000000, ABSOLUTE)

    Exec Addr    Load Addr    Size         Type   Attr      Idx    E Section Name        Object

    0x0100a100        -       0x00000000   Zero   RW           57    __OPTION_SETTING_OFS0_start.bss  anon$$obj.o


    Execution Region __OPTION_SETTING_OFS0_init (Exec base: 0x0100a100, Load base: 0x0100a100, Size: 0x00000000, Max: 0x00000000, ABSOLUTE)

    Exec Addr    Load Addr    Size         Type   Attr      Idx    E Section Name        Object

    0x0100a100        -       0x00000000   Zero   RW           58    __OPTION_SETTING_OFS0_init.bss  anon$$obj.o


    Execution Region __ddsc_OPTION_SETTING_OFS0_START (Exec base: 0x0100a100, Load base: 0x0100a100, Size: 0x00000000, Max: 0x00000000, ABSOLUTE)

    Exec Addr    Load Addr    Size         Type   Attr      Idx    E Section Name        Object

    0x0100a100        -       0x00000000   Zero   RW           59    __ddsc_OPTION_SETTING_OFS0_START.bss  anon$$obj.o


    Execution Region .option_setting_ofs0.startof (Exec base: 0x0100a100, Load base: 0x0100a100, Size: 0x00000000, Max: 0x00000000, ABSOLUTE)

    Exec Addr    Load Addr    Size         Type   Attr      Idx    E Section Name        Object

    0x0100a100        -       0x00000000   Zero   RW           60    .option_setting_ofs0.startof.bss  anon$$obj.o


    Execution Region __option_setting_ofs0_reg (Exec base: 0x0100a100, Load base: 0x0100a100, Size: 0x00000004, Max: 0xffffffff, ABSOLUTE, FIXED)

    Exec Addr    Load Addr    Size         Type   Attr      Idx    E Section Name        Object

    0x0100a100   0x0100a100   0x00000004   Data   RO          424    .option_setting_ofs0  bsp_linker.o


    Execution Region __ddsc_OPTION_SETTING_OFS0_END (Exec base: 0x0100a104, Load base: 0x0100a104, Size: 0x00000000, Max: 0x00000000, ABSOLUTE)

    Exec Addr    Load Addr    Size         Type   Attr      Idx    E Section Name        Object

    0x0100a104        -       0x00000000   Zero   RW           61    __ddsc_OPTION_SETTING_OFS0_END.bss  anon$$obj.o


    Execution Region .option_setting_ofs0.endof (Exec base: 0x0100a104, Load base: 0x0100a104, Size: 0x00000000, Max: 0x00000000, ABSOLUTE)

    Exec Addr    Load Addr    Size         Type   Attr      Idx    E Section Name        Object

    0x0100a104        -       0x00000000   Zero   RW           62    .option_setting_ofs0.endof.bss  anon$$obj.o


    Execution Region __OPTION_SETTING_OFS0_end (Exec base: 0x0100a104, Load base: 0x0100a104, Size: 0x00000000, Max: 0x00000000, ABSOLUTE)

    Exec Addr    Load Addr    Size         Type   Attr      Idx    E Section Name        Object

    0x0100a104        -       0x00000000   Zero   RW           63    __OPTION_SETTING_OFS0_end.bss  anon$$obj.o



  Load Region LOAD_REGION_OPTION_SETTING_DUALSEL (Base: 0x0100a110, Size: 0x00000000, Max: 0x00000004, ABSOLUTE)

    Execution Region __OPTION_SETTING_DUALSEL_start (Exec base: 0x0100a110, Load base: 0x0100a110, Size: 0x00000000, Max: 0x00000000, ABSOLUTE)

    Exec Addr    Load Addr    Size         Type   Attr      Idx    E Section Name        Object

    0x0100a110        -       0x00000000   Zero   RW           64    __OPTION_SETTING_DUALSEL_start.bss  anon$$obj.o


    Execution Region __OPTION_SETTING_DUALSEL_init (Exec base: 0x0100a110, Load base: 0x0100a110, Size: 0x00000000, Max: 0x00000000, ABSOLUTE)

    Exec Addr    Load Addr    Size         Type   Attr      Idx    E Section Name        Object

    0x0100a110        -       0x00000000   Zero   RW           65    __OPTION_SETTING_DUALSEL_init.bss  anon$$obj.o


    Execution Region __ddsc_OPTION_SETTING_DUALSEL_START (Exec base: 0x0100a110, Load base: 0x0100a110, Size: 0x00000000, Max: 0x00000000, ABSOLUTE)

    Exec Addr    Load Addr    Size         Type   Attr      Idx    E Section Name        Object

    0x0100a110        -       0x00000000   Zero   RW           66    __ddsc_OPTION_SETTING_DUALSEL_START.bss  anon$$obj.o


    Execution Region .option_setting_dualsel.startof (Exec base: 0x0100a110, Load base: 0x0100a110, Size: 0x00000000, Max: 0x00000000, ABSOLUTE)

    Exec Addr    Load Addr    Size         Type   Attr      Idx    E Section Name        Object

    0x0100a110        -       0x00000000   Zero   RW           67    .option_setting_dualsel.startof.bss  anon$$obj.o


    Execution Region __option_setting_dualsel_reg (Exec base: 0x0100a110, Load base: 0x0100a110, Size: 0x00000000, Max: 0xffffffff, ABSOLUTE, FIXED)

    **** No section assigned to this execution region ****


    Execution Region __ddsc_OPTION_SETTING_DUALSEL_END (Exec base: 0x0100a110, Load base: 0x0100a110, Size: 0x00000000, Max: 0x00000000, ABSOLUTE)

    Exec Addr    Load Addr    Size         Type   Attr      Idx    E Section Name        Object

    0x0100a110        -       0x00000000   Zero   RW           68    __ddsc_OPTION_SETTING_DUALSEL_END.bss  anon$$obj.o


    Execution Region .option_setting_dualsel.endof (Exec base: 0x0100a110, Load base: 0x0100a110, Size: 0x00000000, Max: 0x00000000, ABSOLUTE)

    Exec Addr    Load Addr    Size         Type   Attr      Idx    E Section Name        Object

    0x0100a110        -       0x00000000   Zero   RW           69    .option_setting_dualsel.endof.bss  anon$$obj.o


    Execution Region __OPTION_SETTING_DUALSEL_end (Exec base: 0x0100a110, Load base: 0x0100a110, Size: 0x00000000, Max: 0x00000000, ABSOLUTE)

    Exec Addr    Load Addr    Size         Type   Attr      Idx    E Section Name        Object

    0x0100a110        -       0x00000000   Zero   RW           70    __OPTION_SETTING_DUALSEL_end.bss  anon$$obj.o



  Load Region LOAD_REGION_OPTION_SETTING_OFS1 (Base: 0x0100a180, Size: 0x00000000, Max: 0x00000004, ABSOLUTE)

    Execution Region __OPTION_SETTING_OFS1_start (Exec base: 0x0100a180, Load base: 0x0100a180, Size: 0x00000000, Max: 0x00000000, ABSOLUTE)

    Exec Addr    Load Addr    Size         Type   Attr      Idx    E Section Name        Object

    0x0100a180        -       0x00000000   Zero   RW           71    __OPTION_SETTING_OFS1_start.bss  anon$$obj.o


    Execution Region __OPTION_SETTING_OFS1_init (Exec base: 0x0100a180, Load base: 0x0100a180, Size: 0x00000000, Max: 0x00000000, ABSOLUTE)

    Exec Addr    Load Addr    Size         Type   Attr      Idx    E Section Name        Object

    0x0100a180        -       0x00000000   Zero   RW           72    __OPTION_SETTING_OFS1_init.bss  anon$$obj.o


    Execution Region __ddsc_OPTION_SETTING_OFS1_START (Exec base: 0x0100a180, Load base: 0x0100a180, Size: 0x00000000, Max: 0x00000000, ABSOLUTE)

    Exec Addr    Load Addr    Size         Type   Attr      Idx    E Section Name        Object

    0x0100a180        -       0x00000000   Zero   RW           73    __ddsc_OPTION_SETTING_OFS1_START.bss  anon$$obj.o


    Execution Region .option_setting_ofs1.startof (Exec base: 0x0100a180, Load base: 0x0100a180, Size: 0x00000000, Max: 0x00000000, ABSOLUTE)

    Exec Addr    Load Addr    Size         Type   Attr      Idx    E Section Name        Object

    0x0100a180        -       0x00000000   Zero   RW           74    .option_setting_ofs1.startof.bss  anon$$obj.o


    Execution Region __option_setting_ofs1_reg (Exec base: 0x0100a180, Load base: 0x0100a180, Size: 0x00000000, Max: 0xffffffff, ABSOLUTE, FIXED)

    **** No section assigned to this execution region ****


    Execution Region __ddsc_OPTION_SETTING_OFS1_END (Exec base: 0x0100a180, Load base: 0x0100a180, Size: 0x00000000, Max: 0x00000000, ABSOLUTE)

    Exec Addr    Load Addr    Size         Type   Attr      Idx    E Section Name        Object

    0x0100a180        -       0x00000000   Zero   RW           75    __ddsc_OPTION_SETTING_OFS1_END.bss  anon$$obj.o


    Execution Region .option_setting_ofs1.endof (Exec base: 0x0100a180, Load base: 0x0100a180, Size: 0x00000000, Max: 0x00000000, ABSOLUTE)

    Exec Addr    Load Addr    Size         Type   Attr      Idx    E Section Name        Object

    0x0100a180        -       0x00000000   Zero   RW           76    .option_setting_ofs1.endof.bss  anon$$obj.o


    Execution Region __OPTION_SETTING_OFS1_end (Exec base: 0x0100a180, Load base: 0x0100a180, Size: 0x00000000, Max: 0x00000000, ABSOLUTE)

    Exec Addr    Load Addr    Size         Type   Attr      Idx    E Section Name        Object

    0x0100a180        -       0x00000000   Zero   RW           77    __OPTION_SETTING_OFS1_end.bss  anon$$obj.o



  Load Region LOAD_REGION_OPTION_SETTING_BANKSEL (Base: 0x0100a190, Size: 0x00000000, Max: 0x00000004, ABSOLUTE)

    Execution Region __OPTION_SETTING_BANKSEL_start (Exec base: 0x0100a190, Load base: 0x0100a190, Size: 0x00000000, Max: 0x00000000, ABSOLUTE)

    Exec Addr    Load Addr    Size         Type   Attr      Idx    E Section Name        Object

    0x0100a190        -       0x00000000   Zero   RW           78    __OPTION_SETTING_BANKSEL_start.bss  anon$$obj.o


    Execution Region __OPTION_SETTING_BANKSEL_init (Exec base: 0x0100a190, Load base: 0x0100a190, Size: 0x00000000, Max: 0x00000000, ABSOLUTE)

    Exec Addr    Load Addr    Size         Type   Attr      Idx    E Section Name        Object

    0x0100a190        -       0x00000000   Zero   RW           79    __OPTION_SETTING_BANKSEL_init.bss  anon$$obj.o


    Execution Region __ddsc_OPTION_SETTING_BANKSEL_START (Exec base: 0x0100a190, Load base: 0x0100a190, Size: 0x00000000, Max: 0x00000000, ABSOLUTE)

    Exec Addr    Load Addr    Size         Type   Attr      Idx    E Section Name        Object

    0x0100a190        -       0x00000000   Zero   RW           80    __ddsc_OPTION_SETTING_BANKSEL_START.bss  anon$$obj.o


    Execution Region .option_setting_banksel.startof (Exec base: 0x0100a190, Load base: 0x0100a190, Size: 0x00000000, Max: 0x00000000, ABSOLUTE)

    Exec Addr    Load Addr    Size         Type   Attr      Idx    E Section Name        Object

    0x0100a190        -       0x00000000   Zero   RW           81    .option_setting_banksel.startof.bss  anon$$obj.o


    Execution Region __option_setting_banksel_reg (Exec base: 0x0100a190, Load base: 0x0100a190, Size: 0x00000000, Max: 0xffffffff, ABSOLUTE, FIXED)

    **** No section assigned to this execution region ****


    Execution Region __ddsc_OPTION_SETTING_BANKSEL_END (Exec base: 0x0100a190, Load base: 0x0100a190, Size: 0x00000000, Max: 0x00000000, ABSOLUTE)

    Exec Addr    Load Addr    Size         Type   Attr      Idx    E Section Name        Object

    0x0100a190        -       0x00000000   Zero   RW           82    __ddsc_OPTION_SETTING_BANKSEL_END.bss  anon$$obj.o


    Execution Region .option_setting_banksel.endof (Exec base: 0x0100a190, Load base: 0x0100a190, Size: 0x00000000, Max: 0x00000000, ABSOLUTE)

    Exec Addr    Load Addr    Size         Type   Attr      Idx    E Section Name        Object

    0x0100a190        -       0x00000000   Zero   RW           83    .option_setting_banksel.endof.bss  anon$$obj.o


    Execution Region __OPTION_SETTING_BANKSEL_end (Exec base: 0x0100a190, Load base: 0x0100a190, Size: 0x00000000, Max: 0x00000000, ABSOLUTE)

    Exec Addr    Load Addr    Size         Type   Attr      Idx    E Section Name        Object

    0x0100a190        -       0x00000000   Zero   RW           84    __OPTION_SETTING_BANKSEL_end.bss  anon$$obj.o



  Load Region LOAD_REGION_OPTION_SETTING_BPS (Base: 0x0100a1c0, Size: 0x00000000, Max: 0x00000010, ABSOLUTE)

    Execution Region __OPTION_SETTING_BPS_start (Exec base: 0x0100a1c0, Load base: 0x0100a1c0, Size: 0x00000000, Max: 0x00000000, ABSOLUTE)

    Exec Addr    Load Addr    Size         Type   Attr      Idx    E Section Name        Object

    0x0100a1c0        -       0x00000000   Zero   RW           85    __OPTION_SETTING_BPS_start.bss  anon$$obj.o


    Execution Region __OPTION_SETTING_BPS_init (Exec base: 0x0100a1c0, Load base: 0x0100a1c0, Size: 0x00000000, Max: 0x00000000, ABSOLUTE)

    Exec Addr    Load Addr    Size         Type   Attr      Idx    E Section Name        Object

    0x0100a1c0        -       0x00000000   Zero   RW           86    __OPTION_SETTING_BPS_init.bss  anon$$obj.o


    Execution Region __ddsc_OPTION_SETTING_BPS_START (Exec base: 0x0100a1c0, Load base: 0x0100a1c0, Size: 0x00000000, Max: 0x00000000, ABSOLUTE)

    Exec Addr    Load Addr    Size         Type   Attr      Idx    E Section Name        Object

    0x0100a1c0        -       0x00000000   Zero   RW           87    __ddsc_OPTION_SETTING_BPS_START.bss  anon$$obj.o


    Execution Region .option_setting_bps.startof (Exec base: 0x0100a1c0, Load base: 0x0100a1c0, Size: 0x00000000, Max: 0x00000000, ABSOLUTE)

    Exec Addr    Load Addr    Size         Type   Attr      Idx    E Section Name        Object

    0x0100a1c0        -       0x00000000   Zero   RW           88    .option_setting_bps.startof.bss  anon$$obj.o


    Execution Region __option_setting_bps_reg (Exec base: 0x0100a1c0, Load base: 0x0100a1c0, Size: 0x00000000, Max: 0xffffffff, ABSOLUTE, FIXED)

    **** No section assigned to this execution region ****


    Execution Region __ddsc_OPTION_SETTING_BPS_END (Exec base: 0x0100a1c0, Load base: 0x0100a1c0, Size: 0x00000000, Max: 0x00000000, ABSOLUTE)

    Exec Addr    Load Addr    Size         Type   Attr      Idx    E Section Name        Object

    0x0100a1c0        -       0x00000000   Zero   RW           89    __ddsc_OPTION_SETTING_BPS_END.bss  anon$$obj.o


    Execution Region .option_setting_bps.endof (Exec base: 0x0100a1c0, Load base: 0x0100a1c0, Size: 0x00000000, Max: 0x00000000, ABSOLUTE)

    Exec Addr    Load Addr    Size         Type   Attr      Idx    E Section Name        Object

    0x0100a1c0        -       0x00000000   Zero   RW           90    .option_setting_bps.endof.bss  anon$$obj.o


    Execution Region __OPTION_SETTING_BPS_end (Exec base: 0x0100a1c0, Load base: 0x0100a1c0, Size: 0x00000000, Max: 0x00000000, ABSOLUTE)

    Exec Addr    Load Addr    Size         Type   Attr      Idx    E Section Name        Object

    0x0100a1c0        -       0x00000000   Zero   RW           91    __OPTION_SETTING_BPS_end.bss  anon$$obj.o



  Load Region LOAD_REGION_OPTION_SETTING_PBPS (Base: 0x0100a1e0, Size: 0x00000000, Max: 0x00000010, ABSOLUTE)

    Execution Region __OPTION_SETTING_PBPS_start (Exec base: 0x0100a1e0, Load base: 0x0100a1e0, Size: 0x00000000, Max: 0x00000000, ABSOLUTE)

    Exec Addr    Load Addr    Size         Type   Attr      Idx    E Section Name        Object

    0x0100a1e0        -       0x00000000   Zero   RW           92    __OPTION_SETTING_PBPS_start.bss  anon$$obj.o


    Execution Region __OPTION_SETTING_PBPS_init (Exec base: 0x0100a1e0, Load base: 0x0100a1e0, Size: 0x00000000, Max: 0x00000000, ABSOLUTE)

    Exec Addr    Load Addr    Size         Type   Attr      Idx    E Section Name        Object

    0x0100a1e0        -       0x00000000   Zero   RW           93    __OPTION_SETTING_PBPS_init.bss  anon$$obj.o


    Execution Region __ddsc_OPTION_SETTING_PBPS_START (Exec base: 0x0100a1e0, Load base: 0x0100a1e0, Size: 0x00000000, Max: 0x00000000, ABSOLUTE)

    Exec Addr    Load Addr    Size         Type   Attr      Idx    E Section Name        Object

    0x0100a1e0        -       0x00000000   Zero   RW           94    __ddsc_OPTION_SETTING_PBPS_START.bss  anon$$obj.o


    Execution Region .option_setting_pbps.startof (Exec base: 0x0100a1e0, Load base: 0x0100a1e0, Size: 0x00000000, Max: 0x00000000, ABSOLUTE)

    Exec Addr    Load Addr    Size         Type   Attr      Idx    E Section Name        Object

    0x0100a1e0        -       0x00000000   Zero   RW           95    .option_setting_pbps.startof.bss  anon$$obj.o


    Execution Region __option_setting_pbps_reg (Exec base: 0x0100a1e0, Load base: 0x0100a1e0, Size: 0x00000000, Max: 0xffffffff, ABSOLUTE, FIXED)

    **** No section assigned to this execution region ****


    Execution Region __ddsc_OPTION_SETTING_PBPS_END (Exec base: 0x0100a1e0, Load base: 0x0100a1e0, Size: 0x00000000, Max: 0x00000000, ABSOLUTE)

    Exec Addr    Load Addr    Size         Type   Attr      Idx    E Section Name        Object

    0x0100a1e0        -       0x00000000   Zero   RW           96    __ddsc_OPTION_SETTING_PBPS_END.bss  anon$$obj.o


    Execution Region .option_setting_pbps.endof (Exec base: 0x0100a1e0, Load base: 0x0100a1e0, Size: 0x00000000, Max: 0x00000000, ABSOLUTE)

    Exec Addr    Load Addr    Size         Type   Attr      Idx    E Section Name        Object

    0x0100a1e0        -       0x00000000   Zero   RW           97    .option_setting_pbps.endof.bss  anon$$obj.o


    Execution Region __OPTION_SETTING_PBPS_end (Exec base: 0x0100a1e0, Load base: 0x0100a1e0, Size: 0x00000000, Max: 0x00000000, ABSOLUTE)

    Exec Addr    Load Addr    Size         Type   Attr      Idx    E Section Name        Object

    0x0100a1e0        -       0x00000000   Zero   RW           98    __OPTION_SETTING_PBPS_end.bss  anon$$obj.o



  Load Region LOAD_REGION_OPTION_SETTING_OFS1_SEC (Base: 0x0100a200, Size: 0x00000004, Max: 0x00000004, ABSOLUTE)

    Execution Region __OPTION_SETTING_OFS1_SEC_start (Exec base: 0x0100a200, Load base: 0x0100a200, Size: 0x00000000, Max: 0x00000000, ABSOLUTE)

    Exec Addr    Load Addr    Size         Type   Attr      Idx    E Section Name        Object

    0x0100a200        -       0x00000000   Zero   RW           99    __OPTION_SETTING_OFS1_SEC_start.bss  anon$$obj.o


    Execution Region __OPTION_SETTING_OFS1_SEC_init (Exec base: 0x0100a200, Load base: 0x0100a200, Size: 0x00000000, Max: 0x00000000, ABSOLUTE)

    Exec Addr    Load Addr    Size         Type   Attr      Idx    E Section Name        Object

    0x0100a200        -       0x00000000   Zero   RW          100    __OPTION_SETTING_OFS1_SEC_init.bss  anon$$obj.o


    Execution Region __ddsc_OPTION_SETTING_OFS1_SEC_START (Exec base: 0x0100a200, Load base: 0x0100a200, Size: 0x00000000, Max: 0x00000000, ABSOLUTE)

    Exec Addr    Load Addr    Size         Type   Attr      Idx    E Section Name        Object

    0x0100a200        -       0x00000000   Zero   RW          101    __ddsc_OPTION_SETTING_OFS1_SEC_START.bss  anon$$obj.o


    Execution Region .option_setting_ofs1_sec.startof (Exec base: 0x0100a200, Load base: 0x0100a200, Size: 0x00000000, Max: 0x00000000, ABSOLUTE)

    Exec Addr    Load Addr    Size         Type   Attr      Idx    E Section Name        Object

    0x0100a200        -       0x00000000   Zero   RW          102    .option_setting_ofs1_sec.startof.bss  anon$$obj.o


    Execution Region __option_setting_ofs1_sec_reg (Exec base: 0x0100a200, Load base: 0x0100a200, Size: 0x00000004, Max: 0xffffffff, ABSOLUTE, FIXED)

    Exec Addr    Load Addr    Size         Type   Attr      Idx    E Section Name        Object

    0x0100a200   0x0100a200   0x00000004   Data   RO          425    .option_setting_ofs1_sec  bsp_linker.o


    Execution Region __ddsc_OPTION_SETTING_OFS1_SEC_END (Exec base: 0x0100a204, Load base: 0x0100a204, Size: 0x00000000, Max: 0x00000000, ABSOLUTE)

    Exec Addr    Load Addr    Size         Type   Attr      Idx    E Section Name        Object

    0x0100a204        -       0x00000000   Zero   RW          103    __ddsc_OPTION_SETTING_OFS1_SEC_END.bss  anon$$obj.o


    Execution Region .option_setting_ofs1_sec.endof (Exec base: 0x0100a204, Load base: 0x0100a204, Size: 0x00000000, Max: 0x00000000, ABSOLUTE)

    Exec Addr    Load Addr    Size         Type   Attr      Idx    E Section Name        Object

    0x0100a204        -       0x00000000   Zero   RW          104    .option_setting_ofs1_sec.endof.bss  anon$$obj.o


    Execution Region __OPTION_SETTING_OFS1_SEC_end (Exec base: 0x0100a204, Load base: 0x0100a204, Size: 0x00000000, Max: 0x00000000, ABSOLUTE)

    Exec Addr    Load Addr    Size         Type   Attr      Idx    E Section Name        Object

    0x0100a204        -       0x00000000   Zero   RW          105    __OPTION_SETTING_OFS1_SEC_end.bss  anon$$obj.o



  Load Region LOAD_REGION_OPTION_SETTING_BANKSEL_SEC (Base: 0x0100a210, Size: 0x00000000, Max: 0x00000004, ABSOLUTE)

    Execution Region __OPTION_SETTING_BANKSEL_SEC_start (Exec base: 0x0100a210, Load base: 0x0100a210, Size: 0x00000000, Max: 0x00000000, ABSOLUTE)

    Exec Addr    Load Addr    Size         Type   Attr      Idx    E Section Name        Object

    0x0100a210        -       0x00000000   Zero   RW          106    __OPTION_SETTING_BANKSEL_SEC_start.bss  anon$$obj.o


    Execution Region __OPTION_SETTING_BANKSEL_SEC_init (Exec base: 0x0100a210, Load base: 0x0100a210, Size: 0x00000000, Max: 0x00000000, ABSOLUTE)

    Exec Addr    Load Addr    Size         Type   Attr      Idx    E Section Name        Object

    0x0100a210        -       0x00000000   Zero   RW          107    __OPTION_SETTING_BANKSEL_SEC_init.bss  anon$$obj.o


    Execution Region __ddsc_OPTION_SETTING_BANKSEL_SEC_START (Exec base: 0x0100a210, Load base: 0x0100a210, Size: 0x00000000, Max: 0x00000000, ABSOLUTE)

    Exec Addr    Load Addr    Size         Type   Attr      Idx    E Section Name        Object

    0x0100a210        -       0x00000000   Zero   RW          108    __ddsc_OPTION_SETTING_BANKSEL_SEC_START.bss  anon$$obj.o


    Execution Region .option_setting_banksel_sec.startof (Exec base: 0x0100a210, Load base: 0x0100a210, Size: 0x00000000, Max: 0x00000000, ABSOLUTE)

    Exec Addr    Load Addr    Size         Type   Attr      Idx    E Section Name        Object

    0x0100a210        -       0x00000000   Zero   RW          109    .option_setting_banksel_sec.startof.bss  anon$$obj.o


    Execution Region __option_setting_banksel_sec_reg (Exec base: 0x0100a210, Load base: 0x0100a210, Size: 0x00000000, Max: 0xffffffff, ABSOLUTE, FIXED)

    **** No section assigned to this execution region ****


    Execution Region __ddsc_OPTION_SETTING_BANKSEL_SEC_END (Exec base: 0x0100a210, Load base: 0x0100a210, Size: 0x00000000, Max: 0x00000000, ABSOLUTE)

    Exec Addr    Load Addr    Size         Type   Attr      Idx    E Section Name        Object

    0x0100a210        -       0x00000000   Zero   RW          110    __ddsc_OPTION_SETTING_BANKSEL_SEC_END.bss  anon$$obj.o


    Execution Region .option_setting_banksel_sec.endof (Exec base: 0x0100a210, Load base: 0x0100a210, Size: 0x00000000, Max: 0x00000000, ABSOLUTE)

    Exec Addr    Load Addr    Size         Type   Attr      Idx    E Section Name        Object

    0x0100a210        -       0x00000000   Zero   RW          111    .option_setting_banksel_sec.endof.bss  anon$$obj.o


    Execution Region __OPTION_SETTING_BANKSEL_SEC_end (Exec base: 0x0100a210, Load base: 0x0100a210, Size: 0x00000000, Max: 0x00000000, ABSOLUTE)

    Exec Addr    Load Addr    Size         Type   Attr      Idx    E Section Name        Object

    0x0100a210        -       0x00000000   Zero   RW          112    __OPTION_SETTING_BANKSEL_SEC_end.bss  anon$$obj.o



  Load Region LOAD_REGION_OPTION_SETTING_BPS_SEC (Base: 0x0100a240, Size: 0x00000000, Max: 0x00000010, ABSOLUTE)

    Execution Region __OPTION_SETTING_BPS_SEC_start (Exec base: 0x0100a240, Load base: 0x0100a240, Size: 0x00000000, Max: 0x00000000, ABSOLUTE)

    Exec Addr    Load Addr    Size         Type   Attr      Idx    E Section Name        Object

    0x0100a240        -       0x00000000   Zero   RW          113    __OPTION_SETTING_BPS_SEC_start.bss  anon$$obj.o


    Execution Region __OPTION_SETTING_BPS_SEC_init (Exec base: 0x0100a240, Load base: 0x0100a240, Size: 0x00000000, Max: 0x00000000, ABSOLUTE)

    Exec Addr    Load Addr    Size         Type   Attr      Idx    E Section Name        Object

    0x0100a240        -       0x00000000   Zero   RW          114    __OPTION_SETTING_BPS_SEC_init.bss  anon$$obj.o


    Execution Region __ddsc_OPTION_SETTING_BPS_SEC_START (Exec base: 0x0100a240, Load base: 0x0100a240, Size: 0x00000000, Max: 0x00000000, ABSOLUTE)

    Exec Addr    Load Addr    Size         Type   Attr      Idx    E Section Name        Object

    0x0100a240        -       0x00000000   Zero   RW          115    __ddsc_OPTION_SETTING_BPS_SEC_START.bss  anon$$obj.o


    Execution Region .option_setting_bps_sec.startof (Exec base: 0x0100a240, Load base: 0x0100a240, Size: 0x00000000, Max: 0x00000000, ABSOLUTE)

    Exec Addr    Load Addr    Size         Type   Attr      Idx    E Section Name        Object

    0x0100a240        -       0x00000000   Zero   RW          116    .option_setting_bps_sec.startof.bss  anon$$obj.o


    Execution Region __option_setting_bps_sec_reg (Exec base: 0x0100a240, Load base: 0x0100a240, Size: 0x00000000, Max: 0xffffffff, ABSOLUTE, FIXED)

    **** No section assigned to this execution region ****


    Execution Region __ddsc_OPTION_SETTING_BPS_SEC_END (Exec base: 0x0100a240, Load base: 0x0100a240, Size: 0x00000000, Max: 0x00000000, ABSOLUTE)

    Exec Addr    Load Addr    Size         Type   Attr      Idx    E Section Name        Object

    0x0100a240        -       0x00000000   Zero   RW          117    __ddsc_OPTION_SETTING_BPS_SEC_END.bss  anon$$obj.o


    Execution Region .option_setting_bps_sec.endof (Exec base: 0x0100a240, Load base: 0x0100a240, Size: 0x00000000, Max: 0x00000000, ABSOLUTE)

    Exec Addr    Load Addr    Size         Type   Attr      Idx    E Section Name        Object

    0x0100a240        -       0x00000000   Zero   RW          118    .option_setting_bps_sec.endof.bss  anon$$obj.o


    Execution Region __OPTION_SETTING_BPS_SEC_end (Exec base: 0x0100a240, Load base: 0x0100a240, Size: 0x00000000, Max: 0x00000000, ABSOLUTE)

    Exec Addr    Load Addr    Size         Type   Attr      Idx    E Section Name        Object

    0x0100a240        -       0x00000000   Zero   RW          119    __OPTION_SETTING_BPS_SEC_end.bss  anon$$obj.o



  Load Region LOAD_REGION_OPTION_SETTING_PBPS_SEC (Base: 0x0100a260, Size: 0x00000000, Max: 0x00000010, ABSOLUTE)

    Execution Region __OPTION_SETTING_PBPS_SEC_start (Exec base: 0x0100a260, Load base: 0x0100a260, Size: 0x00000000, Max: 0x00000000, ABSOLUTE)

    Exec Addr    Load Addr    Size         Type   Attr      Idx    E Section Name        Object

    0x0100a260        -       0x00000000   Zero   RW          120    __OPTION_SETTING_PBPS_SEC_start.bss  anon$$obj.o


    Execution Region __OPTION_SETTING_PBPS_SEC_init (Exec base: 0x0100a260, Load base: 0x0100a260, Size: 0x00000000, Max: 0x00000000, ABSOLUTE)

    Exec Addr    Load Addr    Size         Type   Attr      Idx    E Section Name        Object

    0x0100a260        -       0x00000000   Zero   RW          121    __OPTION_SETTING_PBPS_SEC_init.bss  anon$$obj.o


    Execution Region __ddsc_OPTION_SETTING_PBPS_SEC_START (Exec base: 0x0100a260, Load base: 0x0100a260, Size: 0x00000000, Max: 0x00000000, ABSOLUTE)

    Exec Addr    Load Addr    Size         Type   Attr      Idx    E Section Name        Object

    0x0100a260        -       0x00000000   Zero   RW          122    __ddsc_OPTION_SETTING_PBPS_SEC_START.bss  anon$$obj.o


    Execution Region .option_setting_pbps_sec.startof (Exec base: 0x0100a260, Load base: 0x0100a260, Size: 0x00000000, Max: 0x00000000, ABSOLUTE)

    Exec Addr    Load Addr    Size         Type   Attr      Idx    E Section Name        Object

    0x0100a260        -       0x00000000   Zero   RW          123    .option_setting_pbps_sec.startof.bss  anon$$obj.o


    Execution Region __option_setting_pbps_sec_reg (Exec base: 0x0100a260, Load base: 0x0100a260, Size: 0x00000000, Max: 0xffffffff, ABSOLUTE, FIXED)

    **** No section assigned to this execution region ****


    Execution Region __ddsc_OPTION_SETTING_PBPS_SEC_END (Exec base: 0x0100a260, Load base: 0x0100a260, Size: 0x00000000, Max: 0x00000000, ABSOLUTE)

    Exec Addr    Load Addr    Size         Type   Attr      Idx    E Section Name        Object

    0x0100a260        -       0x00000000   Zero   RW          124    __ddsc_OPTION_SETTING_PBPS_SEC_END.bss  anon$$obj.o


    Execution Region .option_setting_pbps_sec.endof (Exec base: 0x0100a260, Load base: 0x0100a260, Size: 0x00000000, Max: 0x00000000, ABSOLUTE)

    Exec Addr    Load Addr    Size         Type   Attr      Idx    E Section Name        Object

    0x0100a260        -       0x00000000   Zero   RW          125    .option_setting_pbps_sec.endof.bss  anon$$obj.o


    Execution Region __OPTION_SETTING_PBPS_SEC_end (Exec base: 0x0100a260, Load base: 0x0100a260, Size: 0x00000000, Max: 0x00000000, ABSOLUTE)

    Exec Addr    Load Addr    Size         Type   Attr      Idx    E Section Name        Object

    0x0100a260        -       0x00000000   Zero   RW          126    __OPTION_SETTING_PBPS_SEC_end.bss  anon$$obj.o



  Load Region LOAD_REGION_OPTION_SETTING_OFS1_SEL (Base: 0x0100a280, Size: 0x00000004, Max: 0x00000004, ABSOLUTE)

    Execution Region __OPTION_SETTING_OFS1_SEL_start (Exec base: 0x0100a280, Load base: 0x0100a280, Size: 0x00000000, Max: 0x00000000, ABSOLUTE)

    Exec Addr    Load Addr    Size         Type   Attr      Idx    E Section Name        Object

    0x0100a280        -       0x00000000   Zero   RW          127    __OPTION_SETTING_OFS1_SEL_start.bss  anon$$obj.o


    Execution Region __OPTION_SETTING_OFS1_SEL_init (Exec base: 0x0100a280, Load base: 0x0100a280, Size: 0x00000000, Max: 0x00000000, ABSOLUTE)

    Exec Addr    Load Addr    Size         Type   Attr      Idx    E Section Name        Object

    0x0100a280        -       0x00000000   Zero   RW          128    __OPTION_SETTING_OFS1_SEL_init.bss  anon$$obj.o


    Execution Region __ddsc_OPTION_SETTING_OFS1_SEL_START (Exec base: 0x0100a280, Load base: 0x0100a280, Size: 0x00000000, Max: 0x00000000, ABSOLUTE)

    Exec Addr    Load Addr    Size         Type   Attr      Idx    E Section Name        Object

    0x0100a280        -       0x00000000   Zero   RW          129    __ddsc_OPTION_SETTING_OFS1_SEL_START.bss  anon$$obj.o


    Execution Region .option_setting_ofs1_sel.startof (Exec base: 0x0100a280, Load base: 0x0100a280, Size: 0x00000000, Max: 0x00000000, ABSOLUTE)

    Exec Addr    Load Addr    Size         Type   Attr      Idx    E Section Name        Object

    0x0100a280        -       0x00000000   Zero   RW          130    .option_setting_ofs1_sel.startof.bss  anon$$obj.o


    Execution Region __option_setting_ofs1_sel_reg (Exec base: 0x0100a280, Load base: 0x0100a280, Size: 0x00000004, Max: 0xffffffff, ABSOLUTE, FIXED)

    Exec Addr    Load Addr    Size         Type   Attr      Idx    E Section Name        Object

    0x0100a280   0x0100a280   0x00000004   Data   RO          426    .option_setting_ofs1_sel  bsp_linker.o


    Execution Region __ddsc_OPTION_SETTING_OFS1_SEL_END (Exec base: 0x0100a284, Load base: 0x0100a284, Size: 0x00000000, Max: 0x00000000, ABSOLUTE)

    Exec Addr    Load Addr    Size         Type   Attr      Idx    E Section Name        Object

    0x0100a284        -       0x00000000   Zero   RW          131    __ddsc_OPTION_SETTING_OFS1_SEL_END.bss  anon$$obj.o


    Execution Region .option_setting_ofs1_sel.endof (Exec base: 0x0100a284, Load base: 0x0100a284, Size: 0x00000000, Max: 0x00000000, ABSOLUTE)

    Exec Addr    Load Addr    Size         Type   Attr      Idx    E Section Name        Object

    0x0100a284        -       0x00000000   Zero   RW          132    .option_setting_ofs1_sel.endof.bss  anon$$obj.o


    Execution Region __OPTION_SETTING_OFS1_SEL_end (Exec base: 0x0100a284, Load base: 0x0100a284, Size: 0x00000000, Max: 0x00000000, ABSOLUTE)

    Exec Addr    Load Addr    Size         Type   Attr      Idx    E Section Name        Object

    0x0100a284        -       0x00000000   Zero   RW          133    __OPTION_SETTING_OFS1_SEL_end.bss  anon$$obj.o



  Load Region LOAD_REGION_OPTION_SETTING_BANKSEL_SEL (Base: 0x0100a290, Size: 0x00000000, Max: 0x00000004, ABSOLUTE)

    Execution Region __OPTION_SETTING_BANKSEL_SEL_start (Exec base: 0x0100a290, Load base: 0x0100a290, Size: 0x00000000, Max: 0x00000000, ABSOLUTE)

    Exec Addr    Load Addr    Size         Type   Attr      Idx    E Section Name        Object

    0x0100a290        -       0x00000000   Zero   RW          134    __OPTION_SETTING_BANKSEL_SEL_start.bss  anon$$obj.o


    Execution Region __OPTION_SETTING_BANKSEL_SEL_init (Exec base: 0x0100a290, Load base: 0x0100a290, Size: 0x00000000, Max: 0x00000000, ABSOLUTE)

    Exec Addr    Load Addr    Size         Type   Attr      Idx    E Section Name        Object

    0x0100a290        -       0x00000000   Zero   RW          135    __OPTION_SETTING_BANKSEL_SEL_init.bss  anon$$obj.o


    Execution Region __ddsc_OPTION_SETTING_BANKSEL_SEL_START (Exec base: 0x0100a290, Load base: 0x0100a290, Size: 0x00000000, Max: 0x00000000, ABSOLUTE)

    Exec Addr    Load Addr    Size         Type   Attr      Idx    E Section Name        Object

    0x0100a290        -       0x00000000   Zero   RW          136    __ddsc_OPTION_SETTING_BANKSEL_SEL_START.bss  anon$$obj.o


    Execution Region .option_setting_banksel_sel.startof (Exec base: 0x0100a290, Load base: 0x0100a290, Size: 0x00000000, Max: 0x00000000, ABSOLUTE)

    Exec Addr    Load Addr    Size         Type   Attr      Idx    E Section Name        Object

    0x0100a290        -       0x00000000   Zero   RW          137    .option_setting_banksel_sel.startof.bss  anon$$obj.o


    Execution Region __option_setting_banksel_sel_reg (Exec base: 0x0100a290, Load base: 0x0100a290, Size: 0x00000000, Max: 0xffffffff, ABSOLUTE, FIXED)

    **** No section assigned to this execution region ****


    Execution Region __ddsc_OPTION_SETTING_BANKSEL_SEL_END (Exec base: 0x0100a290, Load base: 0x0100a290, Size: 0x00000000, Max: 0x00000000, ABSOLUTE)

    Exec Addr    Load Addr    Size         Type   Attr      Idx    E Section Name        Object

    0x0100a290        -       0x00000000   Zero   RW          138    __ddsc_OPTION_SETTING_BANKSEL_SEL_END.bss  anon$$obj.o


    Execution Region .option_setting_banksel_sel.endof (Exec base: 0x0100a290, Load base: 0x0100a290, Size: 0x00000000, Max: 0x00000000, ABSOLUTE)

    Exec Addr    Load Addr    Size         Type   Attr      Idx    E Section Name        Object

    0x0100a290        -       0x00000000   Zero   RW          139    .option_setting_banksel_sel.endof.bss  anon$$obj.o


    Execution Region __OPTION_SETTING_BANKSEL_SEL_end (Exec base: 0x0100a290, Load base: 0x0100a290, Size: 0x00000000, Max: 0x00000000, ABSOLUTE)

    Exec Addr    Load Addr    Size         Type   Attr      Idx    E Section Name        Object

    0x0100a290        -       0x00000000   Zero   RW          140    __OPTION_SETTING_BANKSEL_SEL_end.bss  anon$$obj.o



  Load Region LOAD_REGION_OPTION_SETTING_BPS_SEL (Base: 0x0100a2c0, Size: 0x00000000, Max: 0x00000010, ABSOLUTE)

    Execution Region __OPTION_SETTING_BPS_SEL_start (Exec base: 0x0100a2c0, Load base: 0x0100a2c0, Size: 0x00000000, Max: 0x00000000, ABSOLUTE)

    Exec Addr    Load Addr    Size         Type   Attr      Idx    E Section Name        Object

    0x0100a2c0        -       0x00000000   Zero   RW          141    __OPTION_SETTING_BPS_SEL_start.bss  anon$$obj.o


    Execution Region __OPTION_SETTING_BPS_SEL_init (Exec base: 0x0100a2c0, Load base: 0x0100a2c0, Size: 0x00000000, Max: 0x00000000, ABSOLUTE)

    Exec Addr    Load Addr    Size         Type   Attr      Idx    E Section Name        Object

    0x0100a2c0        -       0x00000000   Zero   RW          142    __OPTION_SETTING_BPS_SEL_init.bss  anon$$obj.o


    Execution Region __ddsc_OPTION_SETTING_BPS_SEL_START (Exec base: 0x0100a2c0, Load base: 0x0100a2c0, Size: 0x00000000, Max: 0x00000000, ABSOLUTE)

    Exec Addr    Load Addr    Size         Type   Attr      Idx    E Section Name        Object

    0x0100a2c0        -       0x00000000   Zero   RW          143    __ddsc_OPTION_SETTING_BPS_SEL_START.bss  anon$$obj.o


    Execution Region .option_setting_bps_sel.startof (Exec base: 0x0100a2c0, Load base: 0x0100a2c0, Size: 0x00000000, Max: 0x00000000, ABSOLUTE)

    Exec Addr    Load Addr    Size         Type   Attr      Idx    E Section Name        Object

    0x0100a2c0        -       0x00000000   Zero   RW          144    .option_setting_bps_sel.startof.bss  anon$$obj.o


    Execution Region __option_setting_bps_sel_reg (Exec base: 0x0100a2c0, Load base: 0x0100a2c0, Size: 0x00000000, Max: 0xffffffff, ABSOLUTE, FIXED)

    **** No section assigned to this execution region ****


    Execution Region __ddsc_OPTION_SETTING_BPS_SEL_END (Exec base: 0x0100a2c0, Load base: 0x0100a2c0, Size: 0x00000000, Max: 0x00000000, ABSOLUTE)

    Exec Addr    Load Addr    Size         Type   Attr      Idx    E Section Name        Object

    0x0100a2c0        -       0x00000000   Zero   RW          145    __ddsc_OPTION_SETTING_BPS_SEL_END.bss  anon$$obj.o


    Execution Region .option_setting_bps_sel.endof (Exec base: 0x0100a2c0, Load base: 0x0100a2c0, Size: 0x00000000, Max: 0x00000000, ABSOLUTE)

    Exec Addr    Load Addr    Size         Type   Attr      Idx    E Section Name        Object

    0x0100a2c0        -       0x00000000   Zero   RW          146    .option_setting_bps_sel.endof.bss  anon$$obj.o


    Execution Region __OPTION_SETTING_BPS_SEL_end (Exec base: 0x0100a2c0, Load base: 0x0100a2c0, Size: 0x00000000, Max: 0x00000000, ABSOLUTE)

    Exec Addr    Load Addr    Size         Type   Attr      Idx    E Section Name        Object

    0x0100a2c0        -       0x00000000   Zero   RW          147    __OPTION_SETTING_BPS_SEL_end.bss  anon$$obj.o


==============================================================================

Image component sizes


      Code (inc. data)   RO Data    RW Data    ZI Data      Debug   Object Name

       148         20         24          0          0      11762   adc0.o
       124          8          0          8          0      12499   adc_solidmoisture.o
       180          4          0          0          0      10079   bh1750.o
       484          0          0          0         28      39324   bsp_clocks.o
         8          0         78          0          0      10129   bsp_common.o
       140          0          0          0          0       1942   bsp_delay.o
        68          0          0          0         64      14211   bsp_group_irq.o
         0          0          0          0          4        550   bsp_io.o
       138          0          0          0         28      18594   bsp_irq.o
         0          0        388          0          0       3678   bsp_linker.o
       160          0         10          0         10      21897   bsp_register_protection.o
         0          0         12          0          8      17922   common_data.o
        96          0         25          0          0      22819   dtc.o
         0          0        322         20        164      66436   hal_data.o
       412         48          0          0         25      26212   hal_entry.o
        26          0          0          0          0      16843   hal_warmstart.o
        60         28          0          0          0       9091   i2c4.o
        10          0          0          0          0        474   main.o
         0          0         92          0          0       8085   pin_data.o
        66          0          0          0          0       7814   pump.o
      1012          0          0          0          0      82313   r_adc.o
       362          0          0          0         29      26251   r_dtc.o
       980         12         52          0          0      57231   r_ioport.o
      1300          0         32          0          0      40220   r_sci_i2c.o
      1782          0         44          0          0      73321   r_sci_uart.o
       304         68          0          0          0       1087   rainfall.o
        14          0         64          0       9216       1021   startup.o
       252          0          0          0          4       6764   system.o
        30          0          0          0          0       1148   uart2.o
         0          0         56          0          0       9924   vector_data.o

    ----------------------------------------------------------------------
      8174        188       1208         28       9588     619641   Object Totals
         0          0          0          0          0          0   (incl. Generated)
        18          0          9          0          8          0   (incl. Padding)

    ----------------------------------------------------------------------

      Code (inc. data)   RO Data    RW Data    ZI Data      Debug   Library Member Name

         0          0          0          0          0          0   iusefp.o
        30          0          0          0          0         68   llshl.o
        36          0          0          0          0         68   llsshr.o
        32          0          0          0          0         68   llushr.o
        36          0          0          0          0         68   memcpya.o
        36          0          0          0          0        108   memseta.o
      2276         86          0          0          0        520   printfa.o
        14          0          0          0          0         68   strlen.o
        44          0          0          0          0         80   uidiv.o
        98          0          0          0          0         92   uldiv.o
        48          0          0          0          0         68   cdrcmple.o
        56          0          0          0          0         88   d2f.o
       334          0          0          0          0        148   dadd.o
        54          0          0          0          0         80   dcmpge.o
        54          0          0          0          0         80   dcmpgt.o
        54          0          0          0          0         80   dcmplt.o
       222          0          0          0          0        100   ddiv.o
       186          0          0          0          0        176   depilogue.o
        48          0          0          0          0         68   dfixul.o
        26          0          0          0          0         76   dfltui.o
       228          0          0          0          0         96   dmul.o
        38          0          0          0          0         68   f2d.o
       110          0          0          0          0        168   fepilogue.o

    ----------------------------------------------------------------------
      4062         86          0          0          0       2436   Library Totals
         2          0          0          0          0          0   (incl. Padding)

    ----------------------------------------------------------------------

      Code (inc. data)   RO Data    RW Data    ZI Data      Debug   Library Name

      2602         86          0          0          0       1140   mc_w.l
      1458          0          0          0          0       1296   mf_w.l

    ----------------------------------------------------------------------
      4062         86          0          0          0       2436   Library Totals

    ----------------------------------------------------------------------

==============================================================================


      Code (inc. data)   RO Data    RW Data    ZI Data      Debug   

     12236        274       1208         28       9588     620369   Grand Totals
     12236        274       1208         28       9588     620369   ELF Image Totals
     12236        274       1208         28          0          0   ROM Totals

==============================================================================

    Total RO  Size (Code + RO Data)                13444 (  13.13kB)
    Total RW  Size (RW Data + ZI Data)              9616 (   9.39kB)
    Total ROM Size (Code + RO Data + RW Data)      13472 (  13.16kB)

==============================================================================

