Component: Arm Compiler for Embedded 6.24 Tool: armlink [5f371500]

==============================================================================

Section Cross References

    hal_entry.o(.ARM.exidx.text.delay_ms) refers to hal_entry.o(.text.delay_ms) for [Anonymous Symbol]
    hal_entry.o(.text.hal_entry) refers to pump_1.o(.text.Pump_Init) for Pump_Init
    hal_entry.o(.ARM.exidx.text.hal_entry) refers to hal_entry.o(.text.hal_entry) for [Anonymous Symbol]
    hal_warmstart.o(.text.R_BSP_WarmStart) refers to common_data.o(.bss.g_ioport_ctrl) for g_ioport_ctrl
    hal_warmstart.o(.text.R_BSP_WarmStart) refers to pin_data.o(.rodata.g_bsp_pin_cfg) for g_bsp_pin_cfg
    hal_warmstart.o(.text.R_BSP_WarmStart) refers to r_ioport.o(.text.R_IOPORT_Open) for R_IOPORT_Open
    hal_warmstart.o(.ARM.exidx.text.R_BSP_WarmStart) refers to hal_warmstart.o(.text.R_BSP_WarmStart) for [Anonymous Symbol]
    startup.o(.text.Reset_Handler) refers to system.o(.text.SystemInit) for SystemInit
    startup.o(.text.Reset_Handler) refers to main.o(.text.main) for main
    startup.o(.ARM.exidx.text.Reset_Handler) refers to startup.o(.text.Reset_Handler) for [Anonymous Symbol]
    startup.o(.ARM.exidx.text.Default_Handler) refers to startup.o(.text.Default_Handler) for [Anonymous Symbol]
    startup.o(.fixed_vectors) refers to startup.o(.bss.g_main_stack) for g_main_stack
    startup.o(.fixed_vectors) refers to startup.o(.text.Reset_Handler) for Reset_Handler
    startup.o(.fixed_vectors) refers to bsp_group_irq.o(.text.NMI_Handler) for NMI_Handler
    startup.o(.fixed_vectors) refers to startup.o(.text.Default_Handler) for HardFault_Handler
    system.o(.text.SystemInit) refers to startup.o(.fixed_vectors) for __Vectors
    system.o(.text.SystemInit) refers to hal_warmstart.o(.text.R_BSP_WarmStart) for R_BSP_WarmStart
    system.o(.text.SystemInit) refers to bsp_clocks.o(.text.bsp_clock_init) for bsp_clock_init
    system.o(.text.SystemInit) refers to startup.o(.bss.g_main_stack) for g_main_stack
    system.o(.text.SystemInit) refers to system.o(.text.SystemRuntimeInit) for SystemRuntimeInit
    system.o(.text.SystemInit) refers to bsp_clocks.o(.text.SystemCoreClockUpdate) for SystemCoreClockUpdate
    system.o(.text.SystemInit) refers to bsp_clocks.o(.text.R_BSP_Init_RTC) for R_BSP_Init_RTC
    system.o(.text.SystemInit) refers to bsp_register_protection.o(.text.R_BSP_RegisterProtectDisable) for R_BSP_RegisterProtectDisable
    system.o(.text.SystemInit) refers to bsp_register_protection.o(.text.R_BSP_RegisterProtectEnable) for R_BSP_RegisterProtectEnable
    system.o(.text.SystemInit) refers to bsp_irq.o(.text.bsp_irq_cfg) for bsp_irq_cfg
    system.o(.text.SystemInit) refers to bsp_common.o(.text.bsp_init_internal) for bsp_init
    system.o(.ARM.exidx.text.SystemInit) refers to system.o(.text.SystemInit) for [Anonymous Symbol]
    system.o(.ARM.exidx.text.R_BSP_WarmStart) refers to system.o(.text.R_BSP_WarmStart) for [Anonymous Symbol]
    system.o(.text.SystemRuntimeInit) refers to bsp_linker.o(.rodata.g_init_info) for g_init_info
    system.o(.text.SystemRuntimeInit) refers to memseta.o(.text) for __aeabi_memclr4
    system.o(.text.SystemRuntimeInit) refers to memcpya.o(.text) for __aeabi_memcpy4
    system.o(.ARM.exidx.text.SystemRuntimeInit) refers to system.o(.text.SystemRuntimeInit) for [Anonymous Symbol]
    bsp_clocks.o(.ARM.exidx.text.bsp_prv_operating_mode_set) refers to bsp_clocks.o(.text.bsp_prv_operating_mode_set) for [Anonymous Symbol]
    bsp_clocks.o(.text.bsp_prv_prepare_pll) refers to bsp_clocks.o(.bss.ram_noinit) for g_clock_freq
    bsp_clocks.o(.ARM.exidx.text.bsp_prv_prepare_pll) refers to bsp_clocks.o(.text.bsp_prv_prepare_pll) for [Anonymous Symbol]
    bsp_clocks.o(.text.SystemCoreClockUpdate) refers to bsp_clocks.o(.bss.ram_noinit) for g_clock_freq
    bsp_clocks.o(.text.SystemCoreClockUpdate) refers to system.o(.bss.SystemCoreClock) for SystemCoreClock
    bsp_clocks.o(.ARM.exidx.text.SystemCoreClockUpdate) refers to bsp_clocks.o(.text.SystemCoreClockUpdate) for [Anonymous Symbol]
    bsp_clocks.o(.ARM.exidx.text.bsp_prv_clock_dividers_set) refers to bsp_clocks.o(.text.bsp_prv_clock_dividers_set) for [Anonymous Symbol]
    bsp_clocks.o(.text.bsp_prv_clock_set) refers to bsp_clocks.o(.bss.ram_noinit) for g_clock_freq
    bsp_clocks.o(.text.bsp_prv_clock_set) refers to system.o(.bss.SystemCoreClock) for SystemCoreClock
    bsp_clocks.o(.ARM.exidx.text.bsp_prv_clock_set) refers to bsp_clocks.o(.text.bsp_prv_clock_set) for [Anonymous Symbol]
    bsp_clocks.o(.text.bsp_clock_init) refers to bsp_clocks.o(.bss.ram_noinit) for g_clock_freq
    bsp_clocks.o(.text.bsp_clock_init) refers to system.o(.bss.SystemCoreClock) for SystemCoreClock
    bsp_clocks.o(.text.bsp_clock_init) refers to bsp_delay.o(.text.R_BSP_SoftwareDelay) for R_BSP_SoftwareDelay
    bsp_clocks.o(.text.bsp_clock_init) refers to bsp_clocks.o(.text.R_BSP_SubClockStabilizeWaitAfterReset) for R_BSP_SubClockStabilizeWaitAfterReset
[...]
    R_IOPORT_PinCfg                          0x000002c3   Thumb Code   178  r_ioport.o(.text.R_IOPORT_PinCfg)
    R_IOPORT_PinEventInputRead               0x00000375   Thumb Code    40  r_ioport.o(.text.R_IOPORT_PinEventInputRead)
    R_IOPORT_PinEventOutputWrite             0x0000039d   Thumb Code    82  r_ioport.o(.text.R_IOPORT_PinEventOutputWrite)
    R_IOPORT_PinRead                         0x000003ef   Thumb Code    34  r_ioport.o(.text.R_IOPORT_PinRead)
    R_IOPORT_PinWrite                        0x00000411   Thumb Code    40  r_ioport.o(.text.R_IOPORT_PinWrite)
    R_IOPORT_PinsCfg                         0x00000439   Thumb Code    12  r_ioport.o(.text.R_IOPORT_PinsCfg)
    R_IOPORT_PortDirectionSet                0x00000445   Thumb Code    44  r_ioport.o(.text.R_IOPORT_PortDirectionSet)
    R_IOPORT_PortEventInputRead              0x00000471   Thumb Code    24  r_ioport.o(.text.R_IOPORT_PortEventInputRead)
    R_IOPORT_PortEventOutputWrite            0x00000489   Thumb Code    32  r_ioport.o(.text.R_IOPORT_PortEventOutputWrite)
    R_IOPORT_PortRead                        0x000004a9   Thumb Code    22  r_ioport.o(.text.R_IOPORT_PortRead)
    R_IOPORT_PortWrite                       0x000004bf   Thumb Code    32  r_ioport.o(.text.R_IOPORT_PortWrite)
    Reset_Handler                            0x000004e1   Thumb Code    10  startup.o(.text.Reset_Handler)
    SystemCoreClockUpdate                    0x000004eb   Thumb Code    44  bsp_clocks.o(.text.SystemCoreClockUpdate)
    SystemInit                               0x00000519   Thumb Code   162  system.o(.text.SystemInit)
    bsp_clock_init                           0x00000619   Thumb Code   316  bsp_clocks.o(.text.bsp_clock_init)
    bsp_init                                 0x00000755   Thumb Code     2  bsp_common.o(.text.bsp_init_internal)
    bsp_init_internal                        0x00000755   Thumb Code     2  bsp_common.o(.text.bsp_init_internal)
    bsp_irq_cfg                              0x00000759   Thumb Code   106  bsp_irq.o(.text.bsp_irq_cfg)
    bsp_prv_software_delay_loop              0x000007c3   Thumb Code     8  bsp_delay.o(.text.bsp_prv_software_delay_loop)
    hal_entry                                0x000008a5   Thumb Code     4  hal_entry.o(.text.hal_entry)
    main                                     0x000008a9   Thumb Code    10  main.o(.text.main)
    g_bsp_pin_cfg                            0x000009f4   Data          12  pin_data.o(.rodata.g_bsp_pin_cfg)
    g_bsp_pin_cfg_data                       0x00000a00   Data          32  pin_data.o(.rodata.g_bsp_pin_cfg_data)
    g_init_info                              0x00000a20   Data          24  bsp_linker.o(.rodata.g_init_info)
    g_interrupt_event_link_select            0x00000a38   Data           4  bsp_irq.o(.rodata.g_interrupt_event_link_select)
    g_ioport                                 0x00000a3c   Data          12  common_data.o(.rodata.g_ioport)
    g_ioport_on_ioport                       0x00000a48   Data          52  r_ioport.o(.rodata.g_ioport_on_ioport)
    gp_ddsc_DATA_FLASH_END                   0x00000a88   Data           4  bsp_linker.o(.rodata.gp_ddsc_DATA_FLASH_END)
    gp_ddsc_DATA_FLASH_START                 0x00000a8c   Data           4  bsp_linker.o(.rodata.gp_ddsc_DATA_FLASH_START)
    gp_ddsc_FLASH_END                        0x00000a90   Data           4  bsp_linker.o(.rodata.gp_ddsc_FLASH_END)
    gp_ddsc_FLASH_NSC                        0x00000a94   Data           4  bsp_linker.o(.rodata.gp_ddsc_FLASH_NSC)
    gp_ddsc_FLASH_START                      0x00000a98   Data           4  bsp_linker.o(.rodata.gp_ddsc_FLASH_START)
    gp_ddsc_OPTION_SETTING_BANKSEL_END       0x00000a9c   Data           4  bsp_linker.o(.rodata.gp_ddsc_OPTION_SETTING_BANKSEL_END)
    gp_ddsc_OPTION_SETTING_BANKSEL_SEC_END   0x00000aa0   Data           4  bsp_linker.o(.rodata.gp_ddsc_OPTION_SETTING_BANKSEL_SEC_END)
    gp_ddsc_OPTION_SETTING_BANKSEL_SEC_START 0x00000aa4   Data           4  bsp_linker.o(.rodata.gp_ddsc_OPTION_SETTING_BANKSEL_SEC_START)
    gp_ddsc_OPTION_SETTING_BANKSEL_SEL_END   0x00000aa8   Data           4  bsp_linker.o(.rodata.gp_ddsc_OPTION_SETTING_BANKSEL_SEL_END)
    gp_ddsc_OPTION_SETTING_BANKSEL_SEL_START 0x00000aac   Data           4  bsp_linker.o(.rodata.gp_ddsc_OPTION_SETTING_BANKSEL_SEL_START)
    gp_ddsc_OPTION_SETTING_BANKSEL_START     0x00000ab0   Data           4  bsp_linker.o(.rodata.gp_ddsc_OPTION_SETTING_BANKSEL_START)
    gp_ddsc_OPTION_SETTING_BPS_END           0x00000ab4   Data           4  bsp_linker.o(.rodata.gp_ddsc_OPTION_SETTING_BPS_END)
    gp_ddsc_OPTION_SETTING_BPS_SEC_END       0x00000ab8   Data           4  bsp_linker.o(.rodata.gp_ddsc_OPTION_SETTING_BPS_SEC_END)
    gp_ddsc_OPTION_SETTING_BPS_SEC_START     0x00000abc   Data           4  bsp_linker.o(.rodata.gp_ddsc_OPTION_SETTING_BPS_SEC_START)
    gp_ddsc_OPTION_SETTING_BPS_SEL_END       0x00000ac0   Data           4  bsp_linker.o(.rodata.gp_ddsc_OPTION_SETTING_BPS_SEL_END)
    gp_ddsc_OPTION_SETTING_BPS_SEL_START     0x00000ac4   Data           4  bsp_linker.o(.rodata.gp_ddsc_OPTION_SETTING_BPS_SEL_START)
    gp_ddsc_OPTION_SETTING_BPS_START         0x00000ac8   Data           4  bsp_linker.o(.rodata.gp_ddsc_OPTION_SETTING_BPS_START)
    gp_ddsc_OPTION_SETTING_DUALSEL_END       0x00000acc   Data           4  bsp_linker.o(.rodata.gp_ddsc_OPTION_SETTING_DUALSEL_END)
    gp_ddsc_OPTION_SETTING_DUALSEL_START     0x00000ad0   Data           4  bsp_linker.o(.rodata.gp_ddsc_OPTION_SETTING_DUALSEL_START)
    gp_ddsc_OPTION_SETTING_OFS0_END          0x00000ad4   Data           4  bsp_linker.o(.rodata.gp_ddsc_OPTION_SETTING_OFS0_END)
    gp_ddsc_OPTION_SETTING_OFS0_START        0x00000ad8   Data           4  bsp_linker.o(.rodata.gp_ddsc_OPTION_SETTING_OFS0_START)
    gp_ddsc_OPTION_SETTING_OFS1_END          0x00000adc   Data           4  bsp_linker.o(.rodata.gp_ddsc_OPTION_SETTING_OFS1_END)
    gp_ddsc_OPTION_SETTING_OFS1_SEC_END      0x00000ae0   Data           4  bsp_linker.o(.rodata.gp_ddsc_OPTION_SETTING_OFS1_SEC_END)
    gp_ddsc_OPTION_SETTING_OFS1_SEC_START    0x00000ae4   Data           4  bsp_linker.o(.rodata.gp_ddsc_OPTION_SETTING_OFS1_SEC_START)
    gp_ddsc_OPTION_SETTING_OFS1_SEL_END      0x00000ae8   Data           4  bsp_linker.o(.rodata.gp_ddsc_OPTION_SETTING_OFS1_SEL_END)
    gp_ddsc_OPTION_SETTING_OFS1_SEL_START    0x00000aec   Data           4  bsp_linker.o(.rodata.gp_ddsc_OPTION_SETTING_OFS1_SEL_START)
    gp_ddsc_OPTION_SETTING_OFS1_START        0x00000af0   Data           4  bsp_linker.o(.rodata.gp_ddsc_OPTION_SETTING_OFS1_START)
    gp_ddsc_OPTION_SETTING_PBPS_END          0x00000af4   Data           4  bsp_linker.o(.rodata.gp_ddsc_OPTION_SETTING_PBPS_END)
    gp_ddsc_OPTION_SETTING_PBPS_SEC_END      0x00000af8   Data           4  bsp_linker.o(.rodata.gp_ddsc_OPTION_SETTING_PBPS_SEC_END)
    gp_ddsc_OPTION_SETTING_PBPS_SEC_START    0x00000afc   Data           4  bsp_linker.o(.rodata.gp_ddsc_OPTION_SETTING_PBPS_SEC_START)
    gp_ddsc_OPTION_SETTING_PBPS_START        0x00000b00   Data           4  bsp_linker.o(.rodata.gp_ddsc_OPTION_SETTING_PBPS_START)
    gp_ddsc_OSPI0_CS0_END                    0x00000b04   Data           4  bsp_linker.o(.rodata.gp_ddsc_OSPI0_CS0_END)
    gp_ddsc_OSPI0_CS0_START                  0x00000b08   Data           4  bsp_linker.o(.rodata.gp_ddsc_OSPI0_CS0_START)
    gp_ddsc_OSPI0_CS1_END                    0x00000b0c   Data           4  bsp_linker.o(.rodata.gp_ddsc_OSPI0_CS1_END)
    gp_ddsc_OSPI0_CS1_START                  0x00000b10   Data           4  bsp_linker.o(.rodata.gp_ddsc_OSPI0_CS1_START)
    gp_ddsc_QSPI_FLASH_END                   0x00000b14   Data           4  bsp_linker.o(.rodata.gp_ddsc_QSPI_FLASH_END)
    gp_ddsc_QSPI_FLASH_START                 0x00000b18   Data           4  bsp_linker.o(.rodata.gp_ddsc_QSPI_FLASH_START)
    gp_ddsc_RAM_END                          0x00000b1c   Data           4  bsp_linker.o(.rodata.gp_ddsc_RAM_END)
    gp_ddsc_RAM_NSC                          0x00000b20   Data           4  bsp_linker.o(.rodata.gp_ddsc_RAM_NSC)
    gp_ddsc_RAM_START                        0x00000b24   Data           4  bsp_linker.o(.rodata.gp_ddsc_RAM_START)
    Image$$__ddsc_FLASH_END$$Base            0x00000c00   Number         0  anon$$obj.o ABSOLUTE
    Image$$__ddsc_FLASH_NSC$$Base            0x00000c00   Number         0  anon$$obj.o ABSOLUTE
    Image$$__ddsc_OPTION_SETTING_OFS0_START$$Base 0x0100a100   Number         0  anon$$obj.o ABSOLUTE
    Image$$__ddsc_OPTION_SETTING_OFS0_END$$Base 0x0100a104   Number         0  anon$$obj.o ABSOLUTE
    Image$$__ddsc_OPTION_SETTING_DUALSEL_END$$Base 0x0100a110   Number         0  anon$$obj.o ABSOLUTE
    Image$$__ddsc_OPTION_SETTING_DUALSEL_START$$Base 0x0100a110   Number         0  anon$$obj.o ABSOLUTE
    Image$$__ddsc_OPTION_SETTING_OFS1_END$$Base 0x0100a180   Number         0  anon$$obj.o ABSOLUTE
    Image$$__ddsc_OPTION_SETTING_OFS1_START$$Base 0x0100a180   Number         0  anon$$obj.o ABSOLUTE
    Image$$__ddsc_OPTION_SETTING_BANKSEL_END$$Base 0x0100a190   Number         0  anon$$obj.o ABSOLUTE
    Image$$__ddsc_OPTION_SETTING_BANKSEL_START$$Base 0x0100a190   Number         0  anon$$obj.o ABSOLUTE
    Image$$__ddsc_OPTION_SETTING_BPS_END$$Base 0x0100a1c0   Number         0  anon$$obj.o ABSOLUTE
    Image$$__ddsc_OPTION_SETTING_BPS_START$$Base 0x0100a1c0   Number         0  anon$$obj.o ABSOLUTE
    Image$$__ddsc_OPTION_SETTING_PBPS_END$$Base 0x0100a1e0   Number         0  anon$$obj.o ABSOLUTE
    Image$$__ddsc_OPTION_SETTING_PBPS_START$$Base 0x0100a1e0   Number         0  anon$$obj.o ABSOLUTE
    Image$$__ddsc_OPTION_SETTING_OFS1_SEC_START$$Base 0x0100a200   Number         0  anon$$obj.o ABSOLUTE
    Image$$__ddsc_OPTION_SETTING_OFS1_SEC_END$$Base 0x0100a204   Number         0  anon$$obj.o ABSOLUTE
    Image$$__ddsc_OPTION_SETTING_BANKSEL_SEC_END$$Base 0x0100a210   Number         0  anon$$obj.o ABSOLUTE
    Image$$__ddsc_OPTION_SETTING_BANKSEL_SEC_START$$Base 0x0100a210   Number         0  anon$$obj.o ABSOLUTE
    Image$$__ddsc_OPTION_SETTING_BPS_SEC_END$$Base 0x0100a240   Number         0  anon$$obj.o ABSOLUTE
    Image$$__ddsc_OPTION_SETTING_BPS_SEC_START$$Base 0x0100a240   Number         0  anon$$obj.o ABSOLUTE
    Image$$__ddsc_OPTION_SETTING_PBPS_SEC_END$$Base 0x0100a260   Number         0  anon$$obj.o ABSOLUTE
    Image$$__ddsc_OPTION_SETTING_PBPS_SEC_START$$Base 0x0100a260   Number         0  anon$$obj.o ABSOLUTE
    Image$$__ddsc_OPTION_SETTING_OFS1_SEL_START$$Base 0x0100a280   Number         0  anon$$obj.o ABSOLUTE
    Image$$__ddsc_OPTION_SETTING_OFS1_SEL_END$$Base 0x0100a284   Number         0  anon$$obj.o ABSOLUTE
    Image$$__ddsc_OPTION_SETTING_BANKSEL_SEL_END$$Base 0x0100a290   Number         0  anon$$obj.o ABSOLUTE
    Image$$__ddsc_OPTION_SETTING_BANKSEL_SEL_START$$Base 0x0100a290   Number         0  anon$$obj.o ABSOLUTE
    Image$$__ddsc_OPTION_SETTING_BPS_SEL_END$$Base 0x0100a2c0   Number         0  anon$$obj.o ABSOLUTE
    Image$$__ddsc_OPTION_SETTING_BPS_SEL_START$$Base 0x0100a2c0   Number         0  anon$$obj.o ABSOLUTE
    Image$$__ddsc_DATA_FLASH_END$$Base       0x08000000   Number         0  anon$$obj.o ABSOLUTE
    Image$$__ddsc_DATA_FLASH_START$$Base     0x08000000   Number         0  anon$$obj.o ABSOLUTE
    Load$$__ospi0_cs0_from_data_flash$$Base  0x08000000   Number         0  anon$$obj.o ABSOLUTE
    Load$$__ram_from_data_flash$$Base        0x08000000   Number         0  anon$$obj.o ABSOLUTE
    Image$$__ddsc_RAM_START$$Base            0x20000000   Number         0  anon$$obj.o ABSOLUTE
    Image$$__ram_from_data_flash$$Base       0x20000000   Number         0  anon$$obj.o ABSOLUTE
    Image$$__ram_from_data_flash$$Limit      0x20000000   Number         0  anon$$obj.o ABSOLUTE
    Image$$__ram_from_flash$$Base            0x20000000   Number         0  anon$$obj.o ABSOLUTE
    Image$$__ram_from_flash$$Limit           0x20000000   Number         0  anon$$obj.o ABSOLUTE
    Image$$__ram_from_ospi0_cs1$$Base        0x20000000   Number         0  anon$$obj.o ABSOLUTE
    Image$$__ram_from_ospi0_cs1$$Limit       0x20000000   Number         0  anon$$obj.o ABSOLUTE
    Image$$__ram_from_qspi_flash$$Base       0x20000000   Number         0  anon$$obj.o ABSOLUTE
    Image$$__ram_from_qspi_flash$$Limit      0x20000000   Number         0  anon$$obj.o ABSOLUTE
    Image$$__ram_noinit_nocache$$ZI$$Base    0x20000000   Number         0  anon$$obj.o ABSOLUTE
    Image$$__ram_zero_nocache$$ZI$$Base      0x20000000   Number         0  anon$$obj.o ABSOLUTE
    Image$$__ram_zero_nocache_pad$$ZI$$Limit 0x20000000   Number         0  anon$$obj.o ABSOLUTE
    g_heap                                   0x20000000   Data           0  startup.o(.bss.g_heap)
    g_main_stack                             0x20000000   Data        1024  startup.o(.bss.g_main_stack)
    Image$$__ram_zero$$ZI$$Base              0x2000041c   Number         0  anon$$obj.o ABSOLUTE
    SystemCoreClock                          0x2000041c   Data           4  system.o(.bss.SystemCoreClock)
    g_bsp_group_irq_sources                  0x20000420   Data          64  bsp_group_irq.o(.bss.g_bsp_group_irq_sources)
    g_ioport_ctrl                            0x20000460   Data           8  common_data.o(.bss.g_ioport_ctrl)
    g_protect_counters                       0x20000468   Data          10  bsp_register_protection.o(.bss.g_protect_counters)
    g_protect_pfswe_counter                  0x20000474   Data           4  bsp_io.o(.bss.g_protect_pfswe_counter)
    Image$$__ram_zero$$ZI$$Limit             0x20000478   Number         0  anon$$obj.o ABSOLUTE
    Image$$__ddsc_RAM_END$$Base              0x20000800   Number         0  anon$$obj.o ABSOLUTE
    Image$$__ddsc_RAM_NSC$$Base              0x20000800   Number         0  anon$$obj.o ABSOLUTE
    Image$$__ddsc_QSPI_FLASH_END$$Base       0x60000000   Number         0  anon$$obj.o ABSOLUTE
    Image$$__ddsc_QSPI_FLASH_START$$Base     0x60000000   Number         0  anon$$obj.o ABSOLUTE
    Load$$__ospi0_cs0_from_qspi_flash$$Base  0x60000000   Number         0  anon$$obj.o ABSOLUTE
    Load$$__ram_from_qspi_flash$$Base        0x60000000   Number         0  anon$$obj.o ABSOLUTE
    Image$$__ddsc_OSPI0_CS0_END$$Base        0x68000000   Number         0  anon$$obj.o ABSOLUTE
    Image$$__ddsc_OSPI0_CS0_START$$Base      0x68000000   Number         0  anon$$obj.o ABSOLUTE
    Image$$__ospi0_cs0_from_data_flash$$Base 0x68000000   Number         0  anon$$obj.o ABSOLUTE
    Image$$__ospi0_cs0_from_data_flash$$Limit 0x68000000   Number         0  anon$$obj.o ABSOLUTE
    Image$$__ospi0_cs0_from_flash$$Base      0x68000000   Number         0  anon$$obj.o ABSOLUTE
    Image$$__ospi0_cs0_from_flash$$Limit     0x68000000   Number         0  anon$$obj.o ABSOLUTE
    Image$$__ospi0_cs0_from_ospi0_cs1$$Base  0x68000000   Number         0  anon$$obj.o ABSOLUTE
    Image$$__ospi0_cs0_from_ospi0_cs1$$Limit 0x68000000   Number         0  anon$$obj.o ABSOLUTE
    Image$$__ospi0_cs0_from_qspi_flash$$Base 0x68000000   Number         0  anon$$obj.o ABSOLUTE
    Image$$__ospi0_cs0_from_qspi_flash$$Limit 0x68000000   Number         0  anon$$obj.o ABSOLUTE
    Image$$__ospi0_cs0_noinit_nocache$$ZI$$Base 0x68000000   Number         0  anon$$obj.o ABSOLUTE
    Image$$__ospi0_cs0_zero$$ZI$$Base        0x68000000   Number         0  anon$$obj.o ABSOLUTE
    Image$$__ospi0_cs0_zero$$ZI$$Limit       0x68000000   Number         0  anon$$obj.o ABSOLUTE
    Image$$__ospi0_cs0_zero_nocache$$ZI$$Base 0x68000000   Number         0  anon$$obj.o ABSOLUTE
    Image$$__ospi0_cs0_zero_nocache_pad$$ZI$$Limit 0x68000000   Number         0  anon$$obj.o ABSOLUTE
    Image$$__ddsc_OSPI0_CS1_END$$Base        0x70000000   Number         0  anon$$obj.o ABSOLUTE
    Image$$__ddsc_OSPI0_CS1_START$$Base      0x70000000   Number         0  anon$$obj.o ABSOLUTE
    Load$$__ospi0_cs0_from_ospi0_cs1$$Base   0x70000000   Number         0  anon$$obj.o ABSOLUTE
    Load$$__ram_from_ospi0_cs1$$Base         0x70000000   Number         0  anon$$obj.o ABSOLUTE



==============================================================================

Memory Map of the image

  Image Entry point : 0x000004e1

  Load Region LOAD_REGION_QSPI_FLASH (Base: 0x60000000, Size: 0x00000000, Max: 0x04000000, ABSOLUTE)

    Execution Region __RAM_start (Exec base: 0x20000000, Load base: 0x60000000, Size: 0x00000000, Max: 0x00000000, ABSOLUTE)

    Exec Addr    Load Addr    Size         Type   Attr      Idx    E Section Name        Object

    0x20000000        -       0x00000000   Zero   RW            8    __RAM_start.bss     anon$$obj.o


    Execution Region __ddsc_RAM_START (Exec base: 0x20000000, Load base: 0x60000000, Size: 0x00000000, Max: 0x00000000, ABSOLUTE)

    Exec Addr    Load Addr    Size         Type   Attr      Idx    E Section Name        Object

    0x20000000        -       0x00000000   Zero   RW            9    __ddsc_RAM_START.bss  anon$$obj.o


    Execution Region .ram.startof (Exec base: 0x20000000, Load base: 0x60000000, Size: 0x00000000, Max: 0x00000000, ABSOLUTE)

    Exec Addr    Load Addr    Size         Type   Attr      Idx    E Section Name        Object

    0x20000000        -       0x00000000   Zero   RW           10    .ram.startof.bss    anon$$obj.o


    Execution Region __ram_dtc_vector (Exec base: 0x20000000, Load base: 0x60000000, Size: 0x00000000, Max: 0xffffffff, ABSOLUTE, UNINIT)

    **** No section assigned to this execution region ****


    Execution Region __ram_from_qspi_flash (Exec base: 0x20000000, Load base: 0x60000000, Size: 0x00000000, Max: 0xffffffff, ABSOLUTE)

    **** No section assigned to this execution region ****


    Execution Region __QSPI_FLASH_start (Exec base: 0x60000000, Load base: 0x60000000, Size: 0x00000000, Max: 0x00000000, ABSOLUTE)

    Exec Addr    Load Addr    Size         Type   Attr      Idx    E Section Name        Object

    0x60000000        -       0x00000000   Zero   RW            1    __QSPI_FLASH_start.bss  anon$$obj.o


    Execution Region __QSPI_FLASH_init (Exec base: 0x60000000, Load base: 0x60000000, Size: 0x00000000, Max: 0x00000000, ABSOLUTE)

    Exec Addr    Load Addr    Size         Type   Attr      Idx    E Section Name        Object

    0x60000000        -       0x00000000   Zero   RW            2    __QSPI_FLASH_init.bss  anon$$obj.o


    Execution Region __ddsc_QSPI_FLASH_START (Exec base: 0x60000000, Load base: 0x60000000, Size: 0x00000000, Max: 0x00000000, ABSOLUTE)

    Exec Addr    Load Addr    Size         Type   Attr      Idx    E Section Name        Object

    0x60000000        -       0x00000000   Zero   RW            3    __ddsc_QSPI_FLASH_START.bss  anon$$obj.o


    Execution Region .qspi_flash.startof (Exec base: 0x60000000, Load base: 0x60000000, Size: 0x00000000, Max: 0x00000000, ABSOLUTE)

    Exec Addr    Load Addr    Size         Type   Attr      Idx    E Section Name        Object

    0x60000000        -       0x00000000   Zero   RW            4    .qspi_flash.startof.bss  anon$$obj.o


    Execution Region __OSPI0_CS0_start (Exec base: 0x68000000, Load base: 0x60000000, Size: 0x00000000, Max: 0x00000000, ABSOLUTE)

    Exec Addr    Load Addr    Size         Type   Attr      Idx    E Section Name        Object

    0x68000000        -       0x00000000   Zero   RW            5    __OSPI0_CS0_start.bss  anon$$obj.o


    Execution Region __ddsc_OSPI0_CS0_START (Exec base: 0x68000000, Load base: 0x60000000, Size: 0x00000000, Max: 0x00000000, ABSOLUTE)

    Exec Addr    Load Addr    Size         Type   Attr      Idx    E Section Name        Object

    0x68000000        -       0x00000000   Zero   RW            6    __ddsc_OSPI0_CS0_START.bss  anon$$obj.o


    Execution Region .ospi0_cs0.startof (Exec base: 0x68000000, Load base: 0x60000000, Size: 0x00000000, Max: 0x00000000, ABSOLUTE)

    Exec Addr    Load Addr    Size         Type   Attr      Idx    E Section Name        Object

    0x68000000        -       0x00000000   Zero   RW            7    .ospi0_cs0.startof.bss  anon$$obj.o


    Execution Region __ospi0_cs0_from_qspi_flash (Exec base: 0x68000000, Load base: 0x60000000, Size: 0x00000000, Max: 0xffffffff, ABSOLUTE)

    **** No section assigned to this execution region ****



  Load Region LOAD_REGION_QSPI_FLASH_JUMP (Base: 0x60000000, Size: 0x00000000, Max: 0xffffffff, ABSOLUTE)

    Execution Region __qspi_flash_readonly (Exec base: 0x60000000, Load base: 0x60000000, Size: 0x00000000, Max: 0xffffffff, ABSOLUTE, FIXED)

    **** No section assigned to this execution region ****


    Execution Region __qspi_flash_noinit (Exec base: 0x60000000, Load base: 0x60000000, Size: 0x00000000, Max: 0xffffffff, ABSOLUTE, UNINIT, FIXED)

    **** No section assigned to this execution region ****


    Execution Region __ddsc_QSPI_FLASH_END (Exec base: 0x60000000, Load base: 0x60000000, Size: 0x00000000, Max: 0x00000000, ABSOLUTE)

    Exec Addr    Load Addr    Size         Type   Attr      Idx    E Section Name        Object

    0x60000000        -       0x00000000   Zero   RW           11    __ddsc_QSPI_FLASH_END.bss  anon$$obj.o


    Execution Region .qspi_flash.endof (Exec base: 0x60000000, Load base: 0x60000000, Size: 0x00000000, Max: 0x00000000, ABSOLUTE)

    Exec Addr    Load Addr    Size         Type   Attr      Idx    E Section Name        Object

    0x60000000        -       0x00000000   Zero   RW           12    .qspi_flash.endof.bss  anon$$obj.o


    Execution Region __QSPI_FLASH_end (Exec base: 0x60000000, Load base: 0x60000000, Size: 0x00000000, Max: 0x00000000, ABSOLUTE)

    Exec Addr    Load Addr    Size         Type   Attr      Idx    E Section Name        Object

    0x60000000        -       0x00000000   Zero   RW           13    __QSPI_FLASH_end.bss  anon$$obj.o



  Load Region LOAD_REGION_OSPI0_CS1 (Base: 0x70000000, Size: 0x00000000, Max: 0x10000000, ABSOLUTE)

    Execution Region __ram_from_qspi_flash_jump (Exec base: 0x20000000, Load base: 0x70000000, Size: 0x00000000, Max: 0x00000000, ABSOLUTE)

    Exec Addr    Load Addr    Size         Type   Attr      Idx    E Section Name        Object

    0x20000000        -       0x00000000   Zero   RW           19    __ram_from_qspi_flash_jump.bss  anon$$obj.o


    Execution Region __ram_from_ospi0_cs1 (Exec base: 0x20000000, Load base: 0x70000000, Size: 0x00000000, Max: 0xffffffff, ABSOLUTE)

    **** No section assigned to this execution region ****


    Execution Region __ospi0_cs0_from_qspi_flash_jump (Exec base: 0x68000000, Load base: 0x70000000, Size: 0x00000000, Max: 0x00000000, ABSOLUTE)

    Exec Addr    Load Addr    Size         Type   Attr      Idx    E Section Name        Object

    0x68000000        -       0x00000000   Zero   RW           18    __ospi0_cs0_from_qspi_flash_jump.bss  anon$$obj.o


    Execution Region __ospi0_cs0_from_ospi0_cs1 (Exec base: 0x68000000, Load base: 0x70000000, Size: 0x00000000, Max: 0xffffffff, ABSOLUTE)

    **** No section assigned to this execution region ****


    Execution Region __OSPI0_CS1_start (Exec base: 0x70000000, Load base: 0x70000000, Size: 0x00000000, Max: 0x00000000, ABSOLUTE)

    Exec Addr    Load Addr    Size         Type   Attr      Idx    E Section Name        Object

    0x70000000        -       0x00000000   Zero   RW           14    __OSPI0_CS1_start.bss  anon$$obj.o


    Execution Region __OSPI0_CS1_init (Exec base: 0x70000000, Load base: 0x70000000, Size: 0x00000000, Max: 0x00000000, ABSOLUTE)

    Exec Addr    Load Addr    Size         Type   Attr      Idx    E Section Name        Object

    0x70000000        -       0x00000000   Zero   RW           15    __OSPI0_CS1_init.bss  anon$$obj.o


    Execution Region __ddsc_OSPI0_CS1_START (Exec base: 0x70000000, Load base: 0x70000000, Size: 0x00000000, Max: 0x00000000, ABSOLUTE)

    Exec Addr    Load Addr    Size         Type   Attr      Idx    E Section Name        Object

    0x70000000        -       0x00000000   Zero   RW           16    __ddsc_OSPI0_CS1_START.bss  anon$$obj.o


    Execution Region .ospi0_cs1.startof (Exec base: 0x70000000, Load base: 0x70000000, Size: 0x00000000, Max: 0x00000000, ABSOLUTE)

    Exec Addr    Load Addr    Size         Type   Attr      Idx    E Section Name        Object

    0x70000000        -       0x00000000   Zero   RW           17    .ospi0_cs1.startof.bss  anon$$obj.o



  Load Region LOAD_REGION_OSPI0_CS1_JUMP (Base: 0x70000000, Size: 0x00000000, Max: 0xffffffff, ABSOLUTE)

    Execution Region __ospi0_cs1_readonly (Exec base: 0x70000000, Load base: 0x70000000, Size: 0x00000000, Max: 0xffffffff, ABSOLUTE, FIXED)

    **** No section assigned to this execution region ****


    Execution Region __ospi0_cs1_noinit (Exec base: 0x70000000, Load base: 0x70000000, Size: 0x00000000, Max: 0xffffffff, ABSOLUTE, UNINIT, FIXED)

    **** No section assigned to this execution region ****


    Execution Region __ddsc_OSPI0_CS1_END (Exec base: 0x70000000, Load base: 0x70000000, Size: 0x00000000, Max: 0x00000000, ABSOLUTE)

    Exec Addr    Load Addr    Size         Type   Attr      Idx    E Section Name        Object

    0x70000000        -       0x00000000   Zero   RW           20    __ddsc_OSPI0_CS1_END.bss  anon$$obj.o


    Execution Region .ospi0_cs1.endof (Exec base: 0x70000000, Load base: 0x70000000, Size: 0x00000000, Max: 0x00000000, ABSOLUTE)

    Exec Addr    Load Addr    Size         Type   Attr      Idx    E Section Name        Object

    0x70000000        -       0x00000000   Zero   RW           21    .ospi0_cs1.endof.bss  anon$$obj.o


    Execution Region __OSPI0_CS1_end (Exec base: 0x70000000, Load base: 0x70000000, Size: 0x00000000, Max: 0x00000000, ABSOLUTE)

    Exec Addr    Load Addr    Size         Type   Attr      Idx    E Section Name        Object

    0x70000000        -       0x00000000   Zero   RW           22    __OSPI0_CS1_end.bss  anon$$obj.o



  Load Region LOAD_REGION_DATA_FLASH (Base: 0x08000000, Size: 0x00000000, Max: 0x00002000, ABSOLUTE)

    Execution Region __DATA_FLASH_start (Exec base: 0x08000000, Load base: 0x08000000, Size: 0x00000000, Max: 0x00000000, ABSOLUTE)

    Exec Addr    Load Addr    Size         Type   Attr      Idx    E Section Name        Object

    0x08000000        -       0x00000000   Zero   RW           23    __DATA_FLASH_start.bss  anon$$obj.o


    Execution Region __DATA_FLASH_init (Exec base: 0x08000000, Load base: 0x08000000, Size: 0x00000000, Max: 0x00000000, ABSOLUTE)

    Exec Addr    Load Addr    Size         Type   Attr      Idx    E Section Name        Object

    0x08000000        -       0x00000000   Zero   RW           24    __DATA_FLASH_init.bss  anon$$obj.o


    Execution Region __ddsc_DATA_FLASH_START (Exec base: 0x08000000, Load base: 0x08000000, Size: 0x00000000, Max: 0x00000000, ABSOLUTE)

    Exec Addr    Load Addr    Size         Type   Attr      Idx    E Section Name        Object

    0x08000000        -       0x00000000   Zero   RW           25    __ddsc_DATA_FLASH_START.bss  anon$$obj.o


    Execution Region .data_flash.startof (Exec base: 0x08000000, Load base: 0x08000000, Size: 0x00000000, Max: 0x00000000, ABSOLUTE)

    Exec Addr    Load Addr    Size         Type   Attr      Idx    E Section Name        Object

    0x08000000        -       0x00000000   Zero   RW           26    .data_flash.startof.bss  anon$$obj.o


    Execution Region __ram_from_ospi0_cs1_jump (Exec base: 0x20000000, Load base: 0x08000000, Size: 0x00000000, Max: 0x00000000, ABSOLUTE)

    Exec Addr    Load Addr    Size         Type   Attr      Idx    E Section Name        Object

    0x20000000        -       0x00000000   Zero   RW           28    __ram_from_ospi0_cs1_jump.bss  anon$$obj.o


    Execution Region __ram_from_data_flash (Exec base: 0x20000000, Load base: 0x08000000, Size: 0x00000000, Max: 0xffffffff, ABSOLUTE)

    **** No section assigned to this execution region ****


    Execution Region __ospi0_cs0_from_ospi0_cs1_jump (Exec base: 0x68000000, Load base: 0x08000000, Size: 0x00000000, Max: 0x00000000, ABSOLUTE)

    Exec Addr    Load Addr    Size         Type   Attr      Idx    E Section Name        Object

    0x68000000        -       0x00000000   Zero   RW           27    __ospi0_cs0_from_ospi0_cs1_jump.bss  anon$$obj.o


    Execution Region __ospi0_cs0_from_data_flash (Exec base: 0x68000000, Load base: 0x08000000, Size: 0x00000000, Max: 0xffffffff, ABSOLUTE)

    **** No section assigned to this execution region ****



  Load Region LOAD_REGION_DATA_FLASH_JUMP (Base: 0x08000000, Size: 0x00000000, Max: 0xffffffff, ABSOLUTE)

    Execution Region __data_flash_readonly (Exec base: 0x08000000, Load base: 0x08000000, Size: 0x00000000, Max: 0xffffffff, ABSOLUTE, FIXED)

    **** No section assigned to this execution region ****


    Execution Region __data_flash_noinit (Exec base: 0x08000000, Load base: 0x08000000, Size: 0x00000000, Max: 0xffffffff, ABSOLUTE, UNINIT, FIXED)

    **** No section assigned to this execution region ****


    Execution Region __ddsc_DATA_FLASH_END (Exec base: 0x08000000, Load base: 0x08000000, Size: 0x00000000, Max: 0x00000000, ABSOLUTE)

    Exec Addr    Load Addr    Size         Type   Attr      Idx    E Section Name        Object

    0x08000000        -       0x00000000   Zero   RW           29    __ddsc_DATA_FLASH_END.bss  anon$$obj.o


    Execution Region .data_flash.endof (Exec base: 0x08000000, Load base: 0x08000000, Size: 0x00000000, Max: 0x00000000, ABSOLUTE)

    Exec Addr    Load Addr    Size         Type   Attr      Idx    E Section Name        Object

    0x08000000        -       0x00000000   Zero   RW           30    .data_flash.endof.bss  anon$$obj.o


    Execution Region __DATA_FLASH_end (Exec base: 0x08000000, Load base: 0x08000000, Size: 0x00000000, Max: 0x00000000, ABSOLUTE)

    Exec Addr    Load Addr    Size         Type   Attr      Idx    E Section Name        Object

    0x08000000        -       0x00000000   Zero   RW           31    __DATA_FLASH_end.bss  anon$$obj.o



  Load Region LOAD_REGION_FLASH (Base: 0x00000000, Size: 0x00000040, Max: 0x00100000, ABSOLUTE)

    Execution Region __FLASH_start (Exec base: 0x00000000, Load base: 0x00000000, Size: 0x00000000, Max: 0x00000000, ABSOLUTE)

    Exec Addr    Load Addr    Size         Type   Attr      Idx    E Section Name        Object

    0x00000000        -       0x00000000   Zero   RW           32    __FLASH_start.bss   anon$$obj.o


    Execution Region __FLASH_init (Exec base: 0x00000000, Load base: 0x00000000, Size: 0x00000000, Max: 0x00000000, ABSOLUTE)

    Exec Addr    Load Addr    Size         Type   Attr      Idx    E Section Name        Object

    0x00000000        -       0x00000000   Zero   RW           33    __FLASH_init.bss    anon$$obj.o


    Execution Region __ddsc_FLASH_START (Exec base: 0x00000000, Load base: 0x00000000, Size: 0x00000000, Max: 0x00000000, ABSOLUTE)

    Exec Addr    Load Addr    Size         Type   Attr      Idx    E Section Name        Object

    0x00000000        -       0x00000000   Zero   RW           34    __ddsc_FLASH_START.bss  anon$$obj.o


    Execution Region .flash.startof (Exec base: 0x00000000, Load base: 0x00000000, Size: 0x00000000, Max: 0x00000000, ABSOLUTE)

    Exec Addr    Load Addr    Size         Type   Attr      Idx    E Section Name        Object

    0x00000000        -       0x00000000   Zero   RW           35    .flash.startof.bss  anon$$obj.o


    Execution Region _VECTORS (Exec base: 0x00000000, Load base: 0x00000000, Size: 0x00000000, Max: 0x00000000, ABSOLUTE)

    Exec Addr    Load Addr    Size         Type   Attr      Idx    E Section Name        Object

    0x00000000        -       0x00000000   Zero   RW           36    _VECTORS.bss        anon$$obj.o


    Execution Region __flash_vectors (Exec base: 0x00000000, Load base: 0x00000000, Size: 0x00000040, Max: 0xffffffff, ABSOLUTE, FIXED)

    Exec Addr    Load Addr    Size         Type   Attr      Idx    E Section Name        Object

    0x00000000   0x00000000   0x00000040   Data   RO          174    .fixed_vectors      startup.o


    Execution Region __flash_noinit (Exec base: 0x00000040, Load base: 0x00000040, Size: 0x00000000, Max: 0xffffffff, ABSOLUTE, UNINIT, FIXED)

    **** No section assigned to this execution region ****


    Execution Region __ram_from_data_flash_jump (Exec base: 0x20000000, Load base: 0x00000040, Size: 0x00000000, Max: 0x00000000, ABSOLUTE)

    Exec Addr    Load Addr    Size         Type   Attr      Idx    E Section Name        Object

    0x20000000        -       0x00000000   Zero   RW           42    __ram_from_data_flash_jump.bss  anon$$obj.o


    Execution Region __ram_from_flash (Exec base: 0x20000000, Load base: 0x00000040, Size: 0x00000000, Max: 0xffffffff, ABSOLUTE)

    **** No section assigned to this execution region ****


    Execution Region __ram_noinit_nocache (Exec base: 0x20000000, Load base: 0x00000040, Size: 0x00000000, Max: 0xffffffff, ABSOLUTE, UNINIT)

    **** No section assigned to this execution region ****


    Execution Region __ram_zero_nocache (Exec base: 0x20000000, Load base: 0x00000040, Size: 0x00000000, Max: 0xffffffff, ABSOLUTE)

    **** No section assigned to this execution region ****


    Execution Region __ram_zero_nocache_pad (Exec base: 0x20000000, Load base: 0x00000040, Size: 0x00000000, Max: 0x00000000, ABSOLUTE)

    Exec Addr    Load Addr    Size         Type   Attr      Idx    E Section Name        Object

    0x20000000        -       0x00000000   Zero   RW           43    __ram_zero_nocache_pad.bss  anon$$obj.o


    Execution Region __ram_noinit (Exec base: 0x20000000, Load base: 0x00000040, Size: 0x00000000, Max: 0xffffffff, ABSOLUTE, UNINIT)

    **** No section assigned to this execution region ****


    Execution Region ARM_LIB_STACK (Exec base: 0x20000000, Load base: 0x00000040, Size: 0x00000000, Max: 0x00000000, ABSOLUTE, UNINIT)

    Exec Addr    Load Addr    Size         Type   Attr      Idx    E Section Name        Object

    0x20000000        -       0x00000000   Zero   RW           44    ARM_LIB_STACK.bss   anon$$obj.o


    Execution Region ARM_LIB_HEAP (Exec base: 0x20000000, Load base: 0x00000040, Size: 0x00000000, Max: 0xffffffff, ABSOLUTE, UNINIT)

    Exec Addr    Load Addr    Size         Type   Attr      Idx    E Section Name        Object

    0x20000000        -       0x00000000   Zero   RW          175    .bss.g_heap         startup.o


    Execution Region __post_heap (Exec base: 0x20000000, Load base: 0x00000040, Size: 0x0000041c, Max: 0xffffffff, ABSOLUTE, UNINIT)

    Exec Addr    Load Addr    Size         Type   Attr      Idx    E Section Name        Object

    0x20000000        -       0x00000400   Zero   RW          173    .bss.g_main_stack   startup.o
    0x20000400        -       0x0000001c   Zero   RW          220    .bss.ram_noinit     bsp_clocks.o


    Execution Region __ram_zero (Exec base: 0x2000041c, Load base: 0x00000040, Size: 0x0000005c, Max: 0xffffffff, ABSOLUTE)

    Exec Addr    Load Addr    Size         Type   Attr      Idx    E Section Name        Object

    0x2000041c        -       0x00000004   Zero   RW          189    .bss.SystemCoreClock  system.o
    0x20000420        -       0x00000040   Zero   RW          262    .bss.g_bsp_group_irq_sources  bsp_group_irq.o
    0x20000460        -       0x00000008   Zero   RW          416    .bss.g_ioport_ctrl  common_data.o
    0x20000468        -       0x0000000a   Zero   RW          297    .bss.g_protect_counters  bsp_register_protection.o
    0x20000472   0x00000040   0x00000002   PAD
    0x20000474        -       0x00000004   Zero   RW          272    .bss.g_protect_pfswe_counter  bsp_io.o


    Execution Region __ram_thread_stack (Exec base: 0x20000478, Load base: 0x00000040, Size: 0x00000000, Max: 0xffffffff, ABSOLUTE, UNINIT)

    **** No section assigned to this execution region ****


    Execution Region __ddsc_RAM_END (Exec base: 0x20000800, Load base: 0x00000040, Size: 0x00000000, Max: 0x00000000, ABSOLUTE)

    Exec Addr    Load Addr    Size         Type   Attr      Idx    E Section Name        Object

    0x20000800        -       0x00000000   Zero   RW           45    __ddsc_RAM_END.bss  anon$$obj.o


    Execution Region .ram.endof (Exec base: 0x20000800, Load base: 0x00000040, Size: 0x00000000, Max: 0x00000000, ABSOLUTE)

    Exec Addr    Load Addr    Size         Type   Attr      Idx    E Section Name        Object

    0x20000800        -       0x00000000   Zero   RW           46    .ram.endof.bss      anon$$obj.o


    Execution Region __ddsc_RAM_NSC (Exec base: 0x20000800, Load base: 0x00000040, Size: 0x00000000, Max: 0x00000000, ABSOLUTE)

    Exec Addr    Load Addr    Size         Type   Attr      Idx    E Section Name        Object

    0x20000800        -       0x00000000   Zero   RW           47    __ddsc_RAM_NSC.bss  anon$$obj.o


    Execution Region .ram.flat_nsc (Exec base: 0x20000800, Load base: 0x00000040, Size: 0x00000000, Max: 0x00000000, ABSOLUTE)

    Exec Addr    Load Addr    Size         Type   Attr      Idx    E Section Name        Object

    0x20000800        -       0x00000000   Zero   RW           48    .ram.flat_nsc.bss   anon$$obj.o


    Execution Region __RAM_end (Exec base: 0x20000800, Load base: 0x00000040, Size: 0x00000000, Max: 0x00000000, ABSOLUTE)

    Exec Addr    Load Addr    Size         Type   Attr      Idx    E Section Name        Object

    0x20000800        -       0x00000000   Zero   RW           49    __RAM_end.bss       anon$$obj.o


    Execution Region __ospi0_cs0_from_data_flash_jump (Exec base: 0x68000000, Load base: 0x00000040, Size: 0x00000000, Max: 0x00000000, ABSOLUTE)

    Exec Addr    Load Addr    Size         Type   Attr      Idx    E Section Name        Object

    0x68000000        -       0x00000000   Zero   RW           37    __ospi0_cs0_from_data_flash_jump.bss  anon$$obj.o


    Execution Region __ospi0_cs0_from_flash (Exec base: 0x68000000, Load base: 0x00000040, Size: 0x00000000, Max: 0xffffffff, ABSOLUTE)

    **** No section assigned to this execution region ****


    Execution Region __ospi0_cs0_noinit_nocache (Exec base: 0x68000000, Load base: 0x00000040, Size: 0x00000000, Max: 0xffffffff, ABSOLUTE, UNINIT)

    **** No section assigned to this execution region ****


    Execution Region __ospi0_cs0_zero_nocache (Exec base: 0x68000000, Load base: 0x00000040, Size: 0x00000000, Max: 0xffffffff, ABSOLUTE)

    **** No section assigned to this execution region ****


    Execution Region __ospi0_cs0_zero_nocache_pad (Exec base: 0x68000000, Load base: 0x00000040, Size: 0x00000000, Max: 0x00000000, ABSOLUTE)

    Exec Addr    Load Addr    Size         Type   Attr      Idx    E Section Name        Object

    0x68000000        -       0x00000000   Zero   RW           38    __ospi0_cs0_zero_nocache_pad.bss  anon$$obj.o


    Execution Region __ospi0_cs0_noinit (Exec base: 0x68000000, Load base: 0x00000040, Size: 0x00000000, Max: 0xffffffff, ABSOLUTE, UNINIT)

    **** No section assigned to this execution region ****


    Execution Region __ospi0_cs0_zero (Exec base: 0x68000000, Load base: 0x00000040, Size: 0x00000000, Max: 0xffffffff, ABSOLUTE)

    **** No section assigned to this execution region ****


    Execution Region __ddsc_OSPI0_CS0_END (Exec base: 0x68000000, Load base: 0x00000040, Size: 0x00000000, Max: 0x00000000, ABSOLUTE)

    Exec Addr    Load Addr    Size         Type   Attr      Idx    E Section Name        Object

    0x68000000        -       0x00000000   Zero   RW           39    __ddsc_OSPI0_CS0_END.bss  anon$$obj.o


    Execution Region .ospi0_cs0.endof (Exec base: 0x68000000, Load base: 0x00000040, Size: 0x00000000, Max: 0x00000000, ABSOLUTE)

    Exec Addr    Load Addr    Size         Type   Attr      Idx    E Section Name        Object

    0x68000000        -       0x00000000   Zero   RW           40    .ospi0_cs0.endof.bss  anon$$obj.o


    Execution Region __OSPI0_CS0_end (Exec base: 0x68000000, Load base: 0x00000040, Size: 0x00000000, Max: 0x00000000, ABSOLUTE)

    Exec Addr    Load Addr    Size         Type   Attr      Idx    E Section Name        Object

    0x68000000        -       0x00000000   Zero   RW           41    __OSPI0_CS0_end.bss  anon$$obj.o



  Load Region LOAD_REGION_FLASH_JUMP (Base: 0x00000040, Size: 0x00000b78, Max: 0xffffffff, ABSOLUTE)

    Execution Region __flash_readonly (Exec base: 0x00000040, Load base: 0x00000040, Size: 0x00000b78, Max: 0xffffffff, ABSOLUTE, FIXED)

    Exec Addr    Load Addr    Size         Type   Attr      Idx    E Section Name        Object

    0x00000040   0x00000040   0x00000024   Code   RO          450    .text               mc_w.l(memcpya.o)
    0x00000064   0x00000064   0x00000024   Code   RO          452    .text               mc_w.l(memseta.o)
    0x00000088   0x00000088   0x00000004   Code   RO          171    .text.Default_Handler  startup.o
    0x0000008c   0x0000008c   0x00000044   Code   RO          260    .text.NMI_Handler   bsp_group_irq.o
    0x000000d0   0x000000d0   0x00000016   Code   RO          401    .text.Pump_Init     pump_1.o
    0x000000e6   0x000000e6   0x00000002   PAD
    0x000000e8   0x000000e8   0x0000007a   Code   RO          218    .text.R_BSP_Init_RTC  bsp_clocks.o
    0x00000162   0x00000162   0x0000004e   Code   RO          295    .text.R_BSP_RegisterProtectDisable  bsp_register_protection.o
    0x000001b0   0x000001b0   0x00000052   Code   RO          293    .text.R_BSP_RegisterProtectEnable  bsp_register_protection.o
    0x00000202   0x00000202   0x00000084   Code   RO          246    .text.R_BSP_SoftwareDelay  bsp_delay.o
    0x00000286   0x00000286   0x00000002   Code   RO          212    .text.R_BSP_SubClockStabilizeWaitAfterReset  bsp_clocks.o
    0x00000288   0x00000288   0x0000001a   Code   RO          160    .text.R_BSP_WarmStart  hal_warmstart.o
    0x000002a2   0x000002a2   0x0000000a   Code   RO          364    .text.R_IOPORT_Close  r_ioport.o
    0x000002ac   0x000002ac   0x00000016   Code   RO          362    .text.R_IOPORT_Open  r_ioport.o
    0x000002c2   0x000002c2   0x000000b2   Code   RO          368    .text.R_IOPORT_PinCfg  r_ioport.o
    0x00000374   0x00000374   0x00000028   Code   RO          370    .text.R_IOPORT_PinEventInputRead  r_ioport.o
    0x0000039c   0x0000039c   0x00000052   Code   RO          372    .text.R_IOPORT_PinEventOutputWrite  r_ioport.o
    0x000003ee   0x000003ee   0x00000022   Code   RO          374    .text.R_IOPORT_PinRead  r_ioport.o
    0x00000410   0x00000410   0x00000028   Code   RO          376    .text.R_IOPORT_PinWrite  r_ioport.o
    0x00000438   0x00000438   0x0000000c   Code   RO          366    .text.R_IOPORT_PinsCfg  r_ioport.o
    0x00000444   0x00000444   0x0000002c   Code   RO          378    .text.R_IOPORT_PortDirectionSet  r_ioport.o
    0x00000470   0x00000470   0x00000018   Code   RO          380    .text.R_IOPORT_PortEventInputRead  r_ioport.o
    0x00000488   0x00000488   0x00000020   Code   RO          382    .text.R_IOPORT_PortEventOutputWrite  r_ioport.o
    0x000004a8   0x000004a8   0x00000016   Code   RO          384    .text.R_IOPORT_PortRead  r_ioport.o
    0x000004be   0x000004be   0x00000020   Code   RO          386    .text.R_IOPORT_PortWrite  r_ioport.o
    0x000004de   0x000004de   0x00000002   PAD
    0x000004e0   0x000004e0   0x0000000a   Code   RO          169  * .text.Reset_Handler  startup.o
    0x000004ea   0x000004ea   0x0000002c   Code   RO          202    .text.SystemCoreClockUpdate  bsp_clocks.o
    0x00000516   0x00000516   0x00000002   PAD
    0x00000518   0x00000518   0x000000a2   Code   RO          183    .text.SystemInit    system.o
    0x000005ba   0x000005ba   0x00000002   PAD
    0x000005bc   0x000005bc   0x0000005a   Code   RO          187    .text.SystemRuntimeInit  system.o
    0x00000616   0x00000616   0x00000002   PAD
    0x00000618   0x00000618   0x0000013c   Code   RO          208    .text.bsp_clock_init  bsp_clocks.o
    0x00000754   0x00000754   0x00000002   Code   RO          229    .text.bsp_init_internal  bsp_common.o
    0x00000756   0x00000756   0x00000002   PAD
    0x00000758   0x00000758   0x0000006a   Code   RO          279    .text.bsp_irq_cfg   bsp_irq.o
    0x000007c2   0x000007c2   0x00000008   Code   RO          248    .text.bsp_prv_software_delay_loop  bsp_delay.o
    0x000007ca   0x000007ca   0x00000002   PAD
    0x000007cc   0x000007cc   0x000000d8   Code   RO          390    .text.bsp_vbatt_init  r_ioport.o
    0x000008a4   0x000008a4   0x00000004   Code   RO          151    .text.hal_entry     hal_entry.o
    0x000008a8   0x000008a8   0x0000000a   Code   RO          432    .text.main          main.o
    0x000008b2   0x000008b2   0x00000002   PAD
    0x000008b4   0x000008b4   0x000000c0   Code   RO          388    .text.r_ioport_pins_config  r_ioport.o
    0x00000974   0x00000974   0x00000080   Data   RO          354    .rodata.copy_list   bsp_linker.o
    0x000009f4   0x000009f4   0x0000000c   Data   RO          442    .rodata.g_bsp_pin_cfg  pin_data.o
    0x00000a00   0x00000a00   0x00000020   Data   RO          441    .rodata.g_bsp_pin_cfg_data  pin_data.o
    0x00000a20   0x00000a20   0x00000018   Data   RO          356    .rodata.g_init_info  bsp_linker.o
    0x00000a38   0x00000a38   0x00000004   Data   RO          281    .rodata.g_interrupt_event_link_select  bsp_irq.o
    0x00000a3c   0x00000a3c   0x0000000c   Data   RO          417    .rodata.g_ioport    common_data.o
    0x00000a48   0x00000a48   0x00000034   Data   RO          392    .rodata.g_ioport_on_ioport  r_ioport.o
    0x00000a7c   0x00000a7c   0x0000000a   Data   RO          298    .rodata.g_prcr_masks  bsp_register_protection.o
    0x00000a86   0x00000a86   0x00000002   PAD
    0x00000a88   0x00000a88   0x00000004   Data   RO          320    .rodata.gp_ddsc_DATA_FLASH_END  bsp_linker.o
    0x00000a8c   0x00000a8c   0x00000004   Data   RO          319    .rodata.gp_ddsc_DATA_FLASH_START  bsp_linker.o
    0x00000a90   0x00000a90   0x00000004   Data   RO          322    .rodata.gp_ddsc_FLASH_END  bsp_linker.o
    0x00000a94   0x00000a94   0x00000004   Data   RO          323    .rodata.gp_ddsc_FLASH_NSC  bsp_linker.o
    0x00000a98   0x00000a98   0x00000004   Data   RO          321    .rodata.gp_ddsc_FLASH_START  bsp_linker.o
    0x00000a9c   0x00000a9c   0x00000004   Data   RO          334    .rodata.gp_ddsc_OPTION_SETTING_BANKSEL_END  bsp_linker.o
    0x00000aa0   0x00000aa0   0x00000004   Data   RO          342    .rodata.gp_ddsc_OPTION_SETTING_BANKSEL_SEC_END  bsp_linker.o
    0x00000aa4   0x00000aa4   0x00000004   Data   RO          341    .rodata.gp_ddsc_OPTION_SETTING_BANKSEL_SEC_START  bsp_linker.o
    0x00000aa8   0x00000aa8   0x00000004   Data   RO          350    .rodata.gp_ddsc_OPTION_SETTING_BANKSEL_SEL_END  bsp_linker.o
    0x00000aac   0x00000aac   0x00000004   Data   RO          349    .rodata.gp_ddsc_OPTION_SETTING_BANKSEL_SEL_START  bsp_linker.o
    0x00000ab0   0x00000ab0   0x00000004   Data   RO          333    .rodata.gp_ddsc_OPTION_SETTING_BANKSEL_START  bsp_linker.o
    0x00000ab4   0x00000ab4   0x00000004   Data   RO          336    .rodata.gp_ddsc_OPTION_SETTING_BPS_END  bsp_linker.o
    0x00000ab8   0x00000ab8   0x00000004   Data   RO          344    .rodata.gp_ddsc_OPTION_SETTING_BPS_SEC_END  bsp_linker.o
    0x00000abc   0x00000abc   0x00000004   Data   RO          343    .rodata.gp_ddsc_OPTION_SETTING_BPS_SEC_START  bsp_linker.o
    0x00000ac0   0x00000ac0   0x00000004   Data   RO          352    .rodata.gp_ddsc_OPTION_SETTING_BPS_SEL_END  bsp_linker.o
    0x00000ac4   0x00000ac4   0x00000004   Data   RO          351    .rodata.gp_ddsc_OPTION_SETTING_BPS_SEL_START  bsp_linker.o
    0x00000ac8   0x00000ac8   0x00000004   Data   RO          335    .rodata.gp_ddsc_OPTION_SETTING_BPS_START  bsp_linker.o
    0x00000acc   0x00000acc   0x00000004   Data   RO          330    .rodata.gp_ddsc_OPTION_SETTING_DUALSEL_END  bsp_linker.o
    0x00000ad0   0x00000ad0   0x00000004   Data   RO          329    .rodata.gp_ddsc_OPTION_SETTING_DUALSEL_START  bsp_linker.o
    0x00000ad4   0x00000ad4   0x00000004   Data   RO          328    .rodata.gp_ddsc_OPTION_SETTING_OFS0_END  bsp_linker.o
    0x00000ad8   0x00000ad8   0x00000004   Data   RO          327    .rodata.gp_ddsc_OPTION_SETTING_OFS0_START  bsp_linker.o
    0x00000adc   0x00000adc   0x00000004   Data   RO          332    .rodata.gp_ddsc_OPTION_SETTING_OFS1_END  bsp_linker.o
    0x00000ae0   0x00000ae0   0x00000004   Data   RO          340    .rodata.gp_ddsc_OPTION_SETTING_OFS1_SEC_END  bsp_linker.o
    0x00000ae4   0x00000ae4   0x00000004   Data   RO          339    .rodata.gp_ddsc_OPTION_SETTING_OFS1_SEC_START  bsp_linker.o
    0x00000ae8   0x00000ae8   0x00000004   Data   RO          348    .rodata.gp_ddsc_OPTION_SETTING_OFS1_SEL_END  bsp_linker.o
    0x00000aec   0x00000aec   0x00000004   Data   RO          347    .rodata.gp_ddsc_OPTION_SETTING_OFS1_SEL_START  bsp_linker.o
    0x00000af0   0x00000af0   0x00000004   Data   RO          331    .rodata.gp_ddsc_OPTION_SETTING_OFS1_START  bsp_linker.o
    0x00000af4   0x00000af4   0x00000004   Data   RO          338    .rodata.gp_ddsc_OPTION_SETTING_PBPS_END  bsp_linker.o
    0x00000af8   0x00000af8   0x00000004   Data   RO          346    .rodata.gp_ddsc_OPTION_SETTING_PBPS_SEC_END  bsp_linker.o
    0x00000afc   0x00000afc   0x00000004   Data   RO          345    .rodata.gp_ddsc_OPTION_SETTING_PBPS_SEC_START  bsp_linker.o
    0x00000b00   0x00000b00   0x00000004   Data   RO          337    .rodata.gp_ddsc_OPTION_SETTING_PBPS_START  bsp_linker.o
    0x00000b04   0x00000b04   0x00000004   Data   RO          318    .rodata.gp_ddsc_OSPI0_CS0_END  bsp_linker.o
    0x00000b08   0x00000b08   0x00000004   Data   RO          317    .rodata.gp_ddsc_OSPI0_CS0_START  bsp_linker.o
    0x00000b0c   0x00000b0c   0x00000004   Data   RO          316    .rodata.gp_ddsc_OSPI0_CS1_END  bsp_linker.o
    0x00000b10   0x00000b10   0x00000004   Data   RO          315    .rodata.gp_ddsc_OSPI0_CS1_START  bsp_linker.o
    0x00000b14   0x00000b14   0x00000004   Data   RO          314    .rodata.gp_ddsc_QSPI_FLASH_END  bsp_linker.o
    0x00000b18   0x00000b18   0x00000004   Data   RO          313    .rodata.gp_ddsc_QSPI_FLASH_START  bsp_linker.o
    0x00000b1c   0x00000b1c   0x00000004   Data   RO          325    .rodata.gp_ddsc_RAM_END  bsp_linker.o
    0x00000b20   0x00000b20   0x00000004   Data   RO          326    .rodata.gp_ddsc_RAM_NSC  bsp_linker.o
    0x00000b24   0x00000b24   0x00000004   Data   RO          324    .rodata.gp_ddsc_RAM_START  bsp_linker.o
    0x00000b28   0x00000b28   0x00000010   Data   RO          355    .rodata.nocache_list  bsp_linker.o
    0x00000b38   0x00000b38   0x00000030   Data   RO          353    .rodata.zero_list   bsp_linker.o
    0x00000b68   0x00000b68   0x00000004   Data   RO          235    .version            bsp_common.o
    0x00000b6c   0x00000b6c   0x00000006   Data   RO          236    .version            bsp_common.o
    0x00000b72   0x00000b72   0x00000044   Data   RO          237    .version            bsp_common.o


    Execution Region __init_array_start (Exec base: 0x00000bb8, Load base: 0x00000bb8, Size: 0x00000000, Max: 0x00000000, ABSOLUTE)

    Exec Addr    Load Addr    Size         Type   Attr      Idx    E Section Name        Object

    0x00000bb8        -       0x00000000   Zero   RW           50    __init_array_start.bss  anon$$obj.o


    Execution Region __flash_init_array (Exec base: 0x00000bb8, Load base: 0x00000bb8, Size: 0x00000000, Max: 0xffffffff, ABSOLUTE, FIXED)

    **** No section assigned to this execution region ****


    Execution Region __init_array_end (Exec base: 0x00000bb8, Load base: 0x00000bb8, Size: 0x00000000, Max: 0x00000000, ABSOLUTE)

    Exec Addr    Load Addr    Size         Type   Attr      Idx    E Section Name        Object

    0x00000bb8        -       0x00000000   Zero   RW           51    __init_array_end.bss  anon$$obj.o


    Execution Region __ddsc_FLASH_END (Exec base: 0x00000c00, Load base: 0x00000bb8, Size: 0x00000000, Max: 0x00000000, ABSOLUTE)

    Exec Addr    Load Addr    Size         Type   Attr      Idx    E Section Name        Object

    0x00000c00        -       0x00000000   Zero   RW           52    __ddsc_FLASH_END.bss  anon$$obj.o


    Execution Region .flash.endof (Exec base: 0x00000c00, Load base: 0x00000bb8, Size: 0x00000000, Max: 0x00000000, ABSOLUTE)

    Exec Addr    Load Addr    Size         Type   Attr      Idx    E Section Name        Object

    0x00000c00        -       0x00000000   Zero   RW           53    .flash.endof.bss    anon$$obj.o


    Execution Region __ddsc_FLASH_NSC (Exec base: 0x00000c00, Load base: 0x00000bb8, Size: 0x00000000, Max: 0x00000000, ABSOLUTE)

    Exec Addr    Load Addr    Size         Type   Attr      Idx    E Section Name        Object

    0x00000c00        -       0x00000000   Zero   RW           54    __ddsc_FLASH_NSC.bss  anon$$obj.o


    Execution Region .flash.flat_nsc (Exec base: 0x00000c00, Load base: 0x00000bb8, Size: 0x00000000, Max: 0x00000000, ABSOLUTE)

    Exec Addr    Load Addr    Size         Type   Attr      Idx    E Section Name        Object

    0x00000c00        -       0x00000000   Zero   RW           55    .flash.flat_nsc.bss  anon$$obj.o


    Execution Region __FLASH_end (Exec base: 0x00000c00, Load base: 0x00000bb8, Size: 0x00000000, Max: 0x00000000, ABSOLUTE)

    Exec Addr    Load Addr    Size         Type   Attr      Idx    E Section Name        Object

    0x00000c00        -       0x00000000   Zero   RW           56    __FLASH_end.bss     anon$$obj.o



  Load Region LOAD_REGION_OPTION_SETTING_OFS0 (Base: 0x0100a100, Size: 0x00000004, Max: 0x00000004, ABSOLUTE)

    Execution Region __OPTION_SETTING_OFS0_start (Exec base: 0x0100a100, Load base: 0x0100a100, Size: 0x00000000, Max: 0x00000000, ABSOLUTE)

    Exec Addr    Load Addr    Size         Type   Attr      Idx    E Section Name        Object

    0x0100a100        -       0x00000000   Zero   RW           57    __OPTION_SETTING_OFS0_start.bss  anon$$obj.o


    Execution Region __OPTION_SETTING_OFS0_init (Exec base: 0x0100a100, Load base: 0x0100a100, Size: 0x00000000, Max: 0x00000000, ABSOLUTE)

    Exec Addr    Load Addr    Size         Type   Attr      Idx    E Section Name        Object

    0x0100a100        -       0x00000000   Zero   RW           58    __OPTION_SETTING_OFS0_init.bss  anon$$obj.o


    Execution Region __ddsc_OPTION_SETTING_OFS0_START (Exec base: 0x0100a100, Load base: 0x0100a100, Size: 0x00000000, Max: 0x00000000, ABSOLUTE)

    Exec Addr    Load Addr    Size         Type   Attr      Idx    E Section Name        Object

    0x0100a100        -       0x00000000   Zero   RW           59    __ddsc_OPTION_SETTING_OFS0_START.bss  anon$$obj.o


    Execution Region .option_setting_ofs0.startof (Exec base: 0x0100a100, Load base: 0x0100a100, Size: 0x00000000, Max: 0x00000000, ABSOLUTE)

    Exec Addr    Load Addr    Size         Type   Attr      Idx    E Section Name        Object

    0x0100a100        -       0x00000000   Zero   RW           60    .option_setting_ofs0.startof.bss  anon$$obj.o


    Execution Region __option_setting_ofs0_reg (Exec base: 0x0100a100, Load base: 0x0100a100, Size: 0x00000004, Max: 0xffffffff, ABSOLUTE, FIXED)

    Exec Addr    Load Addr    Size         Type   Attr      Idx    E Section Name        Object

    0x0100a100   0x0100a100   0x00000004   Data   RO          310    .option_setting_ofs0  bsp_linker.o


    Execution Region __ddsc_OPTION_SETTING_OFS0_END (Exec base: 0x0100a104, Load base: 0x0100a104, Size: 0x00000000, Max: 0x00000000, ABSOLUTE)

    Exec Addr    Load Addr    Size         Type   Attr      Idx    E Section Name        Object

    0x0100a104        -       0x00000000   Zero   RW           61    __ddsc_OPTION_SETTING_OFS0_END.bss  anon$$obj.o


    Execution Region .option_setting_ofs0.endof (Exec base: 0x0100a104, Load base: 0x0100a104, Size: 0x00000000, Max: 0x00000000, ABSOLUTE)

    Exec Addr    Load Addr    Size         Type   Attr      Idx    E Section Name        Object

    0x0100a104        -       0x00000000   Zero   RW           62    .option_setting_ofs0.endof.bss  anon$$obj.o


    Execution Region __OPTION_SETTING_OFS0_end (Exec base: 0x0100a104, Load base: 0x0100a104, Size: 0x00000000, Max: 0x00000000, ABSOLUTE)

    Exec Addr    Load Addr    Size         Type   Attr      Idx    E Section Name        Object

    0x0100a104        -       0x00000000   Zero   RW           63    __OPTION_SETTING_OFS0_end.bss  anon$$obj.o



  Load Region LOAD_REGION_OPTION_SETTING_DUALSEL (Base: 0x0100a110, Size: 0x00000000, Max: 0x00000004, ABSOLUTE)

    Execution Region __OPTION_SETTING_DUALSEL_start (Exec base: 0x0100a110, Load base: 0x0100a110, Size: 0x00000000, Max: 0x00000000, ABSOLUTE)

    Exec Addr    Load Addr    Size         Type   Attr      Idx    E Section Name        Object

    0x0100a110        -       0x00000000   Zero   RW           64    __OPTION_SETTING_DUALSEL_start.bss  anon$$obj.o


    Execution Region __OPTION_SETTING_DUALSEL_init (Exec base: 0x0100a110, Load base: 0x0100a110, Size: 0x00000000, Max: 0x00000000, ABSOLUTE)

    Exec Addr    Load Addr    Size         Type   Attr      Idx    E Section Name        Object

    0x0100a110        -       0x00000000   Zero   RW           65    __OPTION_SETTING_DUALSEL_init.bss  anon$$obj.o


    Execution Region __ddsc_OPTION_SETTING_DUALSEL_START (Exec base: 0x0100a110, Load base: 0x0100a110, Size: 0x00000000, Max: 0x00000000, ABSOLUTE)

    Exec Addr    Load Addr    Size         Type   Attr      Idx    E Section Name        Object

    0x0100a110        -       0x00000000   Zero   RW           66    __ddsc_OPTION_SETTING_DUALSEL_START.bss  anon$$obj.o


    Execution Region .option_setting_dualsel.startof (Exec base: 0x0100a110, Load base: 0x0100a110, Size: 0x00000000, Max: 0x00000000, ABSOLUTE)

    Exec Addr    Load Addr    Size         Type   Attr      Idx    E Section Name        Object

    0x0100a110        -       0x00000000   Zero   RW           67    .option_setting_dualsel.startof.bss  anon$$obj.o


    Execution Region __option_setting_dualsel_reg (Exec base: 0x0100a110, Load base: 0x0100a110, Size: 0x00000000, Max: 0xffffffff, ABSOLUTE, FIXED)

    **** No section assigned to this execution region ****


    Execution Region __ddsc_OPTION_SETTING_DUALSEL_END (Exec base: 0x0100a110, Load base: 0x0100a110, Size: 0x00000000, Max: 0x00000000, ABSOLUTE)

    Exec Addr    Load Addr    Size         Type   Attr      Idx    E Section Name        Object

    0x0100a110        -       0x00000000   Zero   RW           68    __ddsc_OPTION_SETTING_DUALSEL_END.bss  anon$$obj.o


    Execution Region .option_setting_dualsel.endof (Exec base: 0x0100a110, Load base: 0x0100a110, Size: 0x00000000, Max: 0x00000000, ABSOLUTE)

    Exec Addr    Load Addr    Size         Type   Attr      Idx    E Section Name        Object

    0x0100a110        -       0x00000000   Zero   RW           69    .option_setting_dualsel.endof.bss  anon$$obj.o


    Execution Region __OPTION_SETTING_DUALSEL_end (Exec base: 0x0100a110, Load base: 0x0100a110, Size: 0x00000000, Max: 0x00000000, ABSOLUTE)

    Exec Addr    Load Addr    Size         Type   Attr      Idx    E Section Name        Object

    0x0100a110        -       0x00000000   Zero   RW           70    __OPTION_SETTING_DUALSEL_end.bss  anon$$obj.o



  Load Region LOAD_REGION_OPTION_SETTING_OFS1 (Base: 0x0100a180, Size: 0x00000000, Max: 0x00000004, ABSOLUTE)

    Execution Region __OPTION_SETTING_OFS1_start (Exec base: 0x0100a180, Load base: 0x0100a180, Size: 0x00000000, Max: 0x00000000, ABSOLUTE)

    Exec Addr    Load Addr    Size         Type   Attr      Idx    E Section Name        Object

    0x0100a180        -       0x00000000   Zero   RW           71    __OPTION_SETTING_OFS1_start.bss  anon$$obj.o


    Execution Region __OPTION_SETTING_OFS1_init (Exec base: 0x0100a180, Load base: 0x0100a180, Size: 0x00000000, Max: 0x00000000, ABSOLUTE)

    Exec Addr    Load Addr    Size         Type   Attr      Idx    E Section Name        Object

    0x0100a180        -       0x00000000   Zero   RW           72    __OPTION_SETTING_OFS1_init.bss  anon$$obj.o


    Execution Region __ddsc_OPTION_SETTING_OFS1_START (Exec base: 0x0100a180, Load base: 0x0100a180, Size: 0x00000000, Max: 0x00000000, ABSOLUTE)

    Exec Addr    Load Addr    Size         Type   Attr      Idx    E Section Name        Object

    0x0100a180        -       0x00000000   Zero   RW           73    __ddsc_OPTION_SETTING_OFS1_START.bss  anon$$obj.o


    Execution Region .option_setting_ofs1.startof (Exec base: 0x0100a180, Load base: 0x0100a180, Size: 0x00000000, Max: 0x00000000, ABSOLUTE)

    Exec Addr    Load Addr    Size         Type   Attr      Idx    E Section Name        Object

    0x0100a180        -       0x00000000   Zero   RW           74    .option_setting_ofs1.startof.bss  anon$$obj.o


    Execution Region __option_setting_ofs1_reg (Exec base: 0x0100a180, Load base: 0x0100a180, Size: 0x00000000, Max: 0xffffffff, ABSOLUTE, FIXED)

    **** No section assigned to this execution region ****


    Execution Region __ddsc_OPTION_SETTING_OFS1_END (Exec base: 0x0100a180, Load base: 0x0100a180, Size: 0x00000000, Max: 0x00000000, ABSOLUTE)

    Exec Addr    Load Addr    Size         Type   Attr      Idx    E Section Name        Object

    0x0100a180        -       0x00000000   Zero   RW           75    __ddsc_OPTION_SETTING_OFS1_END.bss  anon$$obj.o


    Execution Region .option_setting_ofs1.endof (Exec base: 0x0100a180, Load base: 0x0100a180, Size: 0x00000000, Max: 0x00000000, ABSOLUTE)

    Exec Addr    Load Addr    Size         Type   Attr      Idx    E Section Name        Object

    0x0100a180        -       0x00000000   Zero   RW           76    .option_setting_ofs1.endof.bss  anon$$obj.o


    Execution Region __OPTION_SETTING_OFS1_end (Exec base: 0x0100a180, Load base: 0x0100a180, Size: 0x00000000, Max: 0x00000000, ABSOLUTE)

    Exec Addr    Load Addr    Size         Type   Attr      Idx    E Section Name        Object

    0x0100a180        -       0x00000000   Zero   RW           77    __OPTION_SETTING_OFS1_end.bss  anon$$obj.o



  Load Region LOAD_REGION_OPTION_SETTING_BANKSEL (Base: 0x0100a190, Size: 0x00000000, Max: 0x00000004, ABSOLUTE)

    Execution Region __OPTION_SETTING_BANKSEL_start (Exec base: 0x0100a190, Load base: 0x0100a190, Size: 0x00000000, Max: 0x00000000, ABSOLUTE)

    Exec Addr    Load Addr    Size         Type   Attr      Idx    E Section Name        Object

    0x0100a190        -       0x00000000   Zero   RW           78    __OPTION_SETTING_BANKSEL_start.bss  anon$$obj.o


    Execution Region __OPTION_SETTING_BANKSEL_init (Exec base: 0x0100a190, Load base: 0x0100a190, Size: 0x00000000, Max: 0x00000000, ABSOLUTE)

    Exec Addr    Load Addr    Size         Type   Attr      Idx    E Section Name        Object

    0x0100a190        -       0x00000000   Zero   RW           79    __OPTION_SETTING_BANKSEL_init.bss  anon$$obj.o


    Execution Region __ddsc_OPTION_SETTING_BANKSEL_START (Exec base: 0x0100a190, Load base: 0x0100a190, Size: 0x00000000, Max: 0x00000000, ABSOLUTE)

    Exec Addr    Load Addr    Size         Type   Attr      Idx    E Section Name        Object

    0x0100a190        -       0x00000000   Zero   RW           80    __ddsc_OPTION_SETTING_BANKSEL_START.bss  anon$$obj.o


    Execution Region .option_setting_banksel.startof (Exec base: 0x0100a190, Load base: 0x0100a190, Size: 0x00000000, Max: 0x00000000, ABSOLUTE)

    Exec Addr    Load Addr    Size         Type   Attr      Idx    E Section Name        Object

    0x0100a190        -       0x00000000   Zero   RW           81    .option_setting_banksel.startof.bss  anon$$obj.o


    Execution Region __option_setting_banksel_reg (Exec base: 0x0100a190, Load base: 0x0100a190, Size: 0x00000000, Max: 0xffffffff, ABSOLUTE, FIXED)

    **** No section assigned to this execution region ****


    Execution Region __ddsc_OPTION_SETTING_BANKSEL_END (Exec base: 0x0100a190, Load base: 0x0100a190, Size: 0x00000000, Max: 0x00000000, ABSOLUTE)

    Exec Addr    Load Addr    Size         Type   Attr      Idx    E Section Name        Object

    0x0100a190        -       0x00000000   Zero   RW           82    __ddsc_OPTION_SETTING_BANKSEL_END.bss  anon$$obj.o


    Execution Region .option_setting_banksel.endof (Exec base: 0x0100a190, Load base: 0x0100a190, Size: 0x00000000, Max: 0x00000000, ABSOLUTE)

    Exec Addr    Load Addr    Size         Type   Attr      Idx    E Section Name        Object

    0x0100a190        -       0x00000000   Zero   RW           83    .option_setting_banksel.endof.bss  anon$$obj.o


    Execution Region __OPTION_SETTING_BANKSEL_end (Exec base: 0x0100a190, Load base: 0x0100a190, Size: 0x00000000, Max: 0x00000000, ABSOLUTE)

    Exec Addr    Load Addr    Size         Type   Attr      Idx    E Section Name        Object

    0x0100a190        -       0x00000000   Zero   RW           84    __OPTION_SETTING_BANKSEL_end.bss  anon$$obj.o



  Load Region LOAD_REGION_OPTION_SETTING_BPS (Base: 0x0100a1c0, Size: 0x00000000, Max: 0x00000010, ABSOLUTE)

    Execution Region __OPTION_SETTING_BPS_start (Exec base: 0x0100a1c0, Load base: 0x0100a1c0, Size: 0x00000000, Max: 0x00000000, ABSOLUTE)

    Exec Addr    Load Addr    Size         Type   Attr      Idx    E Section Name        Object

    0x0100a1c0        -       0x00000000   Zero   RW           85    __OPTION_SETTING_BPS_start.bss  anon$$obj.o


    Execution Region __OPTION_SETTING_BPS_init (Exec base: 0x0100a1c0, Load base: 0x0100a1c0, Size: 0x00000000, Max: 0x00000000, ABSOLUTE)

    Exec Addr    Load Addr    Size         Type   Attr      Idx    E Section Name        Object

    0x0100a1c0        -       0x00000000   Zero   RW           86    __OPTION_SETTING_BPS_init.bss  anon$$obj.o


    Execution Region __ddsc_OPTION_SETTING_BPS_START (Exec base: 0x0100a1c0, Load base: 0x0100a1c0, Size: 0x00000000, Max: 0x00000000, ABSOLUTE)

    Exec Addr    Load Addr    Size         Type   Attr      Idx    E Section Name        Object

    0x0100a1c0        -       0x00000000   Zero   RW           87    __ddsc_OPTION_SETTING_BPS_START.bss  anon$$obj.o


    Execution Region .option_setting_bps.startof (Exec base: 0x0100a1c0, Load base: 0x0100a1c0, Size: 0x00000000, Max: 0x00000000, ABSOLUTE)

    Exec Addr    Load Addr    Size         Type   Attr      Idx    E Section Name        Object

    0x0100a1c0        -       0x00000000   Zero   RW           88    .option_setting_bps.startof.bss  anon$$obj.o


    Execution Region __option_setting_bps_reg (Exec base: 0x0100a1c0, Load base: 0x0100a1c0, Size: 0x00000000, Max: 0xffffffff, ABSOLUTE, FIXED)

    **** No section assigned to this execution region ****


    Execution Region __ddsc_OPTION_SETTING_BPS_END (Exec base: 0x0100a1c0, Load base: 0x0100a1c0, Size: 0x00000000, Max: 0x00000000, ABSOLUTE)

    Exec Addr    Load Addr    Size         Type   Attr      Idx    E Section Name        Object

    0x0100a1c0        -       0x00000000   Zero   RW           89    __ddsc_OPTION_SETTING_BPS_END.bss  anon$$obj.o


    Execution Region .option_setting_bps.endof (Exec base: 0x0100a1c0, Load base: 0x0100a1c0, Size: 0x00000000, Max: 0x00000000, ABSOLUTE)

    Exec Addr    Load Addr    Size         Type   Attr      Idx    E Section Name        Object

    0x0100a1c0        -       0x00000000   Zero   RW           90    .option_setting_bps.endof.bss  anon$$obj.o


    Execution Region __OPTION_SETTING_BPS_end (Exec base: 0x0100a1c0, Load base: 0x0100a1c0, Size: 0x00000000, Max: 0x00000000, ABSOLUTE)

    Exec Addr    Load Addr    Size         Type   Attr      Idx    E Section Name        Object

    0x0100a1c0        -       0x00000000   Zero   RW           91    __OPTION_SETTING_BPS_end.bss  anon$$obj.o



  Load Region LOAD_REGION_OPTION_SETTING_PBPS (Base: 0x0100a1e0, Size: 0x00000000, Max: 0x00000010, ABSOLUTE)

    Execution Region __OPTION_SETTING_PBPS_start (Exec base: 0x0100a1e0, Load base: 0x0100a1e0, Size: 0x00000000, Max: 0x00000000, ABSOLUTE)

    Exec Addr    Load Addr    Size         Type   Attr      Idx    E Section Name        Object

    0x0100a1e0        -       0x00000000   Zero   RW           92    __OPTION_SETTING_PBPS_start.bss  anon$$obj.o


    Execution Region __OPTION_SETTING_PBPS_init (Exec base: 0x0100a1e0, Load base: 0x0100a1e0, Size: 0x00000000, Max: 0x00000000, ABSOLUTE)

    Exec Addr    Load Addr    Size         Type   Attr      Idx    E Section Name        Object

    0x0100a1e0        -       0x00000000   Zero   RW           93    __OPTION_SETTING_PBPS_init.bss  anon$$obj.o


    Execution Region __ddsc_OPTION_SETTING_PBPS_START (Exec base: 0x0100a1e0, Load base: 0x0100a1e0, Size: 0x00000000, Max: 0x00000000, ABSOLUTE)

    Exec Addr    Load Addr    Size         Type   Attr      Idx    E Section Name        Object

    0x0100a1e0        -       0x00000000   Zero   RW           94    __ddsc_OPTION_SETTING_PBPS_START.bss  anon$$obj.o


    Execution Region .option_setting_pbps.startof (Exec base: 0x0100a1e0, Load base: 0x0100a1e0, Size: 0x00000000, Max: 0x00000000, ABSOLUTE)

    Exec Addr    Load Addr    Size         Type   Attr      Idx    E Section Name        Object

    0x0100a1e0        -       0x00000000   Zero   RW           95    .option_setting_pbps.startof.bss  anon$$obj.o


    Execution Region __option_setting_pbps_reg (Exec base: 0x0100a1e0, Load base: 0x0100a1e0, Size: 0x00000000, Max: 0xffffffff, ABSOLUTE, FIXED)

    **** No section assigned to this execution region ****


    Execution Region __ddsc_OPTION_SETTING_PBPS_END (Exec base: 0x0100a1e0, Load base: 0x0100a1e0, Size: 0x00000000, Max: 0x00000000, ABSOLUTE)

    Exec Addr    Load Addr    Size         Type   Attr      Idx    E Section Name        Object

    0x0100a1e0        -       0x00000000   Zero   RW           96    __ddsc_OPTION_SETTING_PBPS_END.bss  anon$$obj.o


    Execution Region .option_setting_pbps.endof (Exec base: 0x0100a1e0, Load base: 0x0100a1e0, Size: 0x00000000, Max: 0x00000000, ABSOLUTE)

    Exec Addr    Load Addr    Size         Type   Attr      Idx    E Section Name        Object

    0x0100a1e0        -       0x00000000   Zero   RW           97    .option_setting_pbps.endof.bss  anon$$obj.o


    Execution Region __OPTION_SETTING_PBPS_end (Exec base: 0x0100a1e0, Load base: 0x0100a1e0, Size: 0x00000000, Max: 0x00000000, ABSOLUTE)

    Exec Addr    Load Addr    Size         Type   Attr      Idx    E Section Name        Object

    0x0100a1e0        -       0x00000000   Zero   RW           98    __OPTION_SETTING_PBPS_end.bss  anon$$obj.o



  Load Region LOAD_REGION_OPTION_SETTING_OFS1_SEC (Base: 0x0100a200, Size: 0x00000004, Max: 0x00000004, ABSOLUTE)

    Execution Region __OPTION_SETTING_OFS1_SEC_start (Exec base: 0x0100a200, Load base: 0x0100a200, Size: 0x00000000, Max: 0x00000000, ABSOLUTE)

    Exec Addr    Load Addr    Size         Type   Attr      Idx    E Section Name        Object

    0x0100a200        -       0x00000000   Zero   RW           99    __OPTION_SETTING_OFS1_SEC_start.bss  anon$$obj.o


    Execution Region __OPTION_SETTING_OFS1_SEC_init (Exec base: 0x0100a200, Load base: 0x0100a200, Size: 0x00000000, Max: 0x00000000, ABSOLUTE)

    Exec Addr    Load Addr    Size         Type   Attr      Idx    E Section Name        Object

    0x0100a200        -       0x00000000   Zero   RW          100    __OPTION_SETTING_OFS1_SEC_init.bss  anon$$obj.o


    Execution Region __ddsc_OPTION_SETTING_OFS1_SEC_START (Exec base: 0x0100a200, Load base: 0x0100a200, Size: 0x00000000, Max: 0x00000000, ABSOLUTE)

    Exec Addr    Load Addr    Size         Type   Attr      Idx    E Section Name        Object

    0x0100a200        -       0x00000000   Zero   RW          101    __ddsc_OPTION_SETTING_OFS1_SEC_START.bss  anon$$obj.o


    Execution Region .option_setting_ofs1_sec.startof (Exec base: 0x0100a200, Load base: 0x0100a200, Size: 0x00000000, Max: 0x00000000, ABSOLUTE)

    Exec Addr    Load Addr    Size         Type   Attr      Idx    E Section Name        Object

    0x0100a200        -       0x00000000   Zero   RW          102    .option_setting_ofs1_sec.startof.bss  anon$$obj.o


    Execution Region __option_setting_ofs1_sec_reg (Exec base: 0x0100a200, Load base: 0x0100a200, Size: 0x00000004, Max: 0xffffffff, ABSOLUTE, FIXED)

    Exec Addr    Load Addr    Size         Type   Attr      Idx    E Section Name        Object

    0x0100a200   0x0100a200   0x00000004   Data   RO          311    .option_setting_ofs1_sec  bsp_linker.o


    Execution Region __ddsc_OPTION_SETTING_OFS1_SEC_END (Exec base: 0x0100a204, Load base: 0x0100a204, Size: 0x00000000, Max: 0x00000000, ABSOLUTE)

    Exec Addr    Load Addr    Size         Type   Attr      Idx    E Section Name        Object

    0x0100a204        -       0x00000000   Zero   RW          103    __ddsc_OPTION_SETTING_OFS1_SEC_END.bss  anon$$obj.o


    Execution Region .option_setting_ofs1_sec.endof (Exec base: 0x0100a204, Load base: 0x0100a204, Size: 0x00000000, Max: 0x00000000, ABSOLUTE)

    Exec Addr    Load Addr    Size         Type   Attr      Idx    E Section Name        Object

    0x0100a204        -       0x00000000   Zero   RW          104    .option_setting_ofs1_sec.endof.bss  anon$$obj.o


    Execution Region __OPTION_SETTING_OFS1_SEC_end (Exec base: 0x0100a204, Load base: 0x0100a204, Size: 0x00000000, Max: 0x00000000, ABSOLUTE)

    Exec Addr    Load Addr    Size         Type   Attr      Idx    E Section Name        Object

    0x0100a204        -       0x00000000   Zero   RW          105    __OPTION_SETTING_OFS1_SEC_end.bss  anon$$obj.o



  Load Region LOAD_REGION_OPTION_SETTING_BANKSEL_SEC (Base: 0x0100a210, Size: 0x00000000, Max: 0x00000004, ABSOLUTE)

    Execution Region __OPTION_SETTING_BANKSEL_SEC_start (Exec base: 0x0100a210, Load base: 0x0100a210, Size: 0x00000000, Max: 0x00000000, ABSOLUTE)

    Exec Addr    Load Addr    Size         Type   Attr      Idx    E Section Name        Object

    0x0100a210        -       0x00000000   Zero   RW          106    __OPTION_SETTING_BANKSEL_SEC_start.bss  anon$$obj.o


    Execution Region __OPTION_SETTING_BANKSEL_SEC_init (Exec base: 0x0100a210, Load base: 0x0100a210, Size: 0x00000000, Max: 0x00000000, ABSOLUTE)

    Exec Addr    Load Addr    Size         Type   Attr      Idx    E Section Name        Object

    0x0100a210        -       0x00000000   Zero   RW          107    __OPTION_SETTING_BANKSEL_SEC_init.bss  anon$$obj.o


    Execution Region __ddsc_OPTION_SETTING_BANKSEL_SEC_START (Exec base: 0x0100a210, Load base: 0x0100a210, Size: 0x00000000, Max: 0x00000000, ABSOLUTE)

    Exec Addr    Load Addr    Size         Type   Attr      Idx    E Section Name        Object

    0x0100a210        -       0x00000000   Zero   RW          108    __ddsc_OPTION_SETTING_BANKSEL_SEC_START.bss  anon$$obj.o


    Execution Region .option_setting_banksel_sec.startof (Exec base: 0x0100a210, Load base: 0x0100a210, Size: 0x00000000, Max: 0x00000000, ABSOLUTE)

    Exec Addr    Load Addr    Size         Type   Attr      Idx    E Section Name        Object

    0x0100a210        -       0x00000000   Zero   RW          109    .option_setting_banksel_sec.startof.bss  anon$$obj.o


    Execution Region __option_setting_banksel_sec_reg (Exec base: 0x0100a210, Load base: 0x0100a210, Size: 0x00000000, Max: 0xffffffff, ABSOLUTE, FIXED)

    **** No section assigned to this execution region ****


    Execution Region __ddsc_OPTION_SETTING_BANKSEL_SEC_END (Exec base: 0x0100a210, Load base: 0x0100a210, Size: 0x00000000, Max: 0x00000000, ABSOLUTE)

    Exec Addr    Load Addr    Size         Type   Attr      Idx    E Section Name        Object

    0x0100a210        -       0x00000000   Zero   RW          110    __ddsc_OPTION_SETTING_BANKSEL_SEC_END.bss  anon$$obj.o


    Execution Region .option_setting_banksel_sec.endof (Exec base: 0x0100a210, Load base: 0x0100a210, Size: 0x00000000, Max: 0x00000000, ABSOLUTE)

    Exec Addr    Load Addr    Size         Type   Attr      Idx    E Section Name        Object

    0x0100a210        -       0x00000000   Zero   RW          111    .option_setting_banksel_sec.endof.bss  anon$$obj.o


    Execution Region __OPTION_SETTING_BANKSEL_SEC_end (Exec base: 0x0100a210, Load base: 0x0100a210, Size: 0x00000000, Max: 0x00000000, ABSOLUTE)

    Exec Addr    Load Addr    Size         Type   Attr      Idx    E Section Name        Object

    0x0100a210        -       0x00000000   Zero   RW          112    __OPTION_SETTING_BANKSEL_SEC_end.bss  anon$$obj.o



  Load Region LOAD_REGION_OPTION_SETTING_BPS_SEC (Base: 0x0100a240, Size: 0x00000000, Max: 0x00000010, ABSOLUTE)

    Execution Region __OPTION_SETTING_BPS_SEC_start (Exec base: 0x0100a240, Load base: 0x0100a240, Size: 0x00000000, Max: 0x00000000, ABSOLUTE)

    Exec Addr    Load Addr    Size         Type   Attr      Idx    E Section Name        Object

    0x0100a240        -       0x00000000   Zero   RW          113    __OPTION_SETTING_BPS_SEC_start.bss  anon$$obj.o


    Execution Region __OPTION_SETTING_BPS_SEC_init (Exec base: 0x0100a240, Load base: 0x0100a240, Size: 0x00000000, Max: 0x00000000, ABSOLUTE)

    Exec Addr    Load Addr    Size         Type   Attr      Idx    E Section Name        Object

    0x0100a240        -       0x00000000   Zero   RW          114    __OPTION_SETTING_BPS_SEC_init.bss  anon$$obj.o


    Execution Region __ddsc_OPTION_SETTING_BPS_SEC_START (Exec base: 0x0100a240, Load base: 0x0100a240, Size: 0x00000000, Max: 0x00000000, ABSOLUTE)

    Exec Addr    Load Addr    Size         Type   Attr      Idx    E Section Name        Object

    0x0100a240        -       0x00000000   Zero   RW          115    __ddsc_OPTION_SETTING_BPS_SEC_START.bss  anon$$obj.o


    Execution Region .option_setting_bps_sec.startof (Exec base: 0x0100a240, Load base: 0x0100a240, Size: 0x00000000, Max: 0x00000000, ABSOLUTE)

    Exec Addr    Load Addr    Size         Type   Attr      Idx    E Section Name        Object

    0x0100a240        -       0x00000000   Zero   RW          116    .option_setting_bps_sec.startof.bss  anon$$obj.o


    Execution Region __option_setting_bps_sec_reg (Exec base: 0x0100a240, Load base: 0x0100a240, Size: 0x00000000, Max: 0xffffffff, ABSOLUTE, FIXED)

    **** No section assigned to this execution region ****


    Execution Region __ddsc_OPTION_SETTING_BPS_SEC_END (Exec base: 0x0100a240, Load base: 0x0100a240, Size: 0x00000000, Max: 0x00000000, ABSOLUTE)

    Exec Addr    Load Addr    Size         Type   Attr      Idx    E Section Name        Object

    0x0100a240        -       0x00000000   Zero   RW          117    __ddsc_OPTION_SETTING_BPS_SEC_END.bss  anon$$obj.o


    Execution Region .option_setting_bps_sec.endof (Exec base: 0x0100a240, Load base: 0x0100a240, Size: 0x00000000, Max: 0x00000000, ABSOLUTE)

    Exec Addr    Load Addr    Size         Type   Attr      Idx    E Section Name        Object

    0x0100a240        -       0x00000000   Zero   RW          118    .option_setting_bps_sec.endof.bss  anon$$obj.o


    Execution Region __OPTION_SETTING_BPS_SEC_end (Exec base: 0x0100a240, Load base: 0x0100a240, Size: 0x00000000, Max: 0x00000000, ABSOLUTE)

    Exec Addr    Load Addr    Size         Type   Attr      Idx    E Section Name        Object

    0x0100a240        -       0x00000000   Zero   RW          119    __OPTION_SETTING_BPS_SEC_end.bss  anon$$obj.o



  Load Region LOAD_REGION_OPTION_SETTING_PBPS_SEC (Base: 0x0100a260, Size: 0x00000000, Max: 0x00000010, ABSOLUTE)

    Execution Region __OPTION_SETTING_PBPS_SEC_start (Exec base: 0x0100a260, Load base: 0x0100a260, Size: 0x00000000, Max: 0x00000000, ABSOLUTE)

    Exec Addr    Load Addr    Size         Type   Attr      Idx    E Section Name        Object

    0x0100a260        -       0x00000000   Zero   RW          120    __OPTION_SETTING_PBPS_SEC_start.bss  anon$$obj.o


    Execution Region __OPTION_SETTING_PBPS_SEC_init (Exec base: 0x0100a260, Load base: 0x0100a260, Size: 0x00000000, Max: 0x00000000, ABSOLUTE)

    Exec Addr    Load Addr    Size         Type   Attr      Idx    E Section Name        Object

    0x0100a260        -       0x00000000   Zero   RW          121    __OPTION_SETTING_PBPS_SEC_init.bss  anon$$obj.o


    Execution Region __ddsc_OPTION_SETTING_PBPS_SEC_START (Exec base: 0x0100a260, Load base: 0x0100a260, Size: 0x00000000, Max: 0x00000000, ABSOLUTE)

    Exec Addr    Load Addr    Size         Type   Attr      Idx    E Section Name        Object

    0x0100a260        -       0x00000000   Zero   RW          122    __ddsc_OPTION_SETTING_PBPS_SEC_START.bss  anon$$obj.o


    Execution Region .option_setting_pbps_sec.startof (Exec base: 0x0100a260, Load base: 0x0100a260, Size: 0x00000000, Max: 0x00000000, ABSOLUTE)

    Exec Addr    Load Addr    Size         Type   Attr      Idx    E Section Name        Object

    0x0100a260        -       0x00000000   Zero   RW          123    .option_setting_pbps_sec.startof.bss  anon$$obj.o


    Execution Region __option_setting_pbps_sec_reg (Exec base: 0x0100a260, Load base: 0x0100a260, Size: 0x00000000, Max: 0xffffffff, ABSOLUTE, FIXED)

    **** No section assigned to this execution region ****


    Execution Region __ddsc_OPTION_SETTING_PBPS_SEC_END (Exec base: 0x0100a260, Load base: 0x0100a260, Size: 0x00000000, Max: 0x00000000, ABSOLUTE)

    Exec Addr    Load Addr    Size         Type   Attr      Idx    E Section Name        Object

    0x0100a260        -       0x00000000   Zero   RW          124    __ddsc_OPTION_SETTING_PBPS_SEC_END.bss  anon$$obj.o


    Execution Region .option_setting_pbps_sec.endof (Exec base: 0x0100a260, Load base: 0x0100a260, Size: 0x00000000, Max: 0x00000000, ABSOLUTE)

    Exec Addr    Load Addr    Size         Type   Attr      Idx    E Section Name        Object

    0x0100a260        -       0x00000000   Zero   RW          125    .option_setting_pbps_sec.endof.bss  anon$$obj.o


    Execution Region __OPTION_SETTING_PBPS_SEC_end (Exec base: 0x0100a260, Load base: 0x0100a260, Size: 0x00000000, Max: 0x00000000, ABSOLUTE)

    Exec Addr    Load Addr    Size         Type   Attr      Idx    E Section Name        Object

    0x0100a260        -       0x00000000   Zero   RW          126    __OPTION_SETTING_PBPS_SEC_end.bss  anon$$obj.o



  Load Region LOAD_REGION_OPTION_SETTING_OFS1_SEL (Base: 0x0100a280, Size: 0x00000004, Max: 0x00000004, ABSOLUTE)

    Execution Region __OPTION_SETTING_OFS1_SEL_start (Exec base: 0x0100a280, Load base: 0x0100a280, Size: 0x00000000, Max: 0x00000000, ABSOLUTE)

    Exec Addr    Load Addr    Size         Type   Attr      Idx    E Section Name        Object

    0x0100a280        -       0x00000000   Zero   RW          127    __OPTION_SETTING_OFS1_SEL_start.bss  anon$$obj.o


    Execution Region __OPTION_SETTING_OFS1_SEL_init (Exec base: 0x0100a280, Load base: 0x0100a280, Size: 0x00000000, Max: 0x00000000, ABSOLUTE)

    Exec Addr    Load Addr    Size         Type   Attr      Idx    E Section Name        Object

    0x0100a280        -       0x00000000   Zero   RW          128    __OPTION_SETTING_OFS1_SEL_init.bss  anon$$obj.o


    Execution Region __ddsc_OPTION_SETTING_OFS1_SEL_START (Exec base: 0x0100a280, Load base: 0x0100a280, Size: 0x00000000, Max: 0x00000000, ABSOLUTE)

    Exec Addr    Load Addr    Size         Type   Attr      Idx    E Section Name        Object

    0x0100a280        -       0x00000000   Zero   RW          129    __ddsc_OPTION_SETTING_OFS1_SEL_START.bss  anon$$obj.o


    Execution Region .option_setting_ofs1_sel.startof (Exec base: 0x0100a280, Load base: 0x0100a280, Size: 0x00000000, Max: 0x00000000, ABSOLUTE)

    Exec Addr    Load Addr    Size         Type   Attr      Idx    E Section Name        Object

    0x0100a280        -       0x00000000   Zero   RW          130    .option_setting_ofs1_sel.startof.bss  anon$$obj.o


    Execution Region __option_setting_ofs1_sel_reg (Exec base: 0x0100a280, Load base: 0x0100a280, Size: 0x00000004, Max: 0xffffffff, ABSOLUTE, FIXED)

    Exec Addr    Load Addr    Size         Type   Attr      Idx    E Section Name        Object

    0x0100a280   0x0100a280   0x00000004   Data   RO          312    .option_setting_ofs1_sel  bsp_linker.o


    Execution Region __ddsc_OPTION_SETTING_OFS1_SEL_END (Exec base: 0x0100a284, Load base: 0x0100a284, Size: 0x00000000, Max: 0x00000000, ABSOLUTE)

    Exec Addr    Load Addr    Size         Type   Attr      Idx    E Section Name        Object

    0x0100a284        -       0x00000000   Zero   RW          131    __ddsc_OPTION_SETTING_OFS1_SEL_END.bss  anon$$obj.o


    Execution Region .option_setting_ofs1_sel.endof (Exec base: 0x0100a284, Load base: 0x0100a284, Size: 0x00000000, Max: 0x00000000, ABSOLUTE)

    Exec Addr    Load Addr    Size         Type   Attr      Idx    E Section Name        Object

    0x0100a284        -       0x00000000   Zero   RW          132    .option_setting_ofs1_sel.endof.bss  anon$$obj.o


    Execution Region __OPTION_SETTING_OFS1_SEL_end (Exec base: 0x0100a284, Load base: 0x0100a284, Size: 0x00000000, Max: 0x00000000, ABSOLUTE)

    Exec Addr    Load Addr    Size         Type   Attr      Idx    E Section Name        Object

    0x0100a284        -       0x00000000   Zero   RW          133    __OPTION_SETTING_OFS1_SEL_end.bss  anon$$obj.o



  Load Region LOAD_REGION_OPTION_SETTING_BANKSEL_SEL (Base: 0x0100a290, Size: 0x00000000, Max: 0x00000004, ABSOLUTE)

    Execution Region __OPTION_SETTING_BANKSEL_SEL_start (Exec base: 0x0100a290, Load base: 0x0100a290, Size: 0x00000000, Max: 0x00000000, ABSOLUTE)

    Exec Addr    Load Addr    Size         Type   Attr      Idx    E Section Name        Object

    0x0100a290        -       0x00000000   Zero   RW          134    __OPTION_SETTING_BANKSEL_SEL_start.bss  anon$$obj.o


    Execution Region __OPTION_SETTING_BANKSEL_SEL_init (Exec base: 0x0100a290, Load base: 0x0100a290, Size: 0x00000000, Max: 0x00000000, ABSOLUTE)

    Exec Addr    Load Addr    Size         Type   Attr      Idx    E Section Name        Object

    0x0100a290        -       0x00000000   Zero   RW          135    __OPTION_SETTING_BANKSEL_SEL_init.bss  anon$$obj.o


    Execution Region __ddsc_OPTION_SETTING_BANKSEL_SEL_START (Exec base: 0x0100a290, Load base: 0x0100a290, Size: 0x00000000, Max: 0x00000000, ABSOLUTE)

    Exec Addr    Load Addr    Size         Type   Attr      Idx    E Section Name        Object

    0x0100a290        -       0x00000000   Zero   RW          136    __ddsc_OPTION_SETTING_BANKSEL_SEL_START.bss  anon$$obj.o


    Execution Region .option_setting_banksel_sel.startof (Exec base: 0x0100a290, Load base: 0x0100a290, Size: 0x00000000, Max: 0x00000000, ABSOLUTE)

    Exec Addr    Load Addr    Size         Type   Attr      Idx    E Section Name        Object

    0x0100a290        -       0x00000000   Zero   RW          137    .option_setting_banksel_sel.startof.bss  anon$$obj.o


    Execution Region __option_setting_banksel_sel_reg (Exec base: 0x0100a290, Load base: 0x0100a290, Size: 0x00000000, Max: 0xffffffff, ABSOLUTE, FIXED)

    **** No section assigned to this execution region ****


    Execution Region __ddsc_OPTION_SETTING_BANKSEL_SEL_END (Exec base: 0x0100a290, Load base: 0x0100a290, Size: 0x00000000, Max: 0x00000000, ABSOLUTE)

    Exec Addr    Load Addr    Size         Type   Attr      Idx    E Section Name        Object

    0x0100a290        -       0x00000000   Zero   RW          138    __ddsc_OPTION_SETTING_BANKSEL_SEL_END.bss  anon$$obj.o


    Execution Region .option_setting_banksel_sel.endof (Exec base: 0x0100a290, Load base: 0x0100a290, Size: 0x00000000, Max: 0x00000000, ABSOLUTE)

    Exec Addr    Load Addr    Size         Type   Attr      Idx    E Section Name        Object

    0x0100a290        -       0x00000000   Zero   RW          139    .option_setting_banksel_sel.endof.bss  anon$$obj.o


    Execution Region __OPTION_SETTING_BANKSEL_SEL_end (Exec base: 0x0100a290, Load base: 0x0100a290, Size: 0x00000000, Max: 0x00000000, ABSOLUTE)

    Exec Addr    Load Addr    Size         Type   Attr      Idx    E Section Name        Object

    0x0100a290        -       0x00000000   Zero   RW          140    __OPTION_SETTING_BANKSEL_SEL_end.bss  anon$$obj.o



  Load Region LOAD_REGION_OPTION_SETTING_BPS_SEL (Base: 0x0100a2c0, Size: 0x00000000, Max: 0x00000010, ABSOLUTE)

    Execution Region __OPTION_SETTING_BPS_SEL_start (Exec base: 0x0100a2c0, Load base: 0x0100a2c0, Size: 0x00000000, Max: 0x00000000, ABSOLUTE)

    Exec Addr    Load Addr    Size         Type   Attr      Idx    E Section Name        Object

    0x0100a2c0        -       0x00000000   Zero   RW          141    __OPTION_SETTING_BPS_SEL_start.bss  anon$$obj.o


    Execution Region __OPTION_SETTING_BPS_SEL_init (Exec base: 0x0100a2c0, Load base: 0x0100a2c0, Size: 0x00000000, Max: 0x00000000, ABSOLUTE)

    Exec Addr    Load Addr    Size         Type   Attr      Idx    E Section Name        Object

    0x0100a2c0        -       0x00000000   Zero   RW          142    __OPTION_SETTING_BPS_SEL_init.bss  anon$$obj.o


    Execution Region __ddsc_OPTION_SETTING_BPS_SEL_START (Exec base: 0x0100a2c0, Load base: 0x0100a2c0, Size: 0x00000000, Max: 0x00000000, ABSOLUTE)

    Exec Addr    Load Addr    Size         Type   Attr      Idx    E Section Name        Object

    0x0100a2c0        -       0x00000000   Zero   RW          143    __ddsc_OPTION_SETTING_BPS_SEL_START.bss  anon$$obj.o


    Execution Region .option_setting_bps_sel.startof (Exec base: 0x0100a2c0, Load base: 0x0100a2c0, Size: 0x00000000, Max: 0x00000000, ABSOLUTE)

    Exec Addr    Load Addr    Size         Type   Attr      Idx    E Section Name        Object

    0x0100a2c0        -       0x00000000   Zero   RW          144    .option_setting_bps_sel.startof.bss  anon$$obj.o


    Execution Region __option_setting_bps_sel_reg (Exec base: 0x0100a2c0, Load base: 0x0100a2c0, Size: 0x00000000, Max: 0xffffffff, ABSOLUTE, FIXED)

    **** No section assigned to this execution region ****


    Execution Region __ddsc_OPTION_SETTING_BPS_SEL_END (Exec base: 0x0100a2c0, Load base: 0x0100a2c0, Size: 0x00000000, Max: 0x00000000, ABSOLUTE)

    Exec Addr    Load Addr    Size         Type   Attr      Idx    E Section Name        Object

    0x0100a2c0        -       0x00000000   Zero   RW          145    __ddsc_OPTION_SETTING_BPS_SEL_END.bss  anon$$obj.o


    Execution Region .option_setting_bps_sel.endof (Exec base: 0x0100a2c0, Load base: 0x0100a2c0, Size: 0x00000000, Max: 0x00000000, ABSOLUTE)

    Exec Addr    Load Addr    Size         Type   Attr      Idx    E Section Name        Object

    0x0100a2c0        -       0x00000000   Zero   RW          146    .option_setting_bps_sel.endof.bss  anon$$obj.o


    Execution Region __OPTION_SETTING_BPS_SEL_end (Exec base: 0x0100a2c0, Load base: 0x0100a2c0, Size: 0x00000000, Max: 0x00000000, ABSOLUTE)

    Exec Addr    Load Addr    Size         Type   Attr      Idx    E Section Name        Object

    0x0100a2c0        -       0x00000000   Zero   RW          147    __OPTION_SETTING_BPS_SEL_end.bss  anon$$obj.o


==============================================================================

Image component sizes


      Code (inc. data)   RO Data    RW Data    ZI Data      Debug   Object Name

       484          0          0          0         28      39234   bsp_clocks.o
         2          0         78          0          0      10039   bsp_common.o
       140          0          0          0          0       1852   bsp_delay.o
        68          0          0          0         64      14121   bsp_group_irq.o
         0          0          0          0          4        460   bsp_io.o
       106          0          4          0          0      18418   bsp_irq.o
         0          0        388          0          0       3558   bsp_linker.o
       160          0         10          0         10      21807   bsp_register_protection.o
         0          0         12          0          8      17832   common_data.o
         4          0          0          0          0        672   hal_entry.o
        26          0          0          0          0      16813   hal_warmstart.o
        10          0          0          0          0        384   main.o
         0          0         44          0          0       7995   pin_data.o
        22          0          0          0          0       7838   pump_1.o
       980         12         52          0          0      57141   r_ioport.o
        14          0         64          0       1024        930   startup.o
       252          0          0          0          4       6674   system.o

    ----------------------------------------------------------------------
      2284         12        656          0       1144     225768   Object Totals
         0          0          0          0          0          0   (incl. Generated)
        16          0          4          0          2          0   (incl. Padding)

    ----------------------------------------------------------------------

      Code (inc. data)   RO Data    RW Data    ZI Data      Debug   Library Member Name

        36          0          0          0          0         68   memcpya.o
        36          0          0          0          0        108   memseta.o

    ----------------------------------------------------------------------
        72          0          0          0          0        176   Library Totals
         0          0          0          0          0          0   (incl. Padding)

    ----------------------------------------------------------------------

      Code (inc. data)   RO Data    RW Data    ZI Data      Debug   Library Name

        72          0          0          0          0        176   mc_w.l

    ----------------------------------------------------------------------
        72          0          0          0          0        176   Library Totals

    ----------------------------------------------------------------------

==============================================================================


      Code (inc. data)   RO Data    RW Data    ZI Data      Debug   

      2356         12        656          0       1144     225652   Grand Totals
      2356         12        656          0       1144     225652   ELF Image Totals
      2356         12        656          0          0          0   ROM Totals

==============================================================================

    Total RO  Size (Code + RO Data)                 3012 (   2.94kB)
    Total RW  Size (RW Data + ZI Data)              1144 (   1.12kB)
    Total ROM Size (Code + RO Data + RW Data)       3012 (   2.94kB)

==============================================================================

