Component: Arm Compiler for Embedded 6.23 Tool: armlink [5f102400]

==============================================================================

Section Cross References

    hal_entry_1.o(.text.sci_i2c_master_callback) refers to hal_entry_1.o(.bss.g_i2c_aborted) for g_i2c_aborted
    hal_entry_1.o(.text.sci_i2c_master_callback) refers to hal_entry_1.o(.bss.g_i2c_completed) for g_i2c_completed
    hal_entry_1.o(.ARM.exidx.text.sci_i2c_master_callback) refers to hal_entry_1.o(.text.sci_i2c_master_callback) for [Anonymous Symbol]
    hal_entry_1.o(.text.uart2_callback) refers to driver_uart_1.o(.data.UartSensor) for UartSensor
    hal_entry_1.o(.ARM.exidx.text.uart2_callback) refers to hal_entry_1.o(.text.uart2_callback) for [Anonymous Symbol]
    hal_entry_1.o(.text.uart4_callback) refers to driver_uart_1.o(.data.UartHmi) for UartHmi
    hal_entry_1.o(.ARM.exidx.text.uart4_callback) refers to hal_entry_1.o(.text.uart4_callback) for [Anonymous Symbol]
    hal_entry_1.o(.text.uart7_callback) refers to driver_uart_1.o(.data.UartPc) for UartPc
    hal_entry_1.o(.ARM.exidx.text.uart7_callback) refers to hal_entry_1.o(.text.uart7_callback) for [Anonymous Symbol]
    hal_entry_1.o(.text.uart9_callback) refers to driver_uart_1.o(.data.UartFace) for UartFace
    hal_entry_1.o(.ARM.exidx.text.uart9_callback) refers to hal_entry_1.o(.text.uart9_callback) for [Anonymous Symbol]
    hal_entry_1.o(.text.uart8_callback) refers to driver_uart_1.o(.data.Uart8) for Uart8
    hal_entry_1.o(.ARM.exidx.text.uart8_callback) refers to hal_entry_1.o(.text.uart8_callback) for [Anonymous Symbol]
    hal_entry_1.o(.text.hal_entry) refers to driver_uart_1.o(.data.UartSensor) for UartSensor
    hal_entry_1.o(.text.hal_entry) refers to driver_uart_1.o(.text.Uart_Init) for Uart_Init
    hal_entry_1.o(.text.hal_entry) refers to driver_uart_1.o(.data.UartHmi) for UartHmi
    hal_entry_1.o(.text.hal_entry) refers to driver_uart_1.o(.data.UartPc) for UartPc
    hal_entry_1.o(.text.hal_entry) refers to driver_uart_1.o(.data.UartFace) for UartFace
    hal_entry_1.o(.text.hal_entry) refers to driver_uart_1.o(.data.Uart8) for Uart8
    hal_entry_1.o(.text.hal_entry) refers to driver_uart_1.o(.text.Uart_StartRx) for Uart_StartRx
    hal_entry_1.o(.text.hal_entry) refers to hal_data.o(.rodata.g_i2c5) for g_i2c5
    hal_entry_1.o(.text.hal_entry) refers to hal_entry_1.o(.bss.g_bh1750) for g_bh1750
    hal_entry_1.o(.text.hal_entry) refers to driver_bh1750_1.o(.text.Bh1750_Init) for Bh1750_Init
    hal_entry_1.o(.text.hal_entry) refers to driver_uart_1.o(.text.Uart_Printf) for Uart_Printf
    hal_entry_1.o(.text.hal_entry) refers to bsp_delay.o(.text.R_BSP_SoftwareDelay) for R_BSP_SoftwareDelay
    hal_entry_1.o(.text.hal_entry) refers to hal_entry_1.o(.bss.Task_DHT22.dht22_read_tick) for Task_DHT22.dht22_read_tick
    hal_entry_1.o(.text.hal_entry) refers to hal_entry_1.o(.bss.Task_HMI.hmi_rx_idx) for Task_HMI.hmi_rx_idx
    hal_entry_1.o(.text.hal_entry) refers to hal_entry_1.o(.bss.Task_HMI.hmi_rx_frame) for Task_HMI.hmi_rx_frame
    hal_entry_1.o(.text.hal_entry) refers to hal_entry_1.o(.bss.Task_Uart8.rx_idle_tick) for Task_Uart8.rx_idle_tick
    hal_entry_1.o(.text.hal_entry) refers to hal_entry_1.o(.bss.Task_Light.light_tick) for Task_Light.light_tick
    hal_entry_1.o(.text.hal_entry) refers to driver_dht22_1.o(.data.Dht22) for Dht22
    hal_entry_1.o(.text.hal_entry) refers to driver_dht22_1.o(.text.Dht22_Read) for Dht22_Read
    hal_entry_1.o(.text.hal_entry) refers to hal_entry_1.o(.rodata.str1.1) for .L.str.4
    hal_entry_1.o(.text.hal_entry) refers to printfa.o(i.__0snprintf) for __2snprintf
    hal_entry_1.o(.text.hal_entry) refers to hal_entry_1.o(.text.Hmi_SendCmd) for Hmi_SendCmd
    hal_entry_1.o(.text.hal_entry) refers to hal_entry_1.o(.bss.Task_CO2.rx_index) for Task_CO2.rx_index
    hal_entry_1.o(.text.hal_entry) refers to hal_entry_1.o(.bss.Task_CO2.rx_frame) for Task_CO2.rx_frame
    hal_entry_1.o(.text.hal_entry) refers to hal_entry_1.o(.bss.Task_CO2.low_co2_count) for Task_CO2.low_co2_count
    hal_entry_1.o(.text.hal_entry) refers to hal_entry_1.o(.bss.Task_CO2.add_rest_count) for Task_CO2.add_rest_count
    hal_entry_1.o(.text.hal_entry) refers to hal_entry_1.o(.bss.Task_CO2.add_send_count) for Task_CO2.add_send_count
    hal_entry_1.o(.text.hal_entry) refers to hal_entry_1.o(.bss.Task_HMI.hmi_rx_idle_tick) for Task_HMI.hmi_rx_idle_tick
    hal_entry_1.o(.text.hal_entry) refers to memcmp.o(.text) for memcmp
    hal_entry_1.o(.text.hal_entry) refers to hal_entry_1.o(.rodata.Task_HMI.enroll_cmd) for Task_HMI.enroll_cmd
    hal_entry_1.o(.text.hal_entry) refers to driver_uart_1.o(.text.Uart_Send) for Uart_Send
    hal_entry_1.o(.text.hal_entry) refers to hal_entry_1.o(.rodata.Task_HMI.reset_cmd) for Task_HMI.reset_cmd
    hal_entry_1.o(.text.hal_entry) refers to hal_entry_1.o(.bss.g_face_state) for g_face_state
    hal_entry_1.o(.text.hal_entry) refers to hal_entry_1.o(.bss.g_face_delay_tick) for g_face_delay_tick
[...]
    g_uart7_ctrl                             0x20000a0c   Data          48  hal_data.o(.bss.g_uart7_ctrl)
    g_uart8_ctrl                             0x20000a3c   Data          48  hal_data.o(.bss.g_uart8_ctrl)
    g_uart9_ctrl                             0x20000a6c   Data          48  hal_data.o(.bss.g_uart9_ctrl)
    gp_renesas_isr_context                   0x20000a9c   Data          88  bsp_irq.o(.bss.gp_renesas_isr_context)
    Image$$__ram_zero$$ZI$$Limit             0x20000af4   Number         0  anon$$obj.o ABSOLUTE
    Image$$__ddsc_RAM_END$$Base              0x20000c00   Number         0  anon$$obj.o ABSOLUTE
    Image$$__ddsc_RAM_NSC$$Base              0x20000c00   Number         0  anon$$obj.o ABSOLUTE
    Image$$__ddsc_QSPI_FLASH_END$$Base       0x60000000   Number         0  anon$$obj.o ABSOLUTE
    Image$$__ddsc_QSPI_FLASH_START$$Base     0x60000000   Number         0  anon$$obj.o ABSOLUTE
    Load$$__ospi0_cs0_from_qspi_flash$$Base  0x60000000   Number         0  anon$$obj.o ABSOLUTE
    Load$$__ram_from_qspi_flash$$Base        0x60000000   Number         0  anon$$obj.o ABSOLUTE
    Image$$__ddsc_OSPI0_CS0_END$$Base        0x68000000   Number         0  anon$$obj.o ABSOLUTE
    Image$$__ddsc_OSPI0_CS0_START$$Base      0x68000000   Number         0  anon$$obj.o ABSOLUTE
    Image$$__ospi0_cs0_from_data_flash$$Base 0x68000000   Number         0  anon$$obj.o ABSOLUTE
    Image$$__ospi0_cs0_from_data_flash$$Limit 0x68000000   Number         0  anon$$obj.o ABSOLUTE
    Image$$__ospi0_cs0_from_flash$$Base      0x68000000   Number         0  anon$$obj.o ABSOLUTE
    Image$$__ospi0_cs0_from_flash$$Limit     0x68000000   Number         0  anon$$obj.o ABSOLUTE
    Image$$__ospi0_cs0_from_ospi0_cs1$$Base  0x68000000   Number         0  anon$$obj.o ABSOLUTE
    Image$$__ospi0_cs0_from_ospi0_cs1$$Limit 0x68000000   Number         0  anon$$obj.o ABSOLUTE
    Image$$__ospi0_cs0_from_qspi_flash$$Base 0x68000000   Number         0  anon$$obj.o ABSOLUTE
    Image$$__ospi0_cs0_from_qspi_flash$$Limit 0x68000000   Number         0  anon$$obj.o ABSOLUTE
    Image$$__ospi0_cs0_noinit_nocache$$ZI$$Base 0x68000000   Number         0  anon$$obj.o ABSOLUTE
    Image$$__ospi0_cs0_zero$$ZI$$Base        0x68000000   Number         0  anon$$obj.o ABSOLUTE
    Image$$__ospi0_cs0_zero$$ZI$$Limit       0x68000000   Number         0  anon$$obj.o ABSOLUTE
    Image$$__ospi0_cs0_zero_nocache$$ZI$$Base 0x68000000   Number         0  anon$$obj.o ABSOLUTE
    Image$$__ospi0_cs0_zero_nocache_pad$$ZI$$Limit 0x68000000   Number         0  anon$$obj.o ABSOLUTE
    Image$$__ddsc_OSPI0_CS1_END$$Base        0x70000000   Number         0  anon$$obj.o ABSOLUTE
    Image$$__ddsc_OSPI0_CS1_START$$Base      0x70000000   Number         0  anon$$obj.o ABSOLUTE
    Load$$__ospi0_cs0_from_ospi0_cs1$$Base   0x70000000   Number         0  anon$$obj.o ABSOLUTE
    Load$$__ram_from_ospi0_cs1$$Base         0x70000000   Number         0  anon$$obj.o ABSOLUTE



==============================================================================

Memory Map of the image

  Image Entry point : 0x00001241

  Load Region LOAD_REGION_QSPI_FLASH (Base: 0x60000000, Size: 0x00000000, Max: 0x04000000, ABSOLUTE)

    Execution Region __RAM_start (Exec base: 0x20000000, Load base: 0x60000000, Size: 0x00000000, Max: 0x00000000, ABSOLUTE)

    Exec Addr    Load Addr    Size         Type   Attr      Idx    E Section Name        Object

    0x20000000        -       0x00000000   Zero   RW            8    __RAM_start.bss     anon$$obj.o


    Execution Region __ddsc_RAM_START (Exec base: 0x20000000, Load base: 0x60000000, Size: 0x00000000, Max: 0x00000000, ABSOLUTE)

    Exec Addr    Load Addr    Size         Type   Attr      Idx    E Section Name        Object

    0x20000000        -       0x00000000   Zero   RW            9    __ddsc_RAM_START.bss  anon$$obj.o


    Execution Region .ram.startof (Exec base: 0x20000000, Load base: 0x60000000, Size: 0x00000000, Max: 0x00000000, ABSOLUTE)

    Exec Addr    Load Addr    Size         Type   Attr      Idx    E Section Name        Object

    0x20000000        -       0x00000000   Zero   RW           10    .ram.startof.bss    anon$$obj.o


    Execution Region __ram_dtc_vector (Exec base: 0x20000000, Load base: 0x60000000, Size: 0x00000000, Max: 0xffffffff, ABSOLUTE, UNINIT)

    **** No section assigned to this execution region ****


    Execution Region __ram_from_qspi_flash (Exec base: 0x20000000, Load base: 0x60000000, Size: 0x00000000, Max: 0xffffffff, ABSOLUTE)

    **** No section assigned to this execution region ****


    Execution Region __QSPI_FLASH_start (Exec base: 0x60000000, Load base: 0x60000000, Size: 0x00000000, Max: 0x00000000, ABSOLUTE)

    Exec Addr    Load Addr    Size         Type   Attr      Idx    E Section Name        Object

    0x60000000        -       0x00000000   Zero   RW            1    __QSPI_FLASH_start.bss  anon$$obj.o


    Execution Region __QSPI_FLASH_init (Exec base: 0x60000000, Load base: 0x60000000, Size: 0x00000000, Max: 0x00000000, ABSOLUTE)

    Exec Addr    Load Addr    Size         Type   Attr      Idx    E Section Name        Object

    0x60000000        -       0x00000000   Zero   RW            2    __QSPI_FLASH_init.bss  anon$$obj.o


    Execution Region __ddsc_QSPI_FLASH_START (Exec base: 0x60000000, Load base: 0x60000000, Size: 0x00000000, Max: 0x00000000, ABSOLUTE)

    Exec Addr    Load Addr    Size         Type   Attr      Idx    E Section Name        Object

    0x60000000        -       0x00000000   Zero   RW            3    __ddsc_QSPI_FLASH_START.bss  anon$$obj.o


    Execution Region .qspi_flash.startof (Exec base: 0x60000000, Load base: 0x60000000, Size: 0x00000000, Max: 0x00000000, ABSOLUTE)

    Exec Addr    Load Addr    Size         Type   Attr      Idx    E Section Name        Object

    0x60000000        -       0x00000000   Zero   RW            4    .qspi_flash.startof.bss  anon$$obj.o


    Execution Region __OSPI0_CS0_start (Exec base: 0x68000000, Load base: 0x60000000, Size: 0x00000000, Max: 0x00000000, ABSOLUTE)

    Exec Addr    Load Addr    Size         Type   Attr      Idx    E Section Name        Object

    0x68000000        -       0x00000000   Zero   RW            5    __OSPI0_CS0_start.bss  anon$$obj.o


    Execution Region __ddsc_OSPI0_CS0_START (Exec base: 0x68000000, Load base: 0x60000000, Size: 0x00000000, Max: 0x00000000, ABSOLUTE)

    Exec Addr    Load Addr    Size         Type   Attr      Idx    E Section Name        Object

    0x68000000        -       0x00000000   Zero   RW            6    __ddsc_OSPI0_CS0_START.bss  anon$$obj.o


    Execution Region .ospi0_cs0.startof (Exec base: 0x68000000, Load base: 0x60000000, Size: 0x00000000, Max: 0x00000000, ABSOLUTE)

    Exec Addr    Load Addr    Size         Type   Attr      Idx    E Section Name        Object

    0x68000000        -       0x00000000   Zero   RW            7    .ospi0_cs0.startof.bss  anon$$obj.o


    Execution Region __ospi0_cs0_from_qspi_flash (Exec base: 0x68000000, Load base: 0x60000000, Size: 0x00000000, Max: 0xffffffff, ABSOLUTE)

    **** No section assigned to this execution region ****



  Load Region LOAD_REGION_QSPI_FLASH_JUMP (Base: 0x60000000, Size: 0x00000000, Max: 0xffffffff, ABSOLUTE)

    Execution Region __qspi_flash_readonly (Exec base: 0x60000000, Load base: 0x60000000, Size: 0x00000000, Max: 0xffffffff, ABSOLUTE, FIXED)

    **** No section assigned to this execution region ****


    Execution Region __qspi_flash_noinit (Exec base: 0x60000000, Load base: 0x60000000, Size: 0x00000000, Max: 0xffffffff, ABSOLUTE, UNINIT, FIXED)

    **** No section assigned to this execution region ****


    Execution Region __ddsc_QSPI_FLASH_END (Exec base: 0x60000000, Load base: 0x60000000, Size: 0x00000000, Max: 0x00000000, ABSOLUTE)

    Exec Addr    Load Addr    Size         Type   Attr      Idx    E Section Name        Object

    0x60000000        -       0x00000000   Zero   RW           11    __ddsc_QSPI_FLASH_END.bss  anon$$obj.o


    Execution Region .qspi_flash.endof (Exec base: 0x60000000, Load base: 0x60000000, Size: 0x00000000, Max: 0x00000000, ABSOLUTE)

    Exec Addr    Load Addr    Size         Type   Attr      Idx    E Section Name        Object

    0x60000000        -       0x00000000   Zero   RW           12    .qspi_flash.endof.bss  anon$$obj.o


    Execution Region __QSPI_FLASH_end (Exec base: 0x60000000, Load base: 0x60000000, Size: 0x00000000, Max: 0x00000000, ABSOLUTE)

    Exec Addr    Load Addr    Size         Type   Attr      Idx    E Section Name        Object

    0x60000000        -       0x00000000   Zero   RW           13    __QSPI_FLASH_end.bss  anon$$obj.o



  Load Region LOAD_REGION_OSPI0_CS1 (Base: 0x70000000, Size: 0x00000000, Max: 0x10000000, ABSOLUTE)

    Execution Region __ram_from_qspi_flash_jump (Exec base: 0x20000000, Load base: 0x70000000, Size: 0x00000000, Max: 0x00000000, ABSOLUTE)

    Exec Addr    Load Addr    Size         Type   Attr      Idx    E Section Name        Object

    0x20000000        -       0x00000000   Zero   RW           19    __ram_from_qspi_flash_jump.bss  anon$$obj.o


    Execution Region __ram_from_ospi0_cs1 (Exec base: 0x20000000, Load base: 0x70000000, Size: 0x00000000, Max: 0xffffffff, ABSOLUTE)

    **** No section assigned to this execution region ****


    Execution Region __ospi0_cs0_from_qspi_flash_jump (Exec base: 0x68000000, Load base: 0x70000000, Size: 0x00000000, Max: 0x00000000, ABSOLUTE)

    Exec Addr    Load Addr    Size         Type   Attr      Idx    E Section Name        Object

    0x68000000        -       0x00000000   Zero   RW           18    __ospi0_cs0_from_qspi_flash_jump.bss  anon$$obj.o


    Execution Region __ospi0_cs0_from_ospi0_cs1 (Exec base: 0x68000000, Load base: 0x70000000, Size: 0x00000000, Max: 0xffffffff, ABSOLUTE)

    **** No section assigned to this execution region ****


    Execution Region __OSPI0_CS1_start (Exec base: 0x70000000, Load base: 0x70000000, Size: 0x00000000, Max: 0x00000000, ABSOLUTE)

    Exec Addr    Load Addr    Size         Type   Attr      Idx    E Section Name        Object

    0x70000000        -       0x00000000   Zero   RW           14    __OSPI0_CS1_start.bss  anon$$obj.o


    Execution Region __OSPI0_CS1_init (Exec base: 0x70000000, Load base: 0x70000000, Size: 0x00000000, Max: 0x00000000, ABSOLUTE)

    Exec Addr    Load Addr    Size         Type   Attr      Idx    E Section Name        Object

    0x70000000        -       0x00000000   Zero   RW           15    __OSPI0_CS1_init.bss  anon$$obj.o


    Execution Region __ddsc_OSPI0_CS1_START (Exec base: 0x70000000, Load base: 0x70000000, Size: 0x00000000, Max: 0x00000000, ABSOLUTE)

    Exec Addr    Load Addr    Size         Type   Attr      Idx    E Section Name        Object

    0x70000000        -       0x00000000   Zero   RW           16    __ddsc_OSPI0_CS1_START.bss  anon$$obj.o


    Execution Region .ospi0_cs1.startof (Exec base: 0x70000000, Load base: 0x70000000, Size: 0x00000000, Max: 0x00000000, ABSOLUTE)

    Exec Addr    Load Addr    Size         Type   Attr      Idx    E Section Name        Object

    0x70000000        -       0x00000000   Zero   RW           17    .ospi0_cs1.startof.bss  anon$$obj.o



  Load Region LOAD_REGION_OSPI0_CS1_JUMP (Base: 0x70000000, Size: 0x00000000, Max: 0xffffffff, ABSOLUTE)

    Execution Region __ospi0_cs1_readonly (Exec base: 0x70000000, Load base: 0x70000000, Size: 0x00000000, Max: 0xffffffff, ABSOLUTE, FIXED)

    **** No section assigned to this execution region ****


    Execution Region __ospi0_cs1_noinit (Exec base: 0x70000000, Load base: 0x70000000, Size: 0x00000000, Max: 0xffffffff, ABSOLUTE, UNINIT, FIXED)

    **** No section assigned to this execution region ****


    Execution Region __ddsc_OSPI0_CS1_END (Exec base: 0x70000000, Load base: 0x70000000, Size: 0x00000000, Max: 0x00000000, ABSOLUTE)

    Exec Addr    Load Addr    Size         Type   Attr      Idx    E Section Name        Object

    0x70000000        -       0x00000000   Zero   RW           20    __ddsc_OSPI0_CS1_END.bss  anon$$obj.o


    Execution Region .ospi0_cs1.endof (Exec base: 0x70000000, Load base: 0x70000000, Size: 0x00000000, Max: 0x00000000, ABSOLUTE)

    Exec Addr    Load Addr    Size         Type   Attr      Idx    E Section Name        Object

    0x70000000        -       0x00000000   Zero   RW           21    .ospi0_cs1.endof.bss  anon$$obj.o


    Execution Region __OSPI0_CS1_end (Exec base: 0x70000000, Load base: 0x70000000, Size: 0x00000000, Max: 0x00000000, ABSOLUTE)

    Exec Addr    Load Addr    Size         Type   Attr      Idx    E Section Name        Object

    0x70000000        -       0x00000000   Zero   RW           22    __OSPI0_CS1_end.bss  anon$$obj.o



  Load Region LOAD_REGION_DATA_FLASH (Base: 0x08000000, Size: 0x00000000, Max: 0x00002000, ABSOLUTE)

    Execution Region __DATA_FLASH_start (Exec base: 0x08000000, Load base: 0x08000000, Size: 0x00000000, Max: 0x00000000, ABSOLUTE)

    Exec Addr    Load Addr    Size         Type   Attr      Idx    E Section Name        Object

    0x08000000        -       0x00000000   Zero   RW           23    __DATA_FLASH_start.bss  anon$$obj.o


    Execution Region __DATA_FLASH_init (Exec base: 0x08000000, Load base: 0x08000000, Size: 0x00000000, Max: 0x00000000, ABSOLUTE)

    Exec Addr    Load Addr    Size         Type   Attr      Idx    E Section Name        Object

    0x08000000        -       0x00000000   Zero   RW           24    __DATA_FLASH_init.bss  anon$$obj.o


    Execution Region __ddsc_DATA_FLASH_START (Exec base: 0x08000000, Load base: 0x08000000, Size: 0x00000000, Max: 0x00000000, ABSOLUTE)

    Exec Addr    Load Addr    Size         Type   Attr      Idx    E Section Name        Object

    0x08000000        -       0x00000000   Zero   RW           25    __ddsc_DATA_FLASH_START.bss  anon$$obj.o


    Execution Region .data_flash.startof (Exec base: 0x08000000, Load base: 0x08000000, Size: 0x00000000, Max: 0x00000000, ABSOLUTE)

    Exec Addr    Load Addr    Size         Type   Attr      Idx    E Section Name        Object

    0x08000000        -       0x00000000   Zero   RW           26    .data_flash.startof.bss  anon$$obj.o


    Execution Region __ram_from_ospi0_cs1_jump (Exec base: 0x20000000, Load base: 0x08000000, Size: 0x00000000, Max: 0x00000000, ABSOLUTE)

    Exec Addr    Load Addr    Size         Type   Attr      Idx    E Section Name        Object

    0x20000000        -       0x00000000   Zero   RW           28    __ram_from_ospi0_cs1_jump.bss  anon$$obj.o


    Execution Region __ram_from_data_flash (Exec base: 0x20000000, Load base: 0x08000000, Size: 0x00000000, Max: 0xffffffff, ABSOLUTE)

    **** No section assigned to this execution region ****


    Execution Region __ospi0_cs0_from_ospi0_cs1_jump (Exec base: 0x68000000, Load base: 0x08000000, Size: 0x00000000, Max: 0x00000000, ABSOLUTE)

    Exec Addr    Load Addr    Size         Type   Attr      Idx    E Section Name        Object

    0x68000000        -       0x00000000   Zero   RW           27    __ospi0_cs0_from_ospi0_cs1_jump.bss  anon$$obj.o


    Execution Region __ospi0_cs0_from_data_flash (Exec base: 0x68000000, Load base: 0x08000000, Size: 0x00000000, Max: 0xffffffff, ABSOLUTE)

    **** No section assigned to this execution region ****



  Load Region LOAD_REGION_DATA_FLASH_JUMP (Base: 0x08000000, Size: 0x00000000, Max: 0xffffffff, ABSOLUTE)

    Execution Region __data_flash_readonly (Exec base: 0x08000000, Load base: 0x08000000, Size: 0x00000000, Max: 0xffffffff, ABSOLUTE, FIXED)

    **** No section assigned to this execution region ****


    Execution Region __data_flash_noinit (Exec base: 0x08000000, Load base: 0x08000000, Size: 0x00000000, Max: 0xffffffff, ABSOLUTE, UNINIT, FIXED)

    **** No section assigned to this execution region ****


    Execution Region __ddsc_DATA_FLASH_END (Exec base: 0x08000000, Load base: 0x08000000, Size: 0x00000000, Max: 0x00000000, ABSOLUTE)

    Exec Addr    Load Addr    Size         Type   Attr      Idx    E Section Name        Object

    0x08000000        -       0x00000000   Zero   RW           29    __ddsc_DATA_FLASH_END.bss  anon$$obj.o


    Execution Region .data_flash.endof (Exec base: 0x08000000, Load base: 0x08000000, Size: 0x00000000, Max: 0x00000000, ABSOLUTE)

    Exec Addr    Load Addr    Size         Type   Attr      Idx    E Section Name        Object

    0x08000000        -       0x00000000   Zero   RW           30    .data_flash.endof.bss  anon$$obj.o


    Execution Region __DATA_FLASH_end (Exec base: 0x08000000, Load base: 0x08000000, Size: 0x00000000, Max: 0x00000000, ABSOLUTE)

    Exec Addr    Load Addr    Size         Type   Attr      Idx    E Section Name        Object

    0x08000000        -       0x00000000   Zero   RW           31    __DATA_FLASH_end.bss  anon$$obj.o



  Load Region LOAD_REGION_FLASH (Base: 0x00000000, Size: 0x000000ec, Max: 0x00100000, ABSOLUTE)

    Execution Region __FLASH_start (Exec base: 0x00000000, Load base: 0x00000000, Size: 0x00000000, Max: 0x00000000, ABSOLUTE)

    Exec Addr    Load Addr    Size         Type   Attr      Idx    E Section Name        Object

    0x00000000        -       0x00000000   Zero   RW           32    __FLASH_start.bss   anon$$obj.o


    Execution Region __FLASH_init (Exec base: 0x00000000, Load base: 0x00000000, Size: 0x00000000, Max: 0x00000000, ABSOLUTE)

    Exec Addr    Load Addr    Size         Type   Attr      Idx    E Section Name        Object

    0x00000000        -       0x00000000   Zero   RW           33    __FLASH_init.bss    anon$$obj.o


    Execution Region __ddsc_FLASH_START (Exec base: 0x00000000, Load base: 0x00000000, Size: 0x00000000, Max: 0x00000000, ABSOLUTE)

    Exec Addr    Load Addr    Size         Type   Attr      Idx    E Section Name        Object

    0x00000000        -       0x00000000   Zero   RW           34    __ddsc_FLASH_START.bss  anon$$obj.o


    Execution Region .flash.startof (Exec base: 0x00000000, Load base: 0x00000000, Size: 0x00000000, Max: 0x00000000, ABSOLUTE)

    Exec Addr    Load Addr    Size         Type   Attr      Idx    E Section Name        Object

    0x00000000        -       0x00000000   Zero   RW           35    .flash.startof.bss  anon$$obj.o


    Execution Region _VECTORS (Exec base: 0x00000000, Load base: 0x00000000, Size: 0x00000000, Max: 0x00000000, ABSOLUTE)

    Exec Addr    Load Addr    Size         Type   Attr      Idx    E Section Name        Object

    0x00000000        -       0x00000000   Zero   RW           36    _VECTORS.bss        anon$$obj.o


    Execution Region __flash_vectors (Exec base: 0x00000000, Load base: 0x00000000, Size: 0x00000098, Max: 0xffffffff, ABSOLUTE, FIXED)

    Exec Addr    Load Addr    Size         Type   Attr      Idx    E Section Name        Object

    0x00000000   0x00000000   0x00000040   Data   RO          259    .fixed_vectors      startup.o
    0x00000040   0x00000040   0x00000058   Data   RO          626    .application_vectors  vector_data.o


    Execution Region __flash_noinit (Exec base: 0x00000098, Load base: 0x00000098, Size: 0x00000000, Max: 0xffffffff, ABSOLUTE, UNINIT, FIXED)

    **** No section assigned to this execution region ****


    Execution Region __ram_from_data_flash_jump (Exec base: 0x20000000, Load base: 0x00000098, Size: 0x00000000, Max: 0x00000000, ABSOLUTE)

    Exec Addr    Load Addr    Size         Type   Attr      Idx    E Section Name        Object

    0x20000000        -       0x00000000   Zero   RW           42    __ram_from_data_flash_jump.bss  anon$$obj.o


    Execution Region __ram_from_flash (Exec base: 0x20000000, Load base: 0x00000098, Size: 0x00000054, Max: 0xffffffff, ABSOLUTE)

    Exec Addr    Load Addr    Size         Type   Attr      Idx    E Section Name        Object

    0x20000000   0x00000098   0x00000004   Data   RW          209    .data.Dht22         driver_dht22_1.o
    0x20000004   0x0000009c   0x0000000c   Data   RW          230    .data.Uart8         driver_uart_1.o
    0x20000010   0x000000a8   0x0000000c   Data   RW          229    .data.UartFace      driver_uart_1.o
    0x2000001c   0x000000b4   0x0000000c   Data   RW          227    .data.UartHmi       driver_uart_1.o
    0x20000028   0x000000c0   0x0000000c   Data   RW          228    .data.UartPc        driver_uart_1.o
    0x20000034   0x000000cc   0x0000000c   Data   RW          226    .data.UartSensor    driver_uart_1.o
    0x20000040   0x000000d8   0x00000004   Data   RW          599    .data.g_uart2_baud_setting  hal_data.o
    0x20000044   0x000000dc   0x00000004   Data   RW          594    .data.g_uart4_baud_setting  hal_data.o
    0x20000048   0x000000e0   0x00000004   Data   RW          589    .data.g_uart7_baud_setting  hal_data.o
    0x2000004c   0x000000e4   0x00000004   Data   RW          579    .data.g_uart8_baud_setting  hal_data.o
    0x20000050   0x000000e8   0x00000004   Data   RW          584    .data.g_uart9_baud_setting  hal_data.o


    Execution Region __ram_noinit_nocache (Exec base: 0x20000060, Load base: 0x000000ec, Size: 0x00000000, Max: 0xffffffff, ABSOLUTE, UNINIT)

    **** No section assigned to this execution region ****


    Execution Region __ram_zero_nocache (Exec base: 0x20000060, Load base: 0x000000ec, Size: 0x00000000, Max: 0xffffffff, ABSOLUTE)

    **** No section assigned to this execution region ****


    Execution Region __ram_zero_nocache_pad (Exec base: 0x20000060, Load base: 0x000000ec, Size: 0x00000000, Max: 0x00000000, ABSOLUTE)

    Exec Addr    Load Addr    Size         Type   Attr      Idx    E Section Name        Object

    0x20000060        -       0x00000000   Zero   RW           43    __ram_zero_nocache_pad.bss  anon$$obj.o


    Execution Region __ram_noinit (Exec base: 0x20000060, Load base: 0x000000ec, Size: 0x00000000, Max: 0xffffffff, ABSOLUTE, UNINIT)

    **** No section assigned to this execution region ****


    Execution Region ARM_LIB_STACK (Exec base: 0x20000060, Load base: 0x000000ec, Size: 0x00000000, Max: 0x00000000, ABSOLUTE, UNINIT)

    Exec Addr    Load Addr    Size         Type   Attr      Idx    E Section Name        Object

    0x20000060        -       0x00000000   Zero   RW           44    ARM_LIB_STACK.bss   anon$$obj.o


    Execution Region ARM_LIB_HEAP (Exec base: 0x20000060, Load base: 0x000000ec, Size: 0x00000000, Max: 0xffffffff, ABSOLUTE, UNINIT)

    Exec Addr    Load Addr    Size         Type   Attr      Idx    E Section Name        Object

    0x20000060        -       0x00000000   Zero   RW          260    .bss.g_heap         startup.o


    Execution Region __post_heap (Exec base: 0x20000060, Load base: 0x000000ec, Size: 0x0000041c, Max: 0xffffffff, ABSOLUTE, UNINIT)

    Exec Addr    Load Addr    Size         Type   Attr      Idx    E Section Name        Object

    0x20000060        -       0x00000400   Zero   RW          258    .bss.g_main_stack   startup.o
    0x20000460        -       0x0000001c   Zero   RW          305    .bss.ram_noinit     bsp_clocks.o


    Execution Region __ram_zero (Exec base: 0x2000047c, Load base: 0x000000ec, Size: 0x00000678, Max: 0xffffffff, ABSOLUTE)

    Exec Addr    Load Addr    Size         Type   Attr      Idx    E Section Name        Object

    0x2000047c        -       0x00000004   Zero   RW          274    .bss.SystemCoreClock  system.o
    0x20000480        -       0x00000001   Zero   RW          173    .bss.Task_CO2.add_rest_count  hal_entry_1.o
    0x20000481   0x000000ec   0x00000001   PAD
    0x20000482        -       0x00000002   Zero   RW          174    .bss.Task_CO2.add_send_count  hal_entry_1.o
    0x20000484        -       0x00000002   Zero   RW          172    .bss.Task_CO2.low_co2_count  hal_entry_1.o
    0x20000486        -       0x00000010   Zero   RW          170    .bss.Task_CO2.rx_frame  hal_entry_1.o
    0x20000496        -       0x00000001   Zero   RW          171    .bss.Task_CO2.rx_index  hal_entry_1.o
    0x20000497   0x000000ec   0x00000001   PAD
    0x20000498        -       0x00000004   Zero   RW          168    .bss.Task_DHT22.dht22_read_tick  hal_entry_1.o
    0x2000049c        -       0x00000100   Zero   RW          182    .bss.Task_Face.sci9_rx_frame  hal_entry_1.o
    0x2000059c        -       0x00000004   Zero   RW          184    .bss.Task_Face.sci9_rx_idle_tick  hal_entry_1.o
    0x200005a0        -       0x00000002   Zero   RW          183    .bss.Task_Face.sci9_rx_idx  hal_entry_1.o
    0x200005a2        -       0x00000040   Zero   RW          175    .bss.Task_HMI.hmi_rx_frame  hal_entry_1.o
    0x200005e2   0x000000ec   0x00000002   PAD
    0x200005e4        -       0x00000004   Zero   RW          177    .bss.Task_HMI.hmi_rx_idle_tick  hal_entry_1.o
    0x200005e8        -       0x00000002   Zero   RW          176    .bss.Task_HMI.hmi_rx_idx  hal_entry_1.o
    0x200005ea   0x000000ec   0x00000002   PAD
    0x200005ec        -       0x00000004   Zero   RW          189    .bss.Task_Light.light_tick  hal_entry_1.o
    0x200005f0        -       0x00000200   Zero   RW          186    .bss.Task_Uart8.rx_frame  hal_entry_1.o
    0x200007f0        -       0x00000004   Zero   RW          188    .bss.Task_Uart8.rx_idle_tick  hal_entry_1.o
    0x200007f4        -       0x00000002   Zero   RW          187    .bss.Task_Uart8.rx_idx  hal_entry_1.o
    0x200007f6        -       0x00000100   Zero   RW          231    .bss.Uart_Printf.buffer  driver_uart_1.o
    0x200008f6   0x000000ec   0x00000002   PAD
    0x200008f8        -       0x00000008   Zero   RW          167    .bss.g_bh1750       hal_entry_1.o
    0x20000900        -       0x00000040   Zero   RW          347    .bss.g_bsp_group_irq_sources  bsp_group_irq.o
    0x20000940        -       0x00000004   Zero   RW          180    .bss.g_face_delay_tick  hal_entry_1.o
    0x20000944        -       0x00000001   Zero   RW          179    .bss.g_face_state   hal_entry_1.o
    0x20000945   0x000000ec   0x00000003   PAD
    0x20000948        -       0x00000048   Zero   RW          577    .bss.g_i2c5_ctrl    hal_data.o
    0x20000990        -       0x00000001   Zero   RW          166    .bss.g_i2c_aborted  hal_entry_1.o
    0x20000991        -       0x00000001   Zero   RW          165    .bss.g_i2c_completed  hal_entry_1.o
    0x20000992   0x000000ec   0x00000002   PAD
    0x20000994        -       0x00000008   Zero   RW          565    .bss.g_ioport_ctrl  common_data.o
    0x2000099c        -       0x0000000a   Zero   RW          381    .bss.g_protect_counters  bsp_register_protection.o
    0x200009a6   0x000000ec   0x00000002   PAD
    0x200009a8        -       0x00000004   Zero   RW          357    .bss.g_protect_pfswe_counter  bsp_io.o
    0x200009ac        -       0x00000030   Zero   RW          602    .bss.g_uart2_ctrl   hal_data.o
    0x200009dc        -       0x00000030   Zero   RW          597    .bss.g_uart4_ctrl   hal_data.o
    0x20000a0c        -       0x00000030   Zero   RW          592    .bss.g_uart7_ctrl   hal_data.o
    0x20000a3c        -       0x00000030   Zero   RW          582    .bss.g_uart8_ctrl   hal_data.o
    0x20000a6c        -       0x00000030   Zero   RW          587    .bss.g_uart9_ctrl   hal_data.o
    0x20000a9c        -       0x00000058   Zero   RW          367    .bss.gp_renesas_isr_context  bsp_irq.o


    Execution Region __ram_thread_stack (Exec base: 0x20000af8, Load base: 0x000000ec, Size: 0x00000000, Max: 0xffffffff, ABSOLUTE, UNINIT)

    **** No section assigned to this execution region ****


    Execution Region __ddsc_RAM_END (Exec base: 0x20000c00, Load base: 0x000000ec, Size: 0x00000000, Max: 0x00000000, ABSOLUTE)

    Exec Addr    Load Addr    Size         Type   Attr      Idx    E Section Name        Object

    0x20000c00        -       0x00000000   Zero   RW           45    __ddsc_RAM_END.bss  anon$$obj.o


    Execution Region .ram.endof (Exec base: 0x20000c00, Load base: 0x000000ec, Size: 0x00000000, Max: 0x00000000, ABSOLUTE)

    Exec Addr    Load Addr    Size         Type   Attr      Idx    E Section Name        Object

    0x20000c00        -       0x00000000   Zero   RW           46    .ram.endof.bss      anon$$obj.o


    Execution Region __ddsc_RAM_NSC (Exec base: 0x20000c00, Load base: 0x000000ec, Size: 0x00000000, Max: 0x00000000, ABSOLUTE)

    Exec Addr    Load Addr    Size         Type   Attr      Idx    E Section Name        Object

    0x20000c00        -       0x00000000   Zero   RW           47    __ddsc_RAM_NSC.bss  anon$$obj.o


    Execution Region .ram.flat_nsc (Exec base: 0x20000c00, Load base: 0x000000ec, Size: 0x00000000, Max: 0x00000000, ABSOLUTE)

    Exec Addr    Load Addr    Size         Type   Attr      Idx    E Section Name        Object

    0x20000c00        -       0x00000000   Zero   RW           48    .ram.flat_nsc.bss   anon$$obj.o


    Execution Region __RAM_end (Exec base: 0x20000c00, Load base: 0x000000ec, Size: 0x00000000, Max: 0x00000000, ABSOLUTE)

    Exec Addr    Load Addr    Size         Type   Attr      Idx    E Section Name        Object

    0x20000c00        -       0x00000000   Zero   RW           49    __RAM_end.bss       anon$$obj.o


    Execution Region __ospi0_cs0_from_data_flash_jump (Exec base: 0x68000000, Load base: 0x00000098, Size: 0x00000000, Max: 0x00000000, ABSOLUTE)

    Exec Addr    Load Addr    Size         Type   Attr      Idx    E Section Name        Object

    0x68000000        -       0x00000000   Zero   RW           37    __ospi0_cs0_from_data_flash_jump.bss  anon$$obj.o


    Execution Region __ospi0_cs0_from_flash (Exec base: 0x68000000, Load base: 0x00000098, Size: 0x00000000, Max: 0xffffffff, ABSOLUTE)

    **** No section assigned to this execution region ****


    Execution Region __ospi0_cs0_noinit_nocache (Exec base: 0x68000000, Load base: 0x00000098, Size: 0x00000000, Max: 0xffffffff, ABSOLUTE, UNINIT)

    **** No section assigned to this execution region ****


    Execution Region __ospi0_cs0_zero_nocache (Exec base: 0x68000000, Load base: 0x00000098, Size: 0x00000000, Max: 0xffffffff, ABSOLUTE)

    **** No section assigned to this execution region ****


    Execution Region __ospi0_cs0_zero_nocache_pad (Exec base: 0x68000000, Load base: 0x00000098, Size: 0x00000000, Max: 0x00000000, ABSOLUTE)

    Exec Addr    Load Addr    Size         Type   Attr      Idx    E Section Name        Object

    0x68000000        -       0x00000000   Zero   RW           38    __ospi0_cs0_zero_nocache_pad.bss  anon$$obj.o


    Execution Region __ospi0_cs0_noinit (Exec base: 0x68000000, Load base: 0x00000098, Size: 0x00000000, Max: 0xffffffff, ABSOLUTE, UNINIT)

    **** No section assigned to this execution region ****


    Execution Region __ospi0_cs0_zero (Exec base: 0x68000000, Load base: 0x00000098, Size: 0x00000000, Max: 0xffffffff, ABSOLUTE)

    **** No section assigned to this execution region ****


    Execution Region __ddsc_OSPI0_CS0_END (Exec base: 0x68000000, Load base: 0x00000098, Size: 0x00000000, Max: 0x00000000, ABSOLUTE)

    Exec Addr    Load Addr    Size         Type   Attr      Idx    E Section Name        Object

    0x68000000        -       0x00000000   Zero   RW           39    __ddsc_OSPI0_CS0_END.bss  anon$$obj.o


    Execution Region .ospi0_cs0.endof (Exec base: 0x68000000, Load base: 0x00000098, Size: 0x00000000, Max: 0x00000000, ABSOLUTE)

    Exec Addr    Load Addr    Size         Type   Attr      Idx    E Section Name        Object

    0x68000000        -       0x00000000   Zero   RW           40    .ospi0_cs0.endof.bss  anon$$obj.o


    Execution Region __OSPI0_CS0_end (Exec base: 0x68000000, Load base: 0x00000098, Size: 0x00000000, Max: 0x00000000, ABSOLUTE)

    Exec Addr    Load Addr    Size         Type   Attr      Idx    E Section Name        Object

    0x68000000        -       0x00000000   Zero   RW           41    __OSPI0_CS0_end.bss  anon$$obj.o



  Load Region LOAD_REGION_FLASH_JUMP (Base: 0x000000ec, Size: 0x000035a0, Max: 0xffffffff, ABSOLUTE)

    Execution Region __flash_readonly (Exec base: 0x000000ec, Load base: 0x000000ec, Size: 0x000035a0, Max: 0xffffffff, ABSOLUTE, FIXED)

    Exec Addr    Load Addr    Size         Type   Attr      Idx    E Section Name        Object

    0x000000ec   0x000000ec   0x00000024   Code   RO          636    .text               mc_w.l(memcpya.o)
    0x00000110   0x00000110   0x00000024   Code   RO          638    .text               mc_w.l(memseta.o)
    0x00000134   0x00000134   0x0000001a   Code   RO          640    .text               mc_w.l(memcmp.o)
    0x0000014e   0x0000014e   0x00000026   Code   RO          905    .text               mf_w.l(f2d.o)
    0x00000174   0x00000174   0x0000002c   Code   RO          921    .text               mc_w.l(uidiv.o)
    0x000001a0   0x000001a0   0x00000062   Code   RO          923    .text               mc_w.l(uldiv.o)
    0x00000202   0x00000202   0x00000000   Code   RO          925    .text               mc_w.l(iusefp.o)
    0x00000202   0x00000202   0x0000014e   Code   RO          926    .text               mf_w.l(dadd.o)
    0x00000350   0x00000350   0x000000e4   Code   RO          928    .text               mf_w.l(dmul.o)
    0x00000434   0x00000434   0x000000de   Code   RO          930    .text               mf_w.l(ddiv.o)
    0x00000512   0x00000512   0x00000030   Code   RO          932    .text               mf_w.l(dfixul.o)
    0x00000542   0x00000542   0x00000002   PAD
    0x00000544   0x00000544   0x00000030   Code   RO          934    .text               mf_w.l(cdrcmple.o)
    0x00000574   0x00000574   0x0000001e   Code   RO          937    .text               mc_w.l(llshl.o)
    0x00000592   0x00000592   0x00000020   Code   RO          939    .text               mc_w.l(llushr.o)
    0x000005b2   0x000005b2   0x00000024   Code   RO          941    .text               mc_w.l(llsshr.o)
    0x000005d6   0x000005d6   0x000000ba   Code   RO          944    .text               mf_w.l(depilogue.o)
    0x00000690   0x00000690   0x00000046   Code   RO          240    .text.Bh1750_Init   driver_bh1750_1.o
    0x000006d6   0x000006d6   0x00000002   PAD
    0x000006d8   0x000006d8   0x000000b4   Code   RO          244    .text.Bh1750_ReadLux  driver_bh1750_1.o
    0x0000078c   0x0000078c   0x00000004   Code   RO          256    .text.Default_Handler  startup.o
    0x00000790   0x00000790   0x000001ac   Code   RO          207    .text.Dht22_Read    driver_dht22_1.o
    0x0000093c   0x0000093c   0x00000038   Code   RO          163    .text.Hmi_SendCmd   hal_entry_1.o
    0x00000974   0x00000974   0x00000044   Code   RO          345    .text.NMI_Handler   bsp_group_irq.o
    0x000009b8   0x000009b8   0x0000007a   Code   RO          303    .text.R_BSP_Init_RTC  bsp_clocks.o
    0x00000a32   0x00000a32   0x0000004e   Code   RO          379    .text.R_BSP_RegisterProtectDisable  bsp_register_protection.o
    0x00000a80   0x00000a80   0x00000052   Code   RO          377    .text.R_BSP_RegisterProtectEnable  bsp_register_protection.o
    0x00000ad2   0x00000ad2   0x00000084   Code   RO          331    .text.R_BSP_SoftwareDelay  bsp_delay.o
    0x00000b56   0x00000b56   0x00000002   Code   RO          297    .text.R_BSP_SubClockStabilizeWaitAfterReset  bsp_clocks.o
    0x00000b58   0x00000b58   0x0000001a   Code   RO          198    .text.R_BSP_WarmStart  hal_warmstart_1.o
    0x00000b72   0x00000b72   0x00000016   Code   RO          446    .text.R_IOPORT_Open  r_ioport.o
    0x00000b88   0x00000b88   0x000000b2   Code   RO          452    .text.R_IOPORT_PinCfg  r_ioport.o
    0x00000c3a   0x00000c3a   0x00000022   Code   RO          458    .text.R_IOPORT_PinRead  r_ioport.o
    0x00000c5c   0x00000c5c   0x00000028   Code   RO          460    .text.R_IOPORT_PinWrite  r_ioport.o
    0x00000c84   0x00000c84   0x00000028   Code   RO          491    .text.R_SCI_I2C_Abort  r_sci_i2c.o
    0x00000cac   0x00000cac   0x0000000e   Code   RO          495    .text.R_SCI_I2C_CallbackSet  r_sci_i2c.o
    0x00000cba   0x00000cba   0x00000056   Code   RO          499    .text.R_SCI_I2C_Close  r_sci_i2c.o
    0x00000d10   0x00000d10   0x0000015a   Code   RO          485    .text.R_SCI_I2C_Open  r_sci_i2c.o
    0x00000e6a   0x00000e6a   0x00000010   Code   RO          487    .text.R_SCI_I2C_Read  r_sci_i2c.o
    0x00000e7a   0x00000e7a   0x0000000a   Code   RO          493    .text.R_SCI_I2C_SlaveAddressSet  r_sci_i2c.o
    0x00000e84   0x00000e84   0x00000018   Code   RO          497    .text.R_SCI_I2C_StatusGet  r_sci_i2c.o
    0x00000e9c   0x00000e9c   0x00000010   Code   RO          489    .text.R_SCI_I2C_Write  r_sci_i2c.o
    0x00000eac   0x00000eac   0x0000033c   Code   RO          518    .text.R_SCI_UART_Open  r_sci_uart.o
    0x000011e8   0x000011e8   0x0000000a   Code   RO          520    .text.R_SCI_UART_Read  r_sci_uart.o
    0x000011f2   0x000011f2   0x0000004c   Code   RO          522    .text.R_SCI_UART_Write  r_sci_uart.o
    0x0000123e   0x0000123e   0x00000002   PAD
    0x00001240   0x00001240   0x0000000a   Code   RO          254  * .text.Reset_Handler  startup.o
    0x0000124a   0x0000124a   0x0000002c   Code   RO          287    .text.SystemCoreClockUpdate  bsp_clocks.o
    0x00001276   0x00001276   0x00000002   PAD
    0x00001278   0x00001278   0x000000a2   Code   RO          268    .text.SystemInit    system.o
    0x0000131a   0x0000131a   0x00000002   PAD
    0x0000131c   0x0000131c   0x0000005a   Code   RO          272    .text.SystemRuntimeInit  system.o
    0x00001376   0x00001376   0x00000008   Code   RO          218    .text.Uart_Init     driver_uart_1.o
    0x0000137e   0x0000137e   0x00000002   PAD
    0x00001380   0x00001380   0x00000050   Code   RO          224    .text.Uart_Printf   driver_uart_1.o
    0x000013d0   0x000013d0   0x00000020   Code   RO          222    .text.Uart_Send     driver_uart_1.o
    0x000013f0   0x000013f0   0x0000000c   Code   RO          220    .text.Uart_StartRx  driver_uart_1.o
    0x000013fc   0x000013fc   0x00000070   Code   RO          242    .text.bh1750_write_cmd  driver_bh1750_1.o
    0x0000146c   0x0000146c   0x0000013c   Code   RO          293    .text.bsp_clock_init  bsp_clocks.o
    0x000015a8   0x000015a8   0x00000002   Code   RO          314    .text.bsp_init_internal  bsp_common.o
    0x000015aa   0x000015aa   0x00000002   PAD
    0x000015ac   0x000015ac   0x0000008a   Code   RO          364    .text.bsp_irq_cfg   bsp_irq.o
    0x00001636   0x00001636   0x00000008   Code   RO          333    .text.bsp_prv_software_delay_loop  bsp_delay.o
    0x0000163e   0x0000163e   0x00000002   PAD
    0x00001640   0x00001640   0x000000d8   Code   RO          474    .text.bsp_vbatt_init  r_ioport.o
    0x00001718   0x00001718   0x000007f4   Code   RO          161    .text.hal_entry     hal_entry_1.o
    0x00001f0c   0x00001f0c   0x0000000a   Code   RO          610    .text.main          main.o
    0x00001f16   0x00001f16   0x00000002   PAD
    0x00001f18   0x00001f18   0x000000c0   Code   RO          472    .text.r_ioport_pins_config  r_ioport.o
    0x00001fd8   0x00001fd8   0x00000040   Code   RO          544    .text.r_sci_uart_call_callback  r_sci_uart.o
    0x00002018   0x00002018   0x00000032   Code   RO          149    .text.sci_i2c_master_callback  hal_entry_1.o
    0x0000204a   0x0000204a   0x00000098   Code   RO          501    .text.sci_i2c_read_write  r_sci_i2c.o
    0x000020e2   0x000020e2   0x0000011c   Code   RO          507    .text.sci_i2c_tei_isr  r_sci_i2c.o
    0x000021fe   0x000021fe   0x00000128   Code   RO          505    .text.sci_i2c_txi_isr  r_sci_i2c.o
    0x00002326   0x00002326   0x0000006a   Code   RO          550    .text.sci_uart_eri_isr  r_sci_uart.o
    0x00002390   0x00002390   0x00000088   Code   RO          546    .text.sci_uart_rxi_isr  r_sci_uart.o
    0x00002418   0x00002418   0x0000004a   Code   RO          548    .text.sci_uart_tei_isr  r_sci_uart.o
    0x00002462   0x00002462   0x00000088   Code   RO          542    .text.sci_uart_txi_isr  r_sci_uart.o
    0x000024ea   0x000024ea   0x00000016   Code   RO          151    .text.uart2_callback  hal_entry_1.o
    0x00002500   0x00002500   0x00000028   Code   RO          153    .text.uart4_callback  hal_entry_1.o
    0x00002528   0x00002528   0x00000016   Code   RO          155    .text.uart7_callback  hal_entry_1.o
    0x0000253e   0x0000253e   0x00000028   Code   RO          159    .text.uart8_callback  hal_entry_1.o
    0x00002566   0x00002566   0x00000028   Code   RO          157    .text.uart9_callback  hal_entry_1.o
    0x0000258e   0x0000258e   0x00000002   PAD
    0x00002590   0x00002590   0x00000034   Code   RO          878    i.__0snprintf       mc_w.l(printfa.o)
    0x000025c4   0x000025c4   0x00000034   Code   RO          882    i.__0vsnprintf      mc_w.l(printfa.o)
    0x000025f8   0x000025f8   0x00000184   Code   RO          884    i._fp_digits        mc_w.l(printfa.o)
    0x0000277c   0x0000277c   0x000006dc   Code   RO          885    i._printf_core      mc_w.l(printfa.o)
    0x00002e58   0x00002e58   0x00000024   Code   RO          886    i._printf_post_padding  mc_w.l(printfa.o)
    0x00002e7c   0x00002e7c   0x0000002e   Code   RO          887    i._printf_pre_padding  mc_w.l(printfa.o)
    0x00002eaa   0x00002eaa   0x00000016   Code   RO          888    i._snputc           mc_w.l(printfa.o)
    0x00002ec0   0x00002ec0   0x00000008   Data   RO          185    .rodata.Task_Face.reco_cmd  hal_entry_1.o
    0x00002ec8   0x00002ec8   0x00000006   Data   RO          181    .rodata.Task_HMI.enroll_cmd  hal_entry_1.o
    0x00002ece   0x00002ece   0x00000006   Data   RO          178    .rodata.Task_HMI.reset_cmd  hal_entry_1.o
    0x00002ed4   0x00002ed4   0x00000080   Data   RO          438    .rodata.copy_list   bsp_linker.o
    0x00002f54   0x00002f54   0x0000000c   Data   RO          620    .rodata.g_bsp_pin_cfg  pin_data.o
    0x00002f60   0x00002f60   0x00000078   Data   RO          619    .rodata.g_bsp_pin_cfg_data  pin_data.o
    0x00002fd8   0x00002fd8   0x0000000c   Data   RO          578    .rodata.g_i2c5      hal_data.o
    0x00002fe4   0x00002fe4   0x00000038   Data   RO          576    .rodata.g_i2c5_cfg  hal_data.o
    0x0000301c   0x0000301c   0x00000006   Data   RO          575    .rodata.g_i2c5_cfg_extend  hal_data.o
    0x00003022   0x00003022   0x00000002   PAD
    0x00003024   0x00003024   0x00000020   Data   RO          509    .rodata.g_i2c_master_on_sci  r_sci_i2c.o
    0x00003044   0x00003044   0x00000018   Data   RO          440    .rodata.g_init_info  bsp_linker.o
    0x0000305c   0x0000305c   0x00000058   Data   RO          627    .rodata.g_interrupt_event_link_select  vector_data.o
    0x000030b4   0x000030b4   0x0000000a   Data   RO          382    .rodata.g_prcr_masks  bsp_register_protection.o
    0x000030be   0x000030be   0x00000002   PAD
    0x000030c0   0x000030c0   0x00000044   Data   RO          601    .rodata.g_uart2_cfg  hal_data.o
    0x00003104   0x00003104   0x0000002c   Data   RO          600    .rodata.g_uart2_cfg_extend  hal_data.o
    0x00003130   0x00003130   0x00000044   Data   RO          596    .rodata.g_uart4_cfg  hal_data.o
    0x00003174   0x00003174   0x0000002c   Data   RO          595    .rodata.g_uart4_cfg_extend  hal_data.o
    0x000031a0   0x000031a0   0x00000044   Data   RO          591    .rodata.g_uart7_cfg  hal_data.o
    0x000031e4   0x000031e4   0x0000002c   Data   RO          590    .rodata.g_uart7_cfg_extend  hal_data.o
    0x00003210   0x00003210   0x00000044   Data   RO          581    .rodata.g_uart8_cfg  hal_data.o
    0x00003254   0x00003254   0x0000002c   Data   RO          580    .rodata.g_uart8_cfg_extend  hal_data.o
    0x00003280   0x00003280   0x00000044   Data   RO          586    .rodata.g_uart9_cfg  hal_data.o
    0x000032c4   0x000032c4   0x0000002c   Data   RO          585    .rodata.g_uart9_cfg_extend  hal_data.o
    0x000032f0   0x000032f0   0x00000004   Data   RO          404    .rodata.gp_ddsc_DATA_FLASH_END  bsp_linker.o
    0x000032f4   0x000032f4   0x00000004   Data   RO          403    .rodata.gp_ddsc_DATA_FLASH_START  bsp_linker.o
    0x000032f8   0x000032f8   0x00000004   Data   RO          406    .rodata.gp_ddsc_FLASH_END  bsp_linker.o
    0x000032fc   0x000032fc   0x00000004   Data   RO          407    .rodata.gp_ddsc_FLASH_NSC  bsp_linker.o
    0x00003300   0x00003300   0x00000004   Data   RO          405    .rodata.gp_ddsc_FLASH_START  bsp_linker.o
    0x00003304   0x00003304   0x00000004   Data   RO          418    .rodata.gp_ddsc_OPTION_SETTING_BANKSEL_END  bsp_linker.o
    0x00003308   0x00003308   0x00000004   Data   RO          426    .rodata.gp_ddsc_OPTION_SETTING_BANKSEL_SEC_END  bsp_linker.o
    0x0000330c   0x0000330c   0x00000004   Data   RO          425    .rodata.gp_ddsc_OPTION_SETTING_BANKSEL_SEC_START  bsp_linker.o
    0x00003310   0x00003310   0x00000004   Data   RO          434    .rodata.gp_ddsc_OPTION_SETTING_BANKSEL_SEL_END  bsp_linker.o
    0x00003314   0x00003314   0x00000004   Data   RO          433    .rodata.gp_ddsc_OPTION_SETTING_BANKSEL_SEL_START  bsp_linker.o
    0x00003318   0x00003318   0x00000004   Data   RO          417    .rodata.gp_ddsc_OPTION_SETTING_BANKSEL_START  bsp_linker.o
    0x0000331c   0x0000331c   0x00000004   Data   RO          420    .rodata.gp_ddsc_OPTION_SETTING_BPS_END  bsp_linker.o
    0x00003320   0x00003320   0x00000004   Data   RO          428    .rodata.gp_ddsc_OPTION_SETTING_BPS_SEC_END  bsp_linker.o
    0x00003324   0x00003324   0x00000004   Data   RO          427    .rodata.gp_ddsc_OPTION_SETTING_BPS_SEC_START  bsp_linker.o
    0x00003328   0x00003328   0x00000004   Data   RO          436    .rodata.gp_ddsc_OPTION_SETTING_BPS_SEL_END  bsp_linker.o
    0x0000332c   0x0000332c   0x00000004   Data   RO          435    .rodata.gp_ddsc_OPTION_SETTING_BPS_SEL_START  bsp_linker.o
    0x00003330   0x00003330   0x00000004   Data   RO          419    .rodata.gp_ddsc_OPTION_SETTING_BPS_START  bsp_linker.o
    0x00003334   0x00003334   0x00000004   Data   RO          414    .rodata.gp_ddsc_OPTION_SETTING_DUALSEL_END  bsp_linker.o
    0x00003338   0x00003338   0x00000004   Data   RO          413    .rodata.gp_ddsc_OPTION_SETTING_DUALSEL_START  bsp_linker.o
    0x0000333c   0x0000333c   0x00000004   Data   RO          412    .rodata.gp_ddsc_OPTION_SETTING_OFS0_END  bsp_linker.o
    0x00003340   0x00003340   0x00000004   Data   RO          411    .rodata.gp_ddsc_OPTION_SETTING_OFS0_START  bsp_linker.o
    0x00003344   0x00003344   0x00000004   Data   RO          416    .rodata.gp_ddsc_OPTION_SETTING_OFS1_END  bsp_linker.o
    0x00003348   0x00003348   0x00000004   Data   RO          424    .rodata.gp_ddsc_OPTION_SETTING_OFS1_SEC_END  bsp_linker.o
    0x0000334c   0x0000334c   0x00000004   Data   RO          423    .rodata.gp_ddsc_OPTION_SETTING_OFS1_SEC_START  bsp_linker.o
    0x00003350   0x00003350   0x00000004   Data   RO          432    .rodata.gp_ddsc_OPTION_SETTING_OFS1_SEL_END  bsp_linker.o
    0x00003354   0x00003354   0x00000004   Data   RO          431    .rodata.gp_ddsc_OPTION_SETTING_OFS1_SEL_START  bsp_linker.o
    0x00003358   0x00003358   0x00000004   Data   RO          415    .rodata.gp_ddsc_OPTION_SETTING_OFS1_START  bsp_linker.o
    0x0000335c   0x0000335c   0x00000004   Data   RO          422    .rodata.gp_ddsc_OPTION_SETTING_PBPS_END  bsp_linker.o
    0x00003360   0x00003360   0x00000004   Data   RO          430    .rodata.gp_ddsc_OPTION_SETTING_PBPS_SEC_END  bsp_linker.o
    0x00003364   0x00003364   0x00000004   Data   RO          429    .rodata.gp_ddsc_OPTION_SETTING_PBPS_SEC_START  bsp_linker.o
    0x00003368   0x00003368   0x00000004   Data   RO          421    .rodata.gp_ddsc_OPTION_SETTING_PBPS_START  bsp_linker.o
    0x0000336c   0x0000336c   0x00000004   Data   RO          402    .rodata.gp_ddsc_OSPI0_CS0_END  bsp_linker.o
    0x00003370   0x00003370   0x00000004   Data   RO          401    .rodata.gp_ddsc_OSPI0_CS0_START  bsp_linker.o
    0x00003374   0x00003374   0x00000004   Data   RO          400    .rodata.gp_ddsc_OSPI0_CS1_END  bsp_linker.o
    0x00003378   0x00003378   0x00000004   Data   RO          399    .rodata.gp_ddsc_OSPI0_CS1_START  bsp_linker.o
    0x0000337c   0x0000337c   0x00000004   Data   RO          398    .rodata.gp_ddsc_QSPI_FLASH_END  bsp_linker.o
    0x00003380   0x00003380   0x00000004   Data   RO          397    .rodata.gp_ddsc_QSPI_FLASH_START  bsp_linker.o
    0x00003384   0x00003384   0x00000004   Data   RO          409    .rodata.gp_ddsc_RAM_END  bsp_linker.o
    0x00003388   0x00003388   0x00000004   Data   RO          410    .rodata.gp_ddsc_RAM_NSC  bsp_linker.o
    0x0000338c   0x0000338c   0x00000004   Data   RO          408    .rodata.gp_ddsc_RAM_START  bsp_linker.o
    0x00003390   0x00003390   0x00000010   Data   RO          439    .rodata.nocache_list  bsp_linker.o
    0x000033a0   0x000033a0   0x0000026a   Data   RO          169    .rodata.str1.1      hal_entry_1.o
    0x0000360a   0x0000360a   0x00000002   PAD
    0x0000360c   0x0000360c   0x00000030   Data   RO          437    .rodata.zero_list   bsp_linker.o
    0x0000363c   0x0000363c   0x00000004   Data   RO          320    .version            bsp_common.o
    0x00003640   0x00003640   0x00000006   Data   RO          321    .version            bsp_common.o
    0x00003646   0x00003646   0x00000044   Data   RO          322    .version            bsp_common.o


    Execution Region __init_array_start (Exec base: 0x0000368c, Load base: 0x0000368c, Size: 0x00000000, Max: 0x00000000, ABSOLUTE)

    Exec Addr    Load Addr    Size         Type   Attr      Idx    E Section Name        Object

    0x0000368c        -       0x00000000   Zero   RW           50    __init_array_start.bss  anon$$obj.o


    Execution Region __flash_init_array (Exec base: 0x0000368c, Load base: 0x0000368c, Size: 0x00000000, Max: 0xffffffff, ABSOLUTE, FIXED)

    **** No section assigned to this execution region ****


    Execution Region __init_array_end (Exec base: 0x0000368c, Load base: 0x0000368c, Size: 0x00000000, Max: 0x00000000, ABSOLUTE)

    Exec Addr    Load Addr    Size         Type   Attr      Idx    E Section Name        Object

    0x0000368c        -       0x00000000   Zero   RW           51    __init_array_end.bss  anon$$obj.o


    Execution Region __ddsc_FLASH_END (Exec base: 0x00003800, Load base: 0x0000368c, Size: 0x00000000, Max: 0x00000000, ABSOLUTE)

    Exec Addr    Load Addr    Size         Type   Attr      Idx    E Section Name        Object

    0x00003800        -       0x00000000   Zero   RW           52    __ddsc_FLASH_END.bss  anon$$obj.o


    Execution Region .flash.endof (Exec base: 0x00003800, Load base: 0x0000368c, Size: 0x00000000, Max: 0x00000000, ABSOLUTE)

    Exec Addr    Load Addr    Size         Type   Attr      Idx    E Section Name        Object

    0x00003800        -       0x00000000   Zero   RW           53    .flash.endof.bss    anon$$obj.o


    Execution Region __ddsc_FLASH_NSC (Exec base: 0x00003800, Load base: 0x0000368c, Size: 0x00000000, Max: 0x00000000, ABSOLUTE)

    Exec Addr    Load Addr    Size         Type   Attr      Idx    E Section Name        Object

    0x00003800        -       0x00000000   Zero   RW           54    __ddsc_FLASH_NSC.bss  anon$$obj.o


    Execution Region .flash.flat_nsc (Exec base: 0x00003800, Load base: 0x0000368c, Size: 0x00000000, Max: 0x00000000, ABSOLUTE)

    Exec Addr    Load Addr    Size         Type   Attr      Idx    E Section Name        Object

    0x00003800        -       0x00000000   Zero   RW           55    .flash.flat_nsc.bss  anon$$obj.o


    Execution Region __FLASH_end (Exec base: 0x00003800, Load base: 0x0000368c, Size: 0x00000000, Max: 0x00000000, ABSOLUTE)

    Exec Addr    Load Addr    Size         Type   Attr      Idx    E Section Name        Object

    0x00003800        -       0x00000000   Zero   RW           56    __FLASH_end.bss     anon$$obj.o



  Load Region LOAD_REGION_OPTION_SETTING_OFS0 (Base: 0x0100a100, Size: 0x00000004, Max: 0x00000004, ABSOLUTE)

    Execution Region __OPTION_SETTING_OFS0_start (Exec base: 0x0100a100, Load base: 0x0100a100, Size: 0x00000000, Max: 0x00000000, ABSOLUTE)

    Exec Addr    Load Addr    Size         Type   Attr      Idx    E Section Name        Object

    0x0100a100        -       0x00000000   Zero   RW           57    __OPTION_SETTING_OFS0_start.bss  anon$$obj.o


    Execution Region __OPTION_SETTING_OFS0_init (Exec base: 0x0100a100, Load base: 0x0100a100, Size: 0x00000000, Max: 0x00000000, ABSOLUTE)

    Exec Addr    Load Addr    Size         Type   Attr      Idx    E Section Name        Object

    0x0100a100        -       0x00000000   Zero   RW           58    __OPTION_SETTING_OFS0_init.bss  anon$$obj.o


    Execution Region __ddsc_OPTION_SETTING_OFS0_START (Exec base: 0x0100a100, Load base: 0x0100a100, Size: 0x00000000, Max: 0x00000000, ABSOLUTE)

    Exec Addr    Load Addr    Size         Type   Attr      Idx    E Section Name        Object

    0x0100a100        -       0x00000000   Zero   RW           59    __ddsc_OPTION_SETTING_OFS0_START.bss  anon$$obj.o


    Execution Region .option_setting_ofs0.startof (Exec base: 0x0100a100, Load base: 0x0100a100, Size: 0x00000000, Max: 0x00000000, ABSOLUTE)

    Exec Addr    Load Addr    Size         Type   Attr      Idx    E Section Name        Object

    0x0100a100        -       0x00000000   Zero   RW           60    .option_setting_ofs0.startof.bss  anon$$obj.o


    Execution Region __option_setting_ofs0_reg (Exec base: 0x0100a100, Load base: 0x0100a100, Size: 0x00000004, Max: 0xffffffff, ABSOLUTE, FIXED)

    Exec Addr    Load Addr    Size         Type   Attr      Idx    E Section Name        Object

    0x0100a100   0x0100a100   0x00000004   Data   RO          394    .option_setting_ofs0  bsp_linker.o


    Execution Region __ddsc_OPTION_SETTING_OFS0_END (Exec base: 0x0100a104, Load base: 0x0100a104, Size: 0x00000000, Max: 0x00000000, ABSOLUTE)

    Exec Addr    Load Addr    Size         Type   Attr      Idx    E Section Name        Object

    0x0100a104        -       0x00000000   Zero   RW           61    __ddsc_OPTION_SETTING_OFS0_END.bss  anon$$obj.o


    Execution Region .option_setting_ofs0.endof (Exec base: 0x0100a104, Load base: 0x0100a104, Size: 0x00000000, Max: 0x00000000, ABSOLUTE)

    Exec Addr    Load Addr    Size         Type   Attr      Idx    E Section Name        Object

    0x0100a104        -       0x00000000   Zero   RW           62    .option_setting_ofs0.endof.bss  anon$$obj.o


    Execution Region __OPTION_SETTING_OFS0_end (Exec base: 0x0100a104, Load base: 0x0100a104, Size: 0x00000000, Max: 0x00000000, ABSOLUTE)

    Exec Addr    Load Addr    Size         Type   Attr      Idx    E Section Name        Object

    0x0100a104        -       0x00000000   Zero   RW           63    __OPTION_SETTING_OFS0_end.bss  anon$$obj.o



  Load Region LOAD_REGION_OPTION_SETTING_DUALSEL (Base: 0x0100a110, Size: 0x00000000, Max: 0x00000004, ABSOLUTE)

    Execution Region __OPTION_SETTING_DUALSEL_start (Exec base: 0x0100a110, Load base: 0x0100a110, Size: 0x00000000, Max: 0x00000000, ABSOLUTE)

    Exec Addr    Load Addr    Size         Type   Attr      Idx    E Section Name        Object

    0x0100a110        -       0x00000000   Zero   RW           64    __OPTION_SETTING_DUALSEL_start.bss  anon$$obj.o


    Execution Region __OPTION_SETTING_DUALSEL_init (Exec base: 0x0100a110, Load base: 0x0100a110, Size: 0x00000000, Max: 0x00000000, ABSOLUTE)

    Exec Addr    Load Addr    Size         Type   Attr      Idx    E Section Name        Object

    0x0100a110        -       0x00000000   Zero   RW           65    __OPTION_SETTING_DUALSEL_init.bss  anon$$obj.o


    Execution Region __ddsc_OPTION_SETTING_DUALSEL_START (Exec base: 0x0100a110, Load base: 0x0100a110, Size: 0x00000000, Max: 0x00000000, ABSOLUTE)

    Exec Addr    Load Addr    Size         Type   Attr      Idx    E Section Name        Object

    0x0100a110        -       0x00000000   Zero   RW           66    __ddsc_OPTION_SETTING_DUALSEL_START.bss  anon$$obj.o


    Execution Region .option_setting_dualsel.startof (Exec base: 0x0100a110, Load base: 0x0100a110, Size: 0x00000000, Max: 0x00000000, ABSOLUTE)

    Exec Addr    Load Addr    Size         Type   Attr      Idx    E Section Name        Object

    0x0100a110        -       0x00000000   Zero   RW           67    .option_setting_dualsel.startof.bss  anon$$obj.o


    Execution Region __option_setting_dualsel_reg (Exec base: 0x0100a110, Load base: 0x0100a110, Size: 0x00000000, Max: 0xffffffff, ABSOLUTE, FIXED)

    **** No section assigned to this execution region ****


    Execution Region __ddsc_OPTION_SETTING_DUALSEL_END (Exec base: 0x0100a110, Load base: 0x0100a110, Size: 0x00000000, Max: 0x00000000, ABSOLUTE)

    Exec Addr    Load Addr    Size         Type   Attr      Idx    E Section Name        Object

    0x0100a110        -       0x00000000   Zero   RW           68    __ddsc_OPTION_SETTING_DUALSEL_END.bss  anon$$obj.o


    Execution Region .option_setting_dualsel.endof (Exec base: 0x0100a110, Load base: 0x0100a110, Size: 0x00000000, Max: 0x00000000, ABSOLUTE)

    Exec Addr    Load Addr    Size         Type   Attr      Idx    E Section Name        Object

    0x0100a110        -       0x00000000   Zero   RW           69    .option_setting_dualsel.endof.bss  anon$$obj.o


    Execution Region __OPTION_SETTING_DUALSEL_end (Exec base: 0x0100a110, Load base: 0x0100a110, Size: 0x00000000, Max: 0x00000000, ABSOLUTE)

    Exec Addr    Load Addr    Size         Type   Attr      Idx    E Section Name        Object

    0x0100a110        -       0x00000000   Zero   RW           70    __OPTION_SETTING_DUALSEL_end.bss  anon$$obj.o



  Load Region LOAD_REGION_OPTION_SETTING_OFS1 (Base: 0x0100a180, Size: 0x00000000, Max: 0x00000004, ABSOLUTE)

    Execution Region __OPTION_SETTING_OFS1_start (Exec base: 0x0100a180, Load base: 0x0100a180, Size: 0x00000000, Max: 0x00000000, ABSOLUTE)

    Exec Addr    Load Addr    Size         Type   Attr      Idx    E Section Name        Object

    0x0100a180        -       0x00000000   Zero   RW           71    __OPTION_SETTING_OFS1_start.bss  anon$$obj.o


    Execution Region __OPTION_SETTING_OFS1_init (Exec base: 0x0100a180, Load base: 0x0100a180, Size: 0x00000000, Max: 0x00000000, ABSOLUTE)

    Exec Addr    Load Addr    Size         Type   Attr      Idx    E Section Name        Object

    0x0100a180        -       0x00000000   Zero   RW           72    __OPTION_SETTING_OFS1_init.bss  anon$$obj.o


    Execution Region __ddsc_OPTION_SETTING_OFS1_START (Exec base: 0x0100a180, Load base: 0x0100a180, Size: 0x00000000, Max: 0x00000000, ABSOLUTE)

    Exec Addr    Load Addr    Size         Type   Attr      Idx    E Section Name        Object

    0x0100a180        -       0x00000000   Zero   RW           73    __ddsc_OPTION_SETTING_OFS1_START.bss  anon$$obj.o


    Execution Region .option_setting_ofs1.startof (Exec base: 0x0100a180, Load base: 0x0100a180, Size: 0x00000000, Max: 0x00000000, ABSOLUTE)

    Exec Addr    Load Addr    Size         Type   Attr      Idx    E Section Name        Object

    0x0100a180        -       0x00000000   Zero   RW           74    .option_setting_ofs1.startof.bss  anon$$obj.o


    Execution Region __option_setting_ofs1_reg (Exec base: 0x0100a180, Load base: 0x0100a180, Size: 0x00000000, Max: 0xffffffff, ABSOLUTE, FIXED)

    **** No section assigned to this execution region ****


    Execution Region __ddsc_OPTION_SETTING_OFS1_END (Exec base: 0x0100a180, Load base: 0x0100a180, Size: 0x00000000, Max: 0x00000000, ABSOLUTE)

    Exec Addr    Load Addr    Size         Type   Attr      Idx    E Section Name        Object

    0x0100a180        -       0x00000000   Zero   RW           75    __ddsc_OPTION_SETTING_OFS1_END.bss  anon$$obj.o


    Execution Region .option_setting_ofs1.endof (Exec base: 0x0100a180, Load base: 0x0100a180, Size: 0x00000000, Max: 0x00000000, ABSOLUTE)

    Exec Addr    Load Addr    Size         Type   Attr      Idx    E Section Name        Object

    0x0100a180        -       0x00000000   Zero   RW           76    .option_setting_ofs1.endof.bss  anon$$obj.o


    Execution Region __OPTION_SETTING_OFS1_end (Exec base: 0x0100a180, Load base: 0x0100a180, Size: 0x00000000, Max: 0x00000000, ABSOLUTE)

    Exec Addr    Load Addr    Size         Type   Attr      Idx    E Section Name        Object

    0x0100a180        -       0x00000000   Zero   RW           77    __OPTION_SETTING_OFS1_end.bss  anon$$obj.o



  Load Region LOAD_REGION_OPTION_SETTING_BANKSEL (Base: 0x0100a190, Size: 0x00000000, Max: 0x00000004, ABSOLUTE)

    Execution Region __OPTION_SETTING_BANKSEL_start (Exec base: 0x0100a190, Load base: 0x0100a190, Size: 0x00000000, Max: 0x00000000, ABSOLUTE)

    Exec Addr    Load Addr    Size         Type   Attr      Idx    E Section Name        Object

    0x0100a190        -       0x00000000   Zero   RW           78    __OPTION_SETTING_BANKSEL_start.bss  anon$$obj.o


    Execution Region __OPTION_SETTING_BANKSEL_init (Exec base: 0x0100a190, Load base: 0x0100a190, Size: 0x00000000, Max: 0x00000000, ABSOLUTE)

    Exec Addr    Load Addr    Size         Type   Attr      Idx    E Section Name        Object

    0x0100a190        -       0x00000000   Zero   RW           79    __OPTION_SETTING_BANKSEL_init.bss  anon$$obj.o


    Execution Region __ddsc_OPTION_SETTING_BANKSEL_START (Exec base: 0x0100a190, Load base: 0x0100a190, Size: 0x00000000, Max: 0x00000000, ABSOLUTE)

    Exec Addr    Load Addr    Size         Type   Attr      Idx    E Section Name        Object

    0x0100a190        -       0x00000000   Zero   RW           80    __ddsc_OPTION_SETTING_BANKSEL_START.bss  anon$$obj.o


    Execution Region .option_setting_banksel.startof (Exec base: 0x0100a190, Load base: 0x0100a190, Size: 0x00000000, Max: 0x00000000, ABSOLUTE)

    Exec Addr    Load Addr    Size         Type   Attr      Idx    E Section Name        Object

    0x0100a190        -       0x00000000   Zero   RW           81    .option_setting_banksel.startof.bss  anon$$obj.o


    Execution Region __option_setting_banksel_reg (Exec base: 0x0100a190, Load base: 0x0100a190, Size: 0x00000000, Max: 0xffffffff, ABSOLUTE, FIXED)

    **** No section assigned to this execution region ****


    Execution Region __ddsc_OPTION_SETTING_BANKSEL_END (Exec base: 0x0100a190, Load base: 0x0100a190, Size: 0x00000000, Max: 0x00000000, ABSOLUTE)

    Exec Addr    Load Addr    Size         Type   Attr      Idx    E Section Name        Object

    0x0100a190        -       0x00000000   Zero   RW           82    __ddsc_OPTION_SETTING_BANKSEL_END.bss  anon$$obj.o


    Execution Region .option_setting_banksel.endof (Exec base: 0x0100a190, Load base: 0x0100a190, Size: 0x00000000, Max: 0x00000000, ABSOLUTE)

    Exec Addr    Load Addr    Size         Type   Attr      Idx    E Section Name        Object

    0x0100a190        -       0x00000000   Zero   RW           83    .option_setting_banksel.endof.bss  anon$$obj.o


    Execution Region __OPTION_SETTING_BANKSEL_end (Exec base: 0x0100a190, Load base: 0x0100a190, Size: 0x00000000, Max: 0x00000000, ABSOLUTE)

    Exec Addr    Load Addr    Size         Type   Attr      Idx    E Section Name        Object

    0x0100a190        -       0x00000000   Zero   RW           84    __OPTION_SETTING_BANKSEL_end.bss  anon$$obj.o



  Load Region LOAD_REGION_OPTION_SETTING_BPS (Base: 0x0100a1c0, Size: 0x00000000, Max: 0x00000010, ABSOLUTE)

    Execution Region __OPTION_SETTING_BPS_start (Exec base: 0x0100a1c0, Load base: 0x0100a1c0, Size: 0x00000000, Max: 0x00000000, ABSOLUTE)

    Exec Addr    Load Addr    Size         Type   Attr      Idx    E Section Name        Object

    0x0100a1c0        -       0x00000000   Zero   RW           85    __OPTION_SETTING_BPS_start.bss  anon$$obj.o


    Execution Region __OPTION_SETTING_BPS_init (Exec base: 0x0100a1c0, Load base: 0x0100a1c0, Size: 0x00000000, Max: 0x00000000, ABSOLUTE)

    Exec Addr    Load Addr    Size         Type   Attr      Idx    E Section Name        Object

    0x0100a1c0        -       0x00000000   Zero   RW           86    __OPTION_SETTING_BPS_init.bss  anon$$obj.o


    Execution Region __ddsc_OPTION_SETTING_BPS_START (Exec base: 0x0100a1c0, Load base: 0x0100a1c0, Size: 0x00000000, Max: 0x00000000, ABSOLUTE)

    Exec Addr    Load Addr    Size         Type   Attr      Idx    E Section Name        Object

    0x0100a1c0        -       0x00000000   Zero   RW           87    __ddsc_OPTION_SETTING_BPS_START.bss  anon$$obj.o


    Execution Region .option_setting_bps.startof (Exec base: 0x0100a1c0, Load base: 0x0100a1c0, Size: 0x00000000, Max: 0x00000000, ABSOLUTE)

    Exec Addr    Load Addr    Size         Type   Attr      Idx    E Section Name        Object

    0x0100a1c0        -       0x00000000   Zero   RW           88    .option_setting_bps.startof.bss  anon$$obj.o


    Execution Region __option_setting_bps_reg (Exec base: 0x0100a1c0, Load base: 0x0100a1c0, Size: 0x00000000, Max: 0xffffffff, ABSOLUTE, FIXED)

    **** No section assigned to this execution region ****


    Execution Region __ddsc_OPTION_SETTING_BPS_END (Exec base: 0x0100a1c0, Load base: 0x0100a1c0, Size: 0x00000000, Max: 0x00000000, ABSOLUTE)

    Exec Addr    Load Addr    Size         Type   Attr      Idx    E Section Name        Object

    0x0100a1c0        -       0x00000000   Zero   RW           89    __ddsc_OPTION_SETTING_BPS_END.bss  anon$$obj.o


    Execution Region .option_setting_bps.endof (Exec base: 0x0100a1c0, Load base: 0x0100a1c0, Size: 0x00000000, Max: 0x00000000, ABSOLUTE)

    Exec Addr    Load Addr    Size         Type   Attr      Idx    E Section Name        Object

    0x0100a1c0        -       0x00000000   Zero   RW           90    .option_setting_bps.endof.bss  anon$$obj.o


    Execution Region __OPTION_SETTING_BPS_end (Exec base: 0x0100a1c0, Load base: 0x0100a1c0, Size: 0x00000000, Max: 0x00000000, ABSOLUTE)

    Exec Addr    Load Addr    Size         Type   Attr      Idx    E Section Name        Object

    0x0100a1c0        -       0x00000000   Zero   RW           91    __OPTION_SETTING_BPS_end.bss  anon$$obj.o



  Load Region LOAD_REGION_OPTION_SETTING_PBPS (Base: 0x0100a1e0, Size: 0x00000000, Max: 0x00000010, ABSOLUTE)

    Execution Region __OPTION_SETTING_PBPS_start (Exec base: 0x0100a1e0, Load base: 0x0100a1e0, Size: 0x00000000, Max: 0x00000000, ABSOLUTE)

    Exec Addr    Load Addr    Size         Type   Attr      Idx    E Section Name        Object

    0x0100a1e0        -       0x00000000   Zero   RW           92    __OPTION_SETTING_PBPS_start.bss  anon$$obj.o


    Execution Region __OPTION_SETTING_PBPS_init (Exec base: 0x0100a1e0, Load base: 0x0100a1e0, Size: 0x00000000, Max: 0x00000000, ABSOLUTE)

    Exec Addr    Load Addr    Size         Type   Attr      Idx    E Section Name        Object

    0x0100a1e0        -       0x00000000   Zero   RW           93    __OPTION_SETTING_PBPS_init.bss  anon$$obj.o


    Execution Region __ddsc_OPTION_SETTING_PBPS_START (Exec base: 0x0100a1e0, Load base: 0x0100a1e0, Size: 0x00000000, Max: 0x00000000, ABSOLUTE)

    Exec Addr    Load Addr    Size         Type   Attr      Idx    E Section Name        Object

    0x0100a1e0        -       0x00000000   Zero   RW           94    __ddsc_OPTION_SETTING_PBPS_START.bss  anon$$obj.o


    Execution Region .option_setting_pbps.startof (Exec base: 0x0100a1e0, Load base: 0x0100a1e0, Size: 0x00000000, Max: 0x00000000, ABSOLUTE)

    Exec Addr    Load Addr    Size         Type   Attr      Idx    E Section Name        Object

    0x0100a1e0        -       0x00000000   Zero   RW           95    .option_setting_pbps.startof.bss  anon$$obj.o


    Execution Region __option_setting_pbps_reg (Exec base: 0x0100a1e0, Load base: 0x0100a1e0, Size: 0x00000000, Max: 0xffffffff, ABSOLUTE, FIXED)

    **** No section assigned to this execution region ****


    Execution Region __ddsc_OPTION_SETTING_PBPS_END (Exec base: 0x0100a1e0, Load base: 0x0100a1e0, Size: 0x00000000, Max: 0x00000000, ABSOLUTE)

    Exec Addr    Load Addr    Size         Type   Attr      Idx    E Section Name        Object

    0x0100a1e0        -       0x00000000   Zero   RW           96    __ddsc_OPTION_SETTING_PBPS_END.bss  anon$$obj.o


    Execution Region .option_setting_pbps.endof (Exec base: 0x0100a1e0, Load base: 0x0100a1e0, Size: 0x00000000, Max: 0x00000000, ABSOLUTE)

    Exec Addr    Load Addr    Size         Type   Attr      Idx    E Section Name        Object

    0x0100a1e0        -       0x00000000   Zero   RW           97    .option_setting_pbps.endof.bss  anon$$obj.o


    Execution Region __OPTION_SETTING_PBPS_end (Exec base: 0x0100a1e0, Load base: 0x0100a1e0, Size: 0x00000000, Max: 0x00000000, ABSOLUTE)

    Exec Addr    Load Addr    Size         Type   Attr      Idx    E Section Name        Object

    0x0100a1e0        -       0x00000000   Zero   RW           98    __OPTION_SETTING_PBPS_end.bss  anon$$obj.o



  Load Region LOAD_REGION_OPTION_SETTING_OFS1_SEC (Base: 0x0100a200, Size: 0x00000004, Max: 0x00000004, ABSOLUTE)

    Execution Region __OPTION_SETTING_OFS1_SEC_start (Exec base: 0x0100a200, Load base: 0x0100a200, Size: 0x00000000, Max: 0x00000000, ABSOLUTE)

    Exec Addr    Load Addr    Size         Type   Attr      Idx    E Section Name        Object

    0x0100a200        -       0x00000000   Zero   RW           99    __OPTION_SETTING_OFS1_SEC_start.bss  anon$$obj.o


    Execution Region __OPTION_SETTING_OFS1_SEC_init (Exec base: 0x0100a200, Load base: 0x0100a200, Size: 0x00000000, Max: 0x00000000, ABSOLUTE)

    Exec Addr    Load Addr    Size         Type   Attr      Idx    E Section Name        Object

    0x0100a200        -       0x00000000   Zero   RW          100    __OPTION_SETTING_OFS1_SEC_init.bss  anon$$obj.o


    Execution Region __ddsc_OPTION_SETTING_OFS1_SEC_START (Exec base: 0x0100a200, Load base: 0x0100a200, Size: 0x00000000, Max: 0x00000000, ABSOLUTE)

    Exec Addr    Load Addr    Size         Type   Attr      Idx    E Section Name        Object

    0x0100a200        -       0x00000000   Zero   RW          101    __ddsc_OPTION_SETTING_OFS1_SEC_START.bss  anon$$obj.o


    Execution Region .option_setting_ofs1_sec.startof (Exec base: 0x0100a200, Load base: 0x0100a200, Size: 0x00000000, Max: 0x00000000, ABSOLUTE)

    Exec Addr    Load Addr    Size         Type   Attr      Idx    E Section Name        Object

    0x0100a200        -       0x00000000   Zero   RW          102    .option_setting_ofs1_sec.startof.bss  anon$$obj.o


    Execution Region __option_setting_ofs1_sec_reg (Exec base: 0x0100a200, Load base: 0x0100a200, Size: 0x00000004, Max: 0xffffffff, ABSOLUTE, FIXED)

    Exec Addr    Load Addr    Size         Type   Attr      Idx    E Section Name        Object

    0x0100a200   0x0100a200   0x00000004   Data   RO          395    .option_setting_ofs1_sec  bsp_linker.o


    Execution Region __ddsc_OPTION_SETTING_OFS1_SEC_END (Exec base: 0x0100a204, Load base: 0x0100a204, Size: 0x00000000, Max: 0x00000000, ABSOLUTE)

    Exec Addr    Load Addr    Size         Type   Attr      Idx    E Section Name        Object

    0x0100a204        -       0x00000000   Zero   RW          103    __ddsc_OPTION_SETTING_OFS1_SEC_END.bss  anon$$obj.o


    Execution Region .option_setting_ofs1_sec.endof (Exec base: 0x0100a204, Load base: 0x0100a204, Size: 0x00000000, Max: 0x00000000, ABSOLUTE)

    Exec Addr    Load Addr    Size         Type   Attr      Idx    E Section Name        Object

    0x0100a204        -       0x00000000   Zero   RW          104    .option_setting_ofs1_sec.endof.bss  anon$$obj.o


    Execution Region __OPTION_SETTING_OFS1_SEC_end (Exec base: 0x0100a204, Load base: 0x0100a204, Size: 0x00000000, Max: 0x00000000, ABSOLUTE)

    Exec Addr    Load Addr    Size         Type   Attr      Idx    E Section Name        Object

    0x0100a204        -       0x00000000   Zero   RW          105    __OPTION_SETTING_OFS1_SEC_end.bss  anon$$obj.o



  Load Region LOAD_REGION_OPTION_SETTING_BANKSEL_SEC (Base: 0x0100a210, Size: 0x00000000, Max: 0x00000004, ABSOLUTE)

    Execution Region __OPTION_SETTING_BANKSEL_SEC_start (Exec base: 0x0100a210, Load base: 0x0100a210, Size: 0x00000000, Max: 0x00000000, ABSOLUTE)

    Exec Addr    Load Addr    Size         Type   Attr      Idx    E Section Name        Object

    0x0100a210        -       0x00000000   Zero   RW          106    __OPTION_SETTING_BANKSEL_SEC_start.bss  anon$$obj.o


    Execution Region __OPTION_SETTING_BANKSEL_SEC_init (Exec base: 0x0100a210, Load base: 0x0100a210, Size: 0x00000000, Max: 0x00000000, ABSOLUTE)

    Exec Addr    Load Addr    Size         Type   Attr      Idx    E Section Name        Object

    0x0100a210        -       0x00000000   Zero   RW          107    __OPTION_SETTING_BANKSEL_SEC_init.bss  anon$$obj.o


    Execution Region __ddsc_OPTION_SETTING_BANKSEL_SEC_START (Exec base: 0x0100a210, Load base: 0x0100a210, Size: 0x00000000, Max: 0x00000000, ABSOLUTE)

    Exec Addr    Load Addr    Size         Type   Attr      Idx    E Section Name        Object

    0x0100a210        -       0x00000000   Zero   RW          108    __ddsc_OPTION_SETTING_BANKSEL_SEC_START.bss  anon$$obj.o


    Execution Region .option_setting_banksel_sec.startof (Exec base: 0x0100a210, Load base: 0x0100a210, Size: 0x00000000, Max: 0x00000000, ABSOLUTE)

    Exec Addr    Load Addr    Size         Type   Attr      Idx    E Section Name        Object

    0x0100a210        -       0x00000000   Zero   RW          109    .option_setting_banksel_sec.startof.bss  anon$$obj.o


    Execution Region __option_setting_banksel_sec_reg (Exec base: 0x0100a210, Load base: 0x0100a210, Size: 0x00000000, Max: 0xffffffff, ABSOLUTE, FIXED)

    **** No section assigned to this execution region ****


    Execution Region __ddsc_OPTION_SETTING_BANKSEL_SEC_END (Exec base: 0x0100a210, Load base: 0x0100a210, Size: 0x00000000, Max: 0x00000000, ABSOLUTE)

    Exec Addr    Load Addr    Size         Type   Attr      Idx    E Section Name        Object

    0x0100a210        -       0x00000000   Zero   RW          110    __ddsc_OPTION_SETTING_BANKSEL_SEC_END.bss  anon$$obj.o


    Execution Region .option_setting_banksel_sec.endof (Exec base: 0x0100a210, Load base: 0x0100a210, Size: 0x00000000, Max: 0x00000000, ABSOLUTE)

    Exec Addr    Load Addr    Size         Type   Attr      Idx    E Section Name        Object

    0x0100a210        -       0x00000000   Zero   RW          111    .option_setting_banksel_sec.endof.bss  anon$$obj.o


    Execution Region __OPTION_SETTING_BANKSEL_SEC_end (Exec base: 0x0100a210, Load base: 0x0100a210, Size: 0x00000000, Max: 0x00000000, ABSOLUTE)

    Exec Addr    Load Addr    Size         Type   Attr      Idx    E Section Name        Object

    0x0100a210        -       0x00000000   Zero   RW          112    __OPTION_SETTING_BANKSEL_SEC_end.bss  anon$$obj.o



  Load Region LOAD_REGION_OPTION_SETTING_BPS_SEC (Base: 0x0100a240, Size: 0x00000000, Max: 0x00000010, ABSOLUTE)

    Execution Region __OPTION_SETTING_BPS_SEC_start (Exec base: 0x0100a240, Load base: 0x0100a240, Size: 0x00000000, Max: 0x00000000, ABSOLUTE)

    Exec Addr    Load Addr    Size         Type   Attr      Idx    E Section Name        Object

    0x0100a240        -       0x00000000   Zero   RW          113    __OPTION_SETTING_BPS_SEC_start.bss  anon$$obj.o


    Execution Region __OPTION_SETTING_BPS_SEC_init (Exec base: 0x0100a240, Load base: 0x0100a240, Size: 0x00000000, Max: 0x00000000, ABSOLUTE)

    Exec Addr    Load Addr    Size         Type   Attr      Idx    E Section Name        Object

    0x0100a240        -       0x00000000   Zero   RW          114    __OPTION_SETTING_BPS_SEC_init.bss  anon$$obj.o


    Execution Region __ddsc_OPTION_SETTING_BPS_SEC_START (Exec base: 0x0100a240, Load base: 0x0100a240, Size: 0x00000000, Max: 0x00000000, ABSOLUTE)

    Exec Addr    Load Addr    Size         Type   Attr      Idx    E Section Name        Object

    0x0100a240        -       0x00000000   Zero   RW          115    __ddsc_OPTION_SETTING_BPS_SEC_START.bss  anon$$obj.o


    Execution Region .option_setting_bps_sec.startof (Exec base: 0x0100a240, Load base: 0x0100a240, Size: 0x00000000, Max: 0x00000000, ABSOLUTE)

    Exec Addr    Load Addr    Size         Type   Attr      Idx    E Section Name        Object

    0x0100a240        -       0x00000000   Zero   RW          116    .option_setting_bps_sec.startof.bss  anon$$obj.o


    Execution Region __option_setting_bps_sec_reg (Exec base: 0x0100a240, Load base: 0x0100a240, Size: 0x00000000, Max: 0xffffffff, ABSOLUTE, FIXED)

    **** No section assigned to this execution region ****


    Execution Region __ddsc_OPTION_SETTING_BPS_SEC_END (Exec base: 0x0100a240, Load base: 0x0100a240, Size: 0x00000000, Max: 0x00000000, ABSOLUTE)

    Exec Addr    Load Addr    Size         Type   Attr      Idx    E Section Name        Object

    0x0100a240        -       0x00000000   Zero   RW          117    __ddsc_OPTION_SETTING_BPS_SEC_END.bss  anon$$obj.o


    Execution Region .option_setting_bps_sec.endof (Exec base: 0x0100a240, Load base: 0x0100a240, Size: 0x00000000, Max: 0x00000000, ABSOLUTE)

    Exec Addr    Load Addr    Size         Type   Attr      Idx    E Section Name        Object

    0x0100a240        -       0x00000000   Zero   RW          118    .option_setting_bps_sec.endof.bss  anon$$obj.o


    Execution Region __OPTION_SETTING_BPS_SEC_end (Exec base: 0x0100a240, Load base: 0x0100a240, Size: 0x00000000, Max: 0x00000000, ABSOLUTE)

    Exec Addr    Load Addr    Size         Type   Attr      Idx    E Section Name        Object

    0x0100a240        -       0x00000000   Zero   RW          119    __OPTION_SETTING_BPS_SEC_end.bss  anon$$obj.o



  Load Region LOAD_REGION_OPTION_SETTING_PBPS_SEC (Base: 0x0100a260, Size: 0x00000000, Max: 0x00000010, ABSOLUTE)

    Execution Region __OPTION_SETTING_PBPS_SEC_start (Exec base: 0x0100a260, Load base: 0x0100a260, Size: 0x00000000, Max: 0x00000000, ABSOLUTE)

    Exec Addr    Load Addr    Size         Type   Attr      Idx    E Section Name        Object

    0x0100a260        -       0x00000000   Zero   RW          120    __OPTION_SETTING_PBPS_SEC_start.bss  anon$$obj.o


    Execution Region __OPTION_SETTING_PBPS_SEC_init (Exec base: 0x0100a260, Load base: 0x0100a260, Size: 0x00000000, Max: 0x00000000, ABSOLUTE)

    Exec Addr    Load Addr    Size         Type   Attr      Idx    E Section Name        Object

    0x0100a260        -       0x00000000   Zero   RW          121    __OPTION_SETTING_PBPS_SEC_init.bss  anon$$obj.o


    Execution Region __ddsc_OPTION_SETTING_PBPS_SEC_START (Exec base: 0x0100a260, Load base: 0x0100a260, Size: 0x00000000, Max: 0x00000000, ABSOLUTE)

    Exec Addr    Load Addr    Size         Type   Attr      Idx    E Section Name        Object

    0x0100a260        -       0x00000000   Zero   RW          122    __ddsc_OPTION_SETTING_PBPS_SEC_START.bss  anon$$obj.o


    Execution Region .option_setting_pbps_sec.startof (Exec base: 0x0100a260, Load base: 0x0100a260, Size: 0x00000000, Max: 0x00000000, ABSOLUTE)

    Exec Addr    Load Addr    Size         Type   Attr      Idx    E Section Name        Object

    0x0100a260        -       0x00000000   Zero   RW          123    .option_setting_pbps_sec.startof.bss  anon$$obj.o


    Execution Region __option_setting_pbps_sec_reg (Exec base: 0x0100a260, Load base: 0x0100a260, Size: 0x00000000, Max: 0xffffffff, ABSOLUTE, FIXED)

    **** No section assigned to this execution region ****


    Execution Region __ddsc_OPTION_SETTING_PBPS_SEC_END (Exec base: 0x0100a260, Load base: 0x0100a260, Size: 0x00000000, Max: 0x00000000, ABSOLUTE)

    Exec Addr    Load Addr    Size         Type   Attr      Idx    E Section Name        Object

    0x0100a260        -       0x00000000   Zero   RW          124    __ddsc_OPTION_SETTING_PBPS_SEC_END.bss  anon$$obj.o


    Execution Region .option_setting_pbps_sec.endof (Exec base: 0x0100a260, Load base: 0x0100a260, Size: 0x00000000, Max: 0x00000000, ABSOLUTE)

    Exec Addr    Load Addr    Size         Type   Attr      Idx    E Section Name        Object

    0x0100a260        -       0x00000000   Zero   RW          125    .option_setting_pbps_sec.endof.bss  anon$$obj.o


    Execution Region __OPTION_SETTING_PBPS_SEC_end (Exec base: 0x0100a260, Load base: 0x0100a260, Size: 0x00000000, Max: 0x00000000, ABSOLUTE)

    Exec Addr    Load Addr    Size         Type   Attr      Idx    E Section Name        Object

    0x0100a260        -       0x00000000   Zero   RW          126    __OPTION_SETTING_PBPS_SEC_end.bss  anon$$obj.o



  Load Region LOAD_REGION_OPTION_SETTING_OFS1_SEL (Base: 0x0100a280, Size: 0x00000004, Max: 0x00000004, ABSOLUTE)

    Execution Region __OPTION_SETTING_OFS1_SEL_start (Exec base: 0x0100a280, Load base: 0x0100a280, Size: 0x00000000, Max: 0x00000000, ABSOLUTE)

    Exec Addr    Load Addr    Size         Type   Attr      Idx    E Section Name        Object

    0x0100a280        -       0x00000000   Zero   RW          127    __OPTION_SETTING_OFS1_SEL_start.bss  anon$$obj.o


    Execution Region __OPTION_SETTING_OFS1_SEL_init (Exec base: 0x0100a280, Load base: 0x0100a280, Size: 0x00000000, Max: 0x00000000, ABSOLUTE)

    Exec Addr    Load Addr    Size         Type   Attr      Idx    E Section Name        Object

    0x0100a280        -       0x00000000   Zero   RW          128    __OPTION_SETTING_OFS1_SEL_init.bss  anon$$obj.o


    Execution Region __ddsc_OPTION_SETTING_OFS1_SEL_START (Exec base: 0x0100a280, Load base: 0x0100a280, Size: 0x00000000, Max: 0x00000000, ABSOLUTE)

    Exec Addr    Load Addr    Size         Type   Attr      Idx    E Section Name        Object

    0x0100a280        -       0x00000000   Zero   RW          129    __ddsc_OPTION_SETTING_OFS1_SEL_START.bss  anon$$obj.o


    Execution Region .option_setting_ofs1_sel.startof (Exec base: 0x0100a280, Load base: 0x0100a280, Size: 0x00000000, Max: 0x00000000, ABSOLUTE)

    Exec Addr    Load Addr    Size         Type   Attr      Idx    E Section Name        Object

    0x0100a280        -       0x00000000   Zero   RW          130    .option_setting_ofs1_sel.startof.bss  anon$$obj.o


    Execution Region __option_setting_ofs1_sel_reg (Exec base: 0x0100a280, Load base: 0x0100a280, Size: 0x00000004, Max: 0xffffffff, ABSOLUTE, FIXED)

    Exec Addr    Load Addr    Size         Type   Attr      Idx    E Section Name        Object

    0x0100a280   0x0100a280   0x00000004   Data   RO          396    .option_setting_ofs1_sel  bsp_linker.o


    Execution Region __ddsc_OPTION_SETTING_OFS1_SEL_END (Exec base: 0x0100a284, Load base: 0x0100a284, Size: 0x00000000, Max: 0x00000000, ABSOLUTE)

    Exec Addr    Load Addr    Size         Type   Attr      Idx    E Section Name        Object

    0x0100a284        -       0x00000000   Zero   RW          131    __ddsc_OPTION_SETTING_OFS1_SEL_END.bss  anon$$obj.o


    Execution Region .option_setting_ofs1_sel.endof (Exec base: 0x0100a284, Load base: 0x0100a284, Size: 0x00000000, Max: 0x00000000, ABSOLUTE)

    Exec Addr    Load Addr    Size         Type   Attr      Idx    E Section Name        Object

    0x0100a284        -       0x00000000   Zero   RW          132    .option_setting_ofs1_sel.endof.bss  anon$$obj.o


    Execution Region __OPTION_SETTING_OFS1_SEL_end (Exec base: 0x0100a284, Load base: 0x0100a284, Size: 0x00000000, Max: 0x00000000, ABSOLUTE)

    Exec Addr    Load Addr    Size         Type   Attr      Idx    E Section Name        Object

    0x0100a284        -       0x00000000   Zero   RW          133    __OPTION_SETTING_OFS1_SEL_end.bss  anon$$obj.o



  Load Region LOAD_REGION_OPTION_SETTING_BANKSEL_SEL (Base: 0x0100a290, Size: 0x00000000, Max: 0x00000004, ABSOLUTE)

    Execution Region __OPTION_SETTING_BANKSEL_SEL_start (Exec base: 0x0100a290, Load base: 0x0100a290, Size: 0x00000000, Max: 0x00000000, ABSOLUTE)

    Exec Addr    Load Addr    Size         Type   Attr      Idx    E Section Name        Object

    0x0100a290        -       0x00000000   Zero   RW          134    __OPTION_SETTING_BANKSEL_SEL_start.bss  anon$$obj.o


    Execution Region __OPTION_SETTING_BANKSEL_SEL_init (Exec base: 0x0100a290, Load base: 0x0100a290, Size: 0x00000000, Max: 0x00000000, ABSOLUTE)

    Exec Addr    Load Addr    Size         Type   Attr      Idx    E Section Name        Object

    0x0100a290        -       0x00000000   Zero   RW          135    __OPTION_SETTING_BANKSEL_SEL_init.bss  anon$$obj.o


    Execution Region __ddsc_OPTION_SETTING_BANKSEL_SEL_START (Exec base: 0x0100a290, Load base: 0x0100a290, Size: 0x00000000, Max: 0x00000000, ABSOLUTE)

    Exec Addr    Load Addr    Size         Type   Attr      Idx    E Section Name        Object

    0x0100a290        -       0x00000000   Zero   RW          136    __ddsc_OPTION_SETTING_BANKSEL_SEL_START.bss  anon$$obj.o


    Execution Region .option_setting_banksel_sel.startof (Exec base: 0x0100a290, Load base: 0x0100a290, Size: 0x00000000, Max: 0x00000000, ABSOLUTE)

    Exec Addr    Load Addr    Size         Type   Attr      Idx    E Section Name        Object

    0x0100a290        -       0x00000000   Zero   RW          137    .option_setting_banksel_sel.startof.bss  anon$$obj.o


    Execution Region __option_setting_banksel_sel_reg (Exec base: 0x0100a290, Load base: 0x0100a290, Size: 0x00000000, Max: 0xffffffff, ABSOLUTE, FIXED)

    **** No section assigned to this execution region ****


    Execution Region __ddsc_OPTION_SETTING_BANKSEL_SEL_END (Exec base: 0x0100a290, Load base: 0x0100a290, Size: 0x00000000, Max: 0x00000000, ABSOLUTE)

    Exec Addr    Load Addr    Size         Type   Attr      Idx    E Section Name        Object

    0x0100a290        -       0x00000000   Zero   RW          138    __ddsc_OPTION_SETTING_BANKSEL_SEL_END.bss  anon$$obj.o


    Execution Region .option_setting_banksel_sel.endof (Exec base: 0x0100a290, Load base: 0x0100a290, Size: 0x00000000, Max: 0x00000000, ABSOLUTE)

    Exec Addr    Load Addr    Size         Type   Attr      Idx    E Section Name        Object

    0x0100a290        -       0x00000000   Zero   RW          139    .option_setting_banksel_sel.endof.bss  anon$$obj.o


    Execution Region __OPTION_SETTING_BANKSEL_SEL_end (Exec base: 0x0100a290, Load base: 0x0100a290, Size: 0x00000000, Max: 0x00000000, ABSOLUTE)

    Exec Addr    Load Addr    Size         Type   Attr      Idx    E Section Name        Object

    0x0100a290        -       0x00000000   Zero   RW          140    __OPTION_SETTING_BANKSEL_SEL_end.bss  anon$$obj.o



  Load Region LOAD_REGION_OPTION_SETTING_BPS_SEL (Base: 0x0100a2c0, Size: 0x00000000, Max: 0x00000010, ABSOLUTE)

    Execution Region __OPTION_SETTING_BPS_SEL_start (Exec base: 0x0100a2c0, Load base: 0x0100a2c0, Size: 0x00000000, Max: 0x00000000, ABSOLUTE)

    Exec Addr    Load Addr    Size         Type   Attr      Idx    E Section Name        Object

    0x0100a2c0        -       0x00000000   Zero   RW          141    __OPTION_SETTING_BPS_SEL_start.bss  anon$$obj.o


    Execution Region __OPTION_SETTING_BPS_SEL_init (Exec base: 0x0100a2c0, Load base: 0x0100a2c0, Size: 0x00000000, Max: 0x00000000, ABSOLUTE)

    Exec Addr    Load Addr    Size         Type   Attr      Idx    E Section Name        Object

    0x0100a2c0        -       0x00000000   Zero   RW          142    __OPTION_SETTING_BPS_SEL_init.bss  anon$$obj.o


    Execution Region __ddsc_OPTION_SETTING_BPS_SEL_START (Exec base: 0x0100a2c0, Load base: 0x0100a2c0, Size: 0x00000000, Max: 0x00000000, ABSOLUTE)

    Exec Addr    Load Addr    Size         Type   Attr      Idx    E Section Name        Object

    0x0100a2c0        -       0x00000000   Zero   RW          143    __ddsc_OPTION_SETTING_BPS_SEL_START.bss  anon$$obj.o


    Execution Region .option_setting_bps_sel.startof (Exec base: 0x0100a2c0, Load base: 0x0100a2c0, Size: 0x00000000, Max: 0x00000000, ABSOLUTE)

    Exec Addr    Load Addr    Size         Type   Attr      Idx    E Section Name        Object

    0x0100a2c0        -       0x00000000   Zero   RW          144    .option_setting_bps_sel.startof.bss  anon$$obj.o


    Execution Region __option_setting_bps_sel_reg (Exec base: 0x0100a2c0, Load base: 0x0100a2c0, Size: 0x00000000, Max: 0xffffffff, ABSOLUTE, FIXED)

    **** No section assigned to this execution region ****


    Execution Region __ddsc_OPTION_SETTING_BPS_SEL_END (Exec base: 0x0100a2c0, Load base: 0x0100a2c0, Size: 0x00000000, Max: 0x00000000, ABSOLUTE)

    Exec Addr    Load Addr    Size         Type   Attr      Idx    E Section Name        Object

    0x0100a2c0        -       0x00000000   Zero   RW          145    __ddsc_OPTION_SETTING_BPS_SEL_END.bss  anon$$obj.o


    Execution Region .option_setting_bps_sel.endof (Exec base: 0x0100a2c0, Load base: 0x0100a2c0, Size: 0x00000000, Max: 0x00000000, ABSOLUTE)

    Exec Addr    Load Addr    Size         Type   Attr      Idx    E Section Name        Object

    0x0100a2c0        -       0x00000000   Zero   RW          146    .option_setting_bps_sel.endof.bss  anon$$obj.o


    Execution Region __OPTION_SETTING_BPS_SEL_end (Exec base: 0x0100a2c0, Load base: 0x0100a2c0, Size: 0x00000000, Max: 0x00000000, ABSOLUTE)

    Exec Addr    Load Addr    Size         Type   Attr      Idx    E Section Name        Object

    0x0100a2c0        -       0x00000000   Zero   RW          147    __OPTION_SETTING_BPS_SEL_end.bss  anon$$obj.o


==============================================================================

Image component sizes


      Code (inc. data)   RO Data    RW Data    ZI Data      Debug   Object Name

       484          0          0          0         28      39255   bsp_clocks.o
         2          0         78          0          0      10060   bsp_common.o
       140          0          0          0          0       1873   bsp_delay.o
        68          0          0          0         64      14142   bsp_group_irq.o
         0          0          0          0          4        481   bsp_io.o
       138          0          0          0         88      18525   bsp_irq.o
         0          0        388          0          0       3588   bsp_linker.o
       160          0         10          0         10      21828   bsp_register_protection.o
         0          0          0          0          8      17853   common_data.o
       362          4          0          0          0      15930   driver_bh1750_1.o
       428          0          0          4          0      18951   driver_dht22_1.o
       132          0          0         60        256      15403   driver_uart_1.o
         0          0        634         20        312      35722   hal_data.o
      2306        148        638          0        895      27283   hal_entry_1.o
        26          0          0          0          0      16816   hal_warmstart_1.o
        10          0          0          0          0        411   main.o
         0          0        132          0          0       8016   pin_data.o
       682         12          0          0          0      57162   r_ioport.o
      1284          0         32          0          0      40094   r_sci_i2c.o
      1430          0          0          0          0      73252   r_sci_uart.o
        14          0         64          0       1024        951   startup.o
       252          0          0          0          4       6695   system.o
         0          0        176          0          0       9861   vector_data.o

    ----------------------------------------------------------------------
      7936        164       2160         84       2708     454152   Object Totals
         0          0          0          0          0          0   (incl. Generated)
        18          0          8          0         15          0   (incl. Padding)

    ----------------------------------------------------------------------

      Code (inc. data)   RO Data    RW Data    ZI Data      Debug   Library Member Name

         0          0          0          0          0          0   iusefp.o
        30          0          0          0          0         68   llshl.o
        36          0          0          0          0         68   llsshr.o
        32          0          0          0          0         68   llushr.o
        26          0          0          0          0         80   memcmp.o
        36          0          0          0          0         68   memcpya.o
        36          0          0          0          0        108   memseta.o
      2352         90          0          0          0        604   printfa.o
        44          0          0          0          0         80   uidiv.o
        98          0          0          0          0         92   uldiv.o
        48          0          0          0          0         68   cdrcmple.o
       334          0          0          0          0        148   dadd.o
       222          0          0          0          0        100   ddiv.o
       186          0          0          0          0        176   depilogue.o
        48          0          0          0          0         68   dfixul.o
       228          0          0          0          0         96   dmul.o
        38          0          0          0          0         68   f2d.o

    ----------------------------------------------------------------------
      3796         90          0          0          0       1960   Library Totals
         2          0          0          0          0          0   (incl. Padding)

    ----------------------------------------------------------------------

      Code (inc. data)   RO Data    RW Data    ZI Data      Debug   Library Name

      2690         90          0          0          0       1236   mc_w.l
      1104          0          0          0          0        724   mf_w.l

    ----------------------------------------------------------------------
      3796         90          0          0          0       1960   Library Totals

    ----------------------------------------------------------------------

==============================================================================


      Code (inc. data)   RO Data    RW Data    ZI Data      Debug   

     11732        254       2160         84       2708     454804   Grand Totals
     11732        254       2160         84       2708     454804   ELF Image Totals
     11732        254       2160         84          0          0   ROM Totals

==============================================================================

    Total RO  Size (Code + RO Data)                13892 (  13.57kB)
    Total RW  Size (RW Data + ZI Data)              2792 (   2.73kB)
    Total ROM Size (Code + RO Data + RW Data)      13976 (  13.65kB)

==============================================================================

