<html>
<body>
<pre>
<h1>礦ision Build Log</h1>
<h2>Tool Versions:</h2>
IDE-Version: μVision V5.43.1.0
Copyright (C) 2025 ARM Ltd and ARM Germany GmbH. All rights reserved.
License Information: 姜 临凯, 西北工业大学, LIC=----
 
Tool Versions:
Toolchain:       MDK-Lite  Version: 5.43.0.0
Toolchain Path:  E:\Software\KEIL543\ARM\ARMCLANG\Bin
C Compiler:      ArmClang.exe V6.24
Assembler:       Armasm.exe V6.24
Linker/Locator:  ArmLink.exe V6.24
Library Manager: ArmAr.exe V6.24
Hex Converter:   FromElf.exe V6.24
CPU DLL:         
Dialog DLL:      
Target DLL:      CMSIS_AGDI_V8M.DLL V1.8.8.0
Dialog DLL:      TCM.DLL V1.56.6.0
 
<h2>Project:</h2>
E:\Projects\RAProjects\SmartFarm_Project\FreeRTOS_Project.uvprojx
Project File Date:  03/17/2026

<h2>Output:</h2>
*** Using Compiler 'V6.24', folder: 'E:\Software\KEIL543\ARM\ARMCLANG\Bin'
Rebuild target 'Target_1'
Before Build - User command #1: cmd /c ""E:\Projects\RAProjects\SmartFarm_Project\rasc_launcher.bat" "E:\Projects\RAProjects\SmartFarm_Project\rasc_version.txt" -nosplash --launcher.suppressErrors --generate --compiler ARMv6 --devicefamily ra "E:\Projects\RAProjects\SmartFarm_Project\configuration.xml" 2> "%TEMP%\rasc_stderr.out" && echo. > "E:\Projects\RAProjects\SmartFarm_Project\output.rasc""
[INFO] Input file "E:\Projects\RAProjects\SmartFarm_Project\configuration.xml" is newer than output file "E:\Projects\RAProjects\SmartFarm_Project\output.rasc". Proceeding with RASC invocation...
Generating Project Content.Generating Project Content...........
..
compiling rainfall.c...
compiling Screen_thread_entry.c...
compiling Control_thread_entry.c...
compiling Servo.c...
compiling adc0.c...
compiling DTC.c...
compiling list.c...
compiling adc_solidmoisture.c...
compiling heap_4.c...
compiling BEEP.c...
compiling timers.c...
compiling stream_buffer.c...
compiling queue.c...
src/Senor_thread_entry.c(85): warning: passing 'char[100]' to parameter of type 'const uint8_t *const' (aka 'const unsigned char *const') converts between pointers to integer types where one is of the unique plain 'char' type and the other is not [-Wpointer-sign]
   85 |                         g_uart7.p_api->write(g_uart7.p_ctrl,msg,strlen(msg));
      |                                                             ^~~
src/Senor_thread_entry.c(65): warning: variable 'err' is uninitialized when used here [-Wuninitialized]
   65 |     ADC0_Init(err);
      |               ^~~
src/Senor_thread_entry.c(62): note: variable 'err' is declared here
   62 |     fsp_err_t err;
      |     ^
2 warnings generated.
compiling Senor_thread_entry.c...
compiling pump.c...
compiling tasks.c...
compiling event_groups.c...
compiling BLT_thread_entry.c...
compiling uart.c...
compiling hal_warmstart.c...
compiling led_thread_entry.c...
compiling startup.c...
compiling system.c...
compiling bsp_common.c...
compiling bsp_delay.c...
compiling bsp_group_irq.c...
compiling bsp_guard.c...
compiling bsp_clocks.c...
compiling bsp_io.c...
compiling bsp_ipc.c...
compiling bsp_irq.c...
compiling bsp_sdram.c...
compiling bsp_macl.c...
compiling bsp_sbrk.c...
compiling bsp_ospi_b.c...
compiling bsp_linker.c...
compiling r_dtc.c...
compiling bsp_register_protection.c...
compiling bsp_security.c...
compiling r_ioport.c...
compiling port.c...
compiling r_sci_uart.c...
compiling r_adc.c...
compiling Control_thread.c...
compiling BLT_thread.c...
compiling r_gpt.c...
compiling Senor_thread.c...
compiling common_data.c...
compiling Screen_thread.c...
compiling hal_data.c...
compiling vector_data.c...
compiling pin_data.c...
compiling main.c...
compiling led_thread.c...
linking...
Program Size: Code=21344 RO-data=3712 RW-data=24 ZI-data=12228  
FromELF: creating hex file...
After Build - User command #1: cmd /c ""E:\Projects\RAProjects\SmartFarm_Project\rasc_launcher.bat" "E:\Projects\RAProjects\SmartFarm_Project\rasc_version.txt" -nosplash --launcher.suppressErrors --gensmartbundle --compiler ARMv6 --devicefamily ra "E:\Projects\RAProjects\SmartFarm_Project\configuration.xml" "E:\Projects\RAProjects\SmartFarm_Project\Objects\FreeRTOS_Project.axf" 2> "%TEMP%\rasc_stderr.out""
[INFO] Input file "E:\Projects\RAProjects\SmartFarm_Project\Objects\FreeRTOS_Project.axf" is newer than output file "E:\Projects\RAProjects\SmartFarm_Project\Objects\FreeRTOS_Project.sbd". Proceeding with RASC invocation...
Generating Smart Bundle..
".\Objects\FreeRTOS_Project.axf" - 0 Error(s), 2 Warning(s).

<h2>Software Packages used:</h2>

Package Vendor: Renesas
                
                Renesas::Project Content@1.0.0
                Project content managed by the Renesas Smart Configurator
   * Component: Build Configuration Version: 
   * Component: ra Version: 
   * Component: Generated Data Version: 
   * Component: Linker Script Version: 

Package Vendor: Renesas
                https://www2.renesas.eu/Keil_MDK_Packs/Renesas.RA_DFP.6.4.0.pack
                Renesas::RA_DFP@6.4.0
                Renesas RA series device family pack
   * Component: RA Configuration Version: 1.0.0

<h2>Collection of Component include folders:</h2>
  ./RTE/_Target_1
  ./ra/arm/CMSIS_6/CMSIS/Core/Include
  ./ra/aws/FreeRTOS/FreeRTOS/Source/include
  ./ra/fsp/inc
  ./ra/fsp/inc/api
  ./ra/fsp/inc/instances
  ./ra/fsp/src/rm_freertos_port
  ./ra_cfg/aws
  ./ra_cfg/fsp_cfg
  ./ra_cfg/fsp_cfg/bsp
  ./ra_gen
  E:/Projects/RAProjects/SmartFarm_Project

<h2>Collection of Component Files used:</h2>

   * Component: Renesas::Flex Software:Build Configuration
      Include file:  ra_cfg/fsp_cfg/bsp/bsp_mcu_ofs_cfg.h
      Include file:  ra_cfg/fsp_cfg/bsp/bsp_mcu_family_cfg.h
      Include file:  ra_cfg/fsp_cfg/r_dtc_cfg.h
      Include file:  ra_cfg/fsp_cfg/bsp/bsp_cfg.h
      Include file:  ra_cfg/fsp_cfg/r_gpt_cfg.h
      Include file:  ra_cfg/fsp_cfg/r_sci_uart_cfg.h
      Include file:  ra_cfg/fsp_cfg/bsp/bsp_mcu_device_pn_cfg.h
      Include file:  ra_cfg/fsp_cfg/bsp/bsp_pin_cfg.h
      Include file:  ra_cfg/fsp_cfg/bsp/bsp_mcu_device_cfg.h
      Include file:  ra_cfg/fsp_cfg/r_ioport_cfg.h
      Include file:  ra_cfg/fsp_cfg/r_adc_cfg.h
      Include file:  ra_cfg/aws/FreeRTOSConfig.h
      Include file:  ra_cfg/fsp_cfg/bsp/board_cfg.h

   * Component: Renesas::Flex Software:Components:ra
      Include file:  ra/arm/CMSIS_6/CMSIS/Core/Include/a-profile/cmsis_clang_a.h
      Include file:  ra/arm/CMSIS_6/CMSIS/Core/Include/a-profile/cmsis_cp15.h
      Include file:  ra/arm/CMSIS_6/CMSIS/Core/Include/a-profile/cmsis_gcc_a.h
      Include file:  ra/arm/CMSIS_6/CMSIS/Core/Include/a-profile/cmsis_armclang_a.h
      Include file:  ra/arm/CMSIS_6/CMSIS/Core/Include/a-profile/cmsis_iccarm_a.h
      Include file:  ra/arm/CMSIS_6/CMSIS/Core/Include/a-profile/irq_ctrl.h
      Include file:  ra/arm/CMSIS_6/CMSIS/Core/Include/core_cm4.h
      Include file:  ra/arm/CMSIS_6/CMSIS/Core/Include/core_starmc1.h
      Include file:  ra/arm/CMSIS_6/CMSIS/Core/Include/core_cm52.h
      Include file:  ra/arm/CMSIS_6/CMSIS/Core/Include/core_cm1.h
      Include file:  ra/arm/CMSIS_6/CMSIS/Core/Include/cmsis_compiler.h
      Include file:  ra/arm/CMSIS_6/CMSIS/Core/Include/core_cm35p.h
      Include file:  ra/arm/CMSIS_6/CMSIS/Core/Include/m-profile/armv81m_pac.h
      Include file:  ra/arm/CMSIS_6/CMSIS/Core/Include/cmsis_clang.h
      Include file:  ra/arm/CMSIS_6/CMSIS/Core/Include/cmsis_version.h
      Include file:  ra/arm/CMSIS_6/CMSIS/Core/Include/core_cm23.h
      Include file:  ra/arm/CMSIS_6/CMSIS/Core/Include/core_sc000.h
      Include file:  ra/arm/CMSIS_6/CMSIS/Core/Include/core_sc300.h
      Include file:  ra/arm/CMSIS_6/CMSIS/Core/Include/m-profile/armv8m_mpu.h
      Include file:  ra/arm/CMSIS_6/CMSIS/Core/Include/m-profile/cmsis_clang_m.h
      Include file:  ra/arm/CMSIS_6/CMSIS/Core/Include/core_ca.h
      Include file:  ra/arm/CMSIS_6/CMSIS/Core/Include/core_cm0plus.h
      Include file:  ra/arm/CMSIS_6/CMSIS/Core/Include/cmsis_gcc.h
      Include file:  ra/arm/CMSIS_6/CMSIS/Core/Include/m-profile/armv7m_cachel1.h
      Include file:  ra/arm/CMSIS_6/CMSIS/Core/Include/m-profile/armv8m_pmu.h
      Include file:  ra/arm/CMSIS_6/CMSIS/Core/Include/core_cm3.h
      Include file:  ra/arm/CMSIS_6/CMSIS/Core/Include/core_cm33.h
      Include file:  ra/arm/CMSIS_6/CMSIS/Core/Include/core_cm7.h
      Include file:  ra/arm/CMSIS_6/CMSIS/Core/Include/m-profile/cmsis_armclang_m.h
      Include file:  ra/arm/CMSIS_6/CMSIS/Core/Include/m-profile/cmsis_gcc_m.h
      Include file:  ra/arm/CMSIS_6/CMSIS/Core/Include/m-profile/cmsis_iccarm_m.h
      Include file:  ra/arm/CMSIS_6/CMSIS/Core/Include/core_cm0.h
      Include file:  ra/arm/CMSIS_6/CMSIS/Core/Include/core_cm55.h
      Include file:  ra/arm/CMSIS_6/CMSIS/Core/Include/core_cm85.h
      Include file:  ra/arm/CMSIS_6/CMSIS/Core/Include/cmsis_armclang.h
      Include file:  ra/arm/CMSIS_6/CMSIS/Core/Include/m-profile/cmsis_tiarmclang_m.h
      Include file:  ra/arm/CMSIS_6/CMSIS/Core/Include/r-profile/cmsis_armclang_r.h
      Include file:  ra/arm/CMSIS_6/CMSIS/Core/Include/m-profile/armv7m_mpu.h
      Include file:  ra/aws/FreeRTOS/FreeRTOS/Source/include/message_buffer.h
      Include file:  ra/arm/CMSIS_6/CMSIS/Core/Include/r-profile/cmsis_gcc_r.h
      Include file:  ra/aws/FreeRTOS/FreeRTOS/Source/include/FreeRTOS.h
      Include file:  ra/aws/FreeRTOS/FreeRTOS/Source/include/projdefs.h
      Include file:  ra/aws/FreeRTOS/FreeRTOS/Source/include/semphr.h
      Source file:   ra/aws/FreeRTOS/FreeRTOS/Source/list.c
      Include file:  ra/aws/FreeRTOS/FreeRTOS/Source/include/newlib-freertos.h
      Source file:   ra/aws/FreeRTOS/FreeRTOS/Source/portable/MemMang/heap_4.c
      Include file:  ra/aws/FreeRTOS/FreeRTOS/Source/include/stream_buffer.h
      Source file:   ra/aws/FreeRTOS/FreeRTOS/Source/queue.c
      Include file:  ra/aws/FreeRTOS/FreeRTOS/Source/include/picolibc-freertos.h
      Include file:  ra/aws/FreeRTOS/FreeRTOS/Source/include/portable.h
      Source file:   ra/aws/FreeRTOS/FreeRTOS/Source/stream_buffer.c
      Include file:  ra/aws/FreeRTOS/FreeRTOS/Source/include/atomic.h
      Source file:   ra/aws/FreeRTOS/FreeRTOS/Source/event_groups.c
      Include file:  ra/aws/FreeRTOS/FreeRTOS/Source/include/croutine.h
      Include file:  ra/aws/FreeRTOS/FreeRTOS/Source/include/timers.h
      Include file:  ra/aws/FreeRTOS/FreeRTOS/Source/include/task.h
      Include file:  ra/aws/FreeRTOS/FreeRTOS/Source/include/mpu_prototypes.h
      Include file:  ra/aws/FreeRTOS/FreeRTOS/Source/include/deprecated_definitions.h
      Include file:  ra/aws/FreeRTOS/FreeRTOS/Source/include/queue.h
      Include file:  ra/aws/FreeRTOS/FreeRTOS/Source/include/stack_macros.h
      Source file:   ra/aws/FreeRTOS/FreeRTOS/Source/tasks.c
      Include file:  ra/arm/CMSIS_6/CMSIS/Core/Include/tz_context.h
      Include file:  ra/arm/CMSIS_6/CMSIS/Core/Include/r-profile/cmsis_clang_r.h
      Include file:  ra/aws/FreeRTOS/FreeRTOS/Source/include/event_groups.h
      Include file:  ra/aws/FreeRTOS/FreeRTOS/Source/include/list.h
      Include file:  ra/aws/FreeRTOS/FreeRTOS/Source/include/mpu_wrappers.h
      Source file:   ra/aws/FreeRTOS/FreeRTOS/Source/timers.c
      Source file:   ra/fsp/src/bsp/cmsis/Device/RENESAS/Source/system.c
      Include file:  ra/fsp/inc/api/r_transfer_api.h
      Include file:  ra/fsp/inc/api/bsp_api.h
      Include file:  ra/fsp/inc/fsp_version.h
      Include file:  ra/fsp/inc/instances/r_sci_uart.h
      Include file:  ra/fsp/src/bsp/cmsis/Device/RENESAS/Include/renesas.h
      Source file:   ra/fsp/src/bsp/cmsis/Device/RENESAS/Source/startup.c
      Include file:  ra/fsp/src/bsp/mcu/all/bsp_common.h
      Include file:  ra/fsp/src/bsp/mcu/all/bsp_delay.h
      Include file:  ra/fsp/inc/api/r_ioport_api.h
      Include file:  ra/fsp/inc/api/r_timer_api.h
      Include file:  ra/fsp/inc/instances/r_dtc.h
      Include file:  ra/fsp/src/bsp/mcu/all/bsp_exceptions.h
      Include file:  ra/fsp/inc/instances/r_gpt.h
      Include file:  ra/fsp/inc/instances/r_ioport.h
      Source file:   ra/fsp/src/bsp/mcu/all/bsp_clocks.c
      Include file:  ra/fsp/inc/api/r_uart_api.h
      Include file:  ra/fsp/src/bsp/mcu/all/bsp_compiler_support.h
      Source file:   ra/fsp/src/bsp/mcu/all/bsp_delay.c
      Include file:  ra/fsp/src/bsp/mcu/all/bsp_clocks.h
      Include file:  ra/fsp/inc/api/r_adc_api.h
      Source file:   ra/fsp/src/bsp/mcu/all/bsp_common.c
      Source file:   ra/fsp/src/bsp/mcu/all/bsp_group_irq.c
      Include file:  ra/fsp/src/bsp/cmsis/Device/RENESAS/Include/R7FA6M5BH.h
      Include file:  ra/fsp/src/bsp/mcu/all/bsp_group_irq.h
      Include file:  ra/fsp/inc/api/fsp_common_api.h
      Include file:  ra/fsp/inc/api/r_elc_api.h
      Include file:  ra/fsp/src/bsp/cmsis/Device/RENESAS/Include/system.h
      Source file:   ra/fsp/src/bsp/mcu/all/bsp_guard.c
      Include file:  ra/fsp/inc/instances/r_adc.h
      Include file:  ra/fsp/src/bsp/mcu/all/bsp_guard.h
      Include file:  ra/fsp/inc/fsp_features.h
      Include file:  ra/fsp/src/bsp/mcu/all/bsp_mmf.h
      Include file:  ra/fsp/src/bsp/mcu/all/bsp_macl.h
      Include file:  ra/fsp/src/bsp/mcu/all/bsp_mcu_api.h
      Include file:  ra/fsp/src/bsp/mcu/all/bsp_ospi_b.h
      Source file:   ra/fsp/src/bsp/mcu/all/bsp_sdram.c
      Source file:   ra/fsp/src/bsp/mcu/all/bsp_security.c
      Include file:  ra/fsp/src/bsp/mcu/all/bsp_security.h
      Include file:  ra/fsp/src/bsp/mcu/all/bsp_tfu.h
      Include file:  ra/fsp/src/bsp/mcu/ra6m5/bsp_feature.h
      Source file:   ra/fsp/src/bsp/mcu/all/bsp_irq.c
      Source file:   ra/fsp/src/bsp/mcu/ra6m5/bsp_linker.c
      Include file:  ra/fsp/src/bsp/mcu/all/bsp_module_stop.h
      Source file:   ra/fsp/src/bsp/mcu/all/bsp_ipc.c
      Source file:   ra/fsp/src/bsp/mcu/all/bsp_ospi_b.c
      Source file:   ra/fsp/src/bsp/mcu/all/bsp_register_protection.c
      Source file:   ra/fsp/src/bsp/mcu/all/bsp_sbrk.c
      Include file:  ra/fsp/src/bsp/mcu/all/bsp_sdram.h
      Include file:  ra/fsp/src/bsp/mcu/ra6m5/bsp_mcu_info.h
      Include file:  ra/fsp/src/bsp/mcu/ra6m5/bsp_peripheral.h
      Source file:   ra/fsp/src/rm_freertos_port/port.c
      Include file:  ra/fsp/src/bsp/mcu/all/bsp_register_protection.h
      Include file:  ra/fsp/src/rm_freertos_port/portmacro.h
      Source file:   ra/fsp/src/r_adc/r_adc.c
      Source file:   ra/fsp/src/r_dtc/r_dtc.c
      Source file:   ra/fsp/src/r_gpt/r_gpt.c
      Source file:   ra/fsp/src/bsp/mcu/all/bsp_io.c
      Source file:   ra/fsp/src/bsp/mcu/all/bsp_macl.c
      Include file:  ra/fsp/src/bsp/mcu/ra6m5/bsp_elc.h
      Source file:   ra/fsp/src/r_ioport/r_ioport.c
      Include file:  ra/fsp/src/bsp/mcu/all/bsp_io.h
      Include file:  ra/fsp/src/bsp/mcu/all/bsp_ipc.h
      Include file:  ra/fsp/src/bsp/mcu/all/bsp_irq.h
      Source file:   ra/fsp/src/r_sci_uart/r_sci_uart.c

   * Component: Renesas::Flex Software:Generated Data
      Source file:   ra_gen/Senor_thread.c
      Source file:   ra_gen/vector_data.c
      Include file:  ra_gen/Screen_thread.h
      Source file:   ra_gen/Screen_thread.c
      Include file:  ra_gen/Senor_thread.h
      Include file:  ra_gen/vector_data.h
      Include file:  ra_gen/BLT_thread.h
      Include file:  ra_gen/bsp_clock_cfg.h
      Include file:  ra_gen/hal_data.h
      Source file:   ra_gen/led_thread.c
      Source file:   ra_gen/common_data.c
      Source file:   ra_gen/BLT_thread.c
      Include file:  ra_gen/Control_thread.h
      Include file:  ra_gen/common_data.h
      Include file:  ra_gen/led_thread.h
      Source file:   ra_gen/main.c
      Source file:   ra_gen/Control_thread.c
      Source file:   ra_gen/hal_data.c
      Source file:   ra_gen/pin_data.c

   * Component: Renesas::Flex Software:Linker Script

   * Component: Renesas::Flex Software:RA Configuration@1.0.0
Build Time Elapsed:  00:00:25
</pre>
</body>
</html>
